Component: ARM Compiler 5.06 update 6 (build 750) Tool: armlink [4d35ed]

==============================================================================

Section Cross References

    startup_stm32f407xx.o(RESET) refers to startup_stm32f407xx.o(STACK) for __initial_sp
    startup_stm32f407xx.o(RESET) refers to startup_stm32f407xx.o(.text) for Reset_Handler
    startup_stm32f407xx.o(RESET) refers to stm32f4xx_it.o(i.SysTick_Handler) for SysTick_Handler
    startup_stm32f407xx.o(RESET) refers to stm32f4xx_it.o(i.EXTI1_IRQHandler) for EXTI1_IRQHandler
    startup_stm32f407xx.o(RESET) refers to stm32f4xx_it.o(i.DMA1_Stream2_IRQHandler) for DMA1_Stream2_IRQHandler
    startup_stm32f407xx.o(RESET) refers to stm32f4xx_it.o(i.EXTI9_5_IRQHandler) for EXTI9_5_IRQHandler
    startup_stm32f407xx.o(RESET) refers to stm32f4xx_it.o(i.TIM3_IRQHandler) for TIM3_IRQHandler
    startup_stm32f407xx.o(RESET) refers to stm32f4xx_it.o(i.TIM4_IRQHandler) for TIM4_IRQHandler
    startup_stm32f407xx.o(RESET) refers to stm32f4xx_it.o(i.USART1_IRQHandler) for USART1_IRQHandler
    startup_stm32f407xx.o(RESET) refers to stm32f4xx_it.o(i.USART3_IRQHandler) for USART3_IRQHandler
    startup_stm32f407xx.o(.text) refers to system_stm32f4xx.o(i.SystemInit) for SystemInit
    startup_stm32f407xx.o(.text) refers to entry.o(.ARM.Collect$$$$00000000) for __main
    stm32f4xx_hal_adc.o(i.ADC_DMAConvCplt) refers to stm32f4xx_hal_adc.o(i.HAL_ADC_ConvCpltCallback) for HAL_ADC_ConvCpltCallback
    stm32f4xx_hal_adc.o(i.ADC_DMAConvCplt) refers to stm32f4xx_hal_adc.o(i.HAL_ADC_ErrorCallback) for HAL_ADC_ErrorCallback
    stm32f4xx_hal_adc.o(i.ADC_DMAError) refers to stm32f4xx_hal_adc.o(i.HAL_ADC_ErrorCallback) for HAL_ADC_ErrorCallback
    stm32f4xx_hal_adc.o(i.ADC_DMAHalfConvCplt) refers to stm32f4xx_hal_adc.o(i.HAL_ADC_ConvHalfCpltCallback) for HAL_ADC_ConvHalfCpltCallback
    stm32f4xx_hal_adc.o(i.HAL_ADC_ConfigChannel) refers to system_stm32f4xx.o(.data) for SystemCoreClock
    stm32f4xx_hal_adc.o(i.HAL_ADC_DeInit) refers to stm32f4xx_hal_msp.o(i.HAL_ADC_MspDeInit) for HAL_ADC_MspDeInit
    stm32f4xx_hal_adc.o(i.HAL_ADC_IRQHandler) refers to stm32f4xx_hal_adc.o(i.HAL_ADC_ConvCpltCallback) for HAL_ADC_ConvCpltCallback
    stm32f4xx_hal_adc.o(i.HAL_ADC_IRQHandler) refers to stm32f4xx_hal_adc_ex.o(i.HAL_ADCEx_InjectedConvCpltCallback) for HAL_ADCEx_InjectedConvCpltCallback
    stm32f4xx_hal_adc.o(i.HAL_ADC_IRQHandler) refers to stm32f4xx_hal_adc.o(i.HAL_ADC_LevelOutOfWindowCallback) for HAL_ADC_LevelOutOfWindowCallback
    stm32f4xx_hal_adc.o(i.HAL_ADC_IRQHandler) refers to stm32f4xx_hal_adc.o(i.HAL_ADC_ErrorCallback) for HAL_ADC_ErrorCallback
    stm32f4xx_hal_adc.o(i.HAL_ADC_Init) refers to stm32f4xx_hal_msp.o(i.HAL_ADC_MspInit) for HAL_ADC_MspInit
    stm32f4xx_hal_adc.o(i.HAL_ADC_Init) refers to stm32f4xx_hal_adc.o(i.ADC_Init) for ADC_Init
    stm32f4xx_hal_adc.o(i.HAL_ADC_PollForConversion) refers to stm32f4xx_hal.o(i.HAL_GetTick) for HAL_GetTick
    stm32f4xx_hal_adc.o(i.HAL_ADC_PollForEvent) refers to stm32f4xx_hal.o(i.HAL_GetTick) for HAL_GetTick
    stm32f4xx_hal_adc.o(i.HAL_ADC_Start) refers to system_stm32f4xx.o(.data) for SystemCoreClock
    stm32f4xx_hal_adc.o(i.HAL_ADC_Start_DMA) refers to stm32f4xx_hal_dma.o(i.HAL_DMA_Start_IT) for HAL_DMA_Start_IT
    stm32f4xx_hal_adc.o(i.HAL_ADC_Start_DMA) refers to system_stm32f4xx.o(.data) for SystemCoreClock
    stm32f4xx_hal_adc.o(i.HAL_ADC_Start_DMA) refers to stm32f4xx_hal_adc.o(i.ADC_DMAConvCplt) for ADC_DMAConvCplt
    stm32f4xx_hal_adc.o(i.HAL_ADC_Start_DMA) refers to stm32f4xx_hal_adc.o(i.ADC_DMAHalfConvCplt) for ADC_DMAHalfConvCplt
    stm32f4xx_hal_adc.o(i.HAL_ADC_Start_DMA) refers to stm32f4xx_hal_adc.o(i.ADC_DMAError) for ADC_DMAError
    stm32f4xx_hal_adc.o(i.HAL_ADC_Start_IT) refers to system_stm32f4xx.o(.data) for SystemCoreClock
    stm32f4xx_hal_adc.o(i.HAL_ADC_Stop_DMA) refers to stm32f4xx_hal_dma.o(i.HAL_DMA_Abort) for HAL_DMA_Abort
    stm32f4xx_hal_adc_ex.o(i.ADC_MultiModeDMAConvCplt) refers to stm32f4xx_hal_adc.o(i.HAL_ADC_ConvCpltCallback) for HAL_ADC_ConvCpltCallback
    stm32f4xx_hal_adc_ex.o(i.ADC_MultiModeDMAError) refers to stm32f4xx_hal_adc.o(i.HAL_ADC_ErrorCallback) for HAL_ADC_ErrorCallback
    stm32f4xx_hal_adc_ex.o(i.ADC_MultiModeDMAHalfConvCplt) refers to stm32f4xx_hal_adc.o(i.HAL_ADC_ConvHalfCpltCallback) for HAL_ADC_ConvHalfCpltCallback
    stm32f4xx_hal_adc_ex.o(i.HAL_ADCEx_InjectedPollForConversion) refers to stm32f4xx_hal.o(i.HAL_GetTick) for HAL_GetTick
    stm32f4xx_hal_adc_ex.o(i.HAL_ADCEx_InjectedStart) refers to system_stm32f4xx.o(.data) for SystemCoreClock
    stm32f4xx_hal_adc_ex.o(i.HAL_ADCEx_InjectedStart_IT) refers to system_stm32f4xx.o(.data) for SystemCoreClock
    stm32f4xx_hal_adc_ex.o(i.HAL_ADCEx_MultiModeStart_DMA) refers to stm32f4xx_hal_dma.o(i.HAL_DMA_Start_IT) for HAL_DMA_Start_IT
    stm32f4xx_hal_adc_ex.o(i.HAL_ADCEx_MultiModeStart_DMA) refers to system_stm32f4xx.o(.data) for SystemCoreClock
[...]
    i.HAL_Delay_us                           0x08001702   Section        0  sys.o(i.HAL_Delay_us)
    i.HAL_FSMC_MspInit                       0x08001750   Section        0  stm32f4xx_hal_msp.o(i.HAL_FSMC_MspInit)
    HAL_FSMC_MspInit                         0x08001751   Thumb Code   154  stm32f4xx_hal_msp.o(i.HAL_FSMC_MspInit)
    i.HAL_GPIO_EXTI_Callback                 0x08001800   Section        0  stm32f4xx_it.o(i.HAL_GPIO_EXTI_Callback)
    i.HAL_GPIO_EXTI_IRQHandler               0x0800196c   Section        0  stm32f4xx_hal_gpio.o(i.HAL_GPIO_EXTI_IRQHandler)
    i.HAL_GPIO_Init                          0x08001988   Section        0  stm32f4xx_hal_gpio.o(i.HAL_GPIO_Init)
    i.HAL_GPIO_ReadPin                       0x08001b88   Section        0  stm32f4xx_hal_gpio.o(i.HAL_GPIO_ReadPin)
    i.HAL_GPIO_WritePin                      0x08001b98   Section        0  stm32f4xx_hal_gpio.o(i.HAL_GPIO_WritePin)
    i.HAL_GetTick                            0x08001ba4   Section        0  stm32f4xx_hal.o(i.HAL_GetTick)
    i.HAL_I2C_Init                           0x08001bb0   Section        0  stm32f4xx_hal_i2c.o(i.HAL_I2C_Init)
    i.HAL_I2C_Mem_Write                      0x08001d68   Section        0  stm32f4xx_hal_i2c.o(i.HAL_I2C_Mem_Write)
    i.HAL_I2C_MspInit                        0x08001ecc   Section        0  stm32f4xx_hal_msp.o(i.HAL_I2C_MspInit)
    i.HAL_IncTick                            0x08001fd8   Section        0  stm32f4xx_hal.o(i.HAL_IncTick)
    i.HAL_Init                               0x08001ff0   Section        0  stm32f4xx_hal.o(i.HAL_Init)
    i.HAL_InitTick                           0x0800202c   Section        0  stm32f4xx_hal.o(i.HAL_InitTick)
    i.HAL_MspInit                            0x08002078   Section        0  stm32f4xx_hal_msp.o(i.HAL_MspInit)
    i.HAL_NVIC_EnableIRQ                     0x080020c8   Section        0  stm32f4xx_hal_cortex.o(i.HAL_NVIC_EnableIRQ)
    i.HAL_NVIC_SetPriority                   0x080020e8   Section        0  stm32f4xx_hal_cortex.o(i.HAL_NVIC_SetPriority)
    i.HAL_NVIC_SetPriorityGrouping           0x08002164   Section        0  stm32f4xx_hal_cortex.o(i.HAL_NVIC_SetPriorityGrouping)
    i.HAL_RCC_ClockConfig                    0x0800218c   Section        0  stm32f4xx_hal_rcc.o(i.HAL_RCC_ClockConfig)
    i.HAL_RCC_GetHCLKFreq                    0x0800230c   Section        0  stm32f4xx_hal_rcc.o(i.HAL_RCC_GetHCLKFreq)
    i.HAL_RCC_GetPCLK1Freq                   0x08002318   Section        0  stm32f4xx_hal_rcc.o(i.HAL_RCC_GetPCLK1Freq)
    i.HAL_RCC_GetPCLK2Freq                   0x08002338   Section        0  stm32f4xx_hal_rcc.o(i.HAL_RCC_GetPCLK2Freq)
    i.HAL_RCC_GetSysClockFreq                0x08002358   Section        0  stm32f4xx_hal_rcc.o(i.HAL_RCC_GetSysClockFreq)
    i.HAL_RCC_OscConfig                      0x08002408   Section        0  stm32f4xx_hal_rcc.o(i.HAL_RCC_OscConfig)
    i.HAL_SPI_Init                           0x08002850   Section        0  stm32f4xx_hal_spi.o(i.HAL_SPI_Init)
    i.HAL_SPI_MspInit                        0x080028dc   Section        0  stm32f4xx_hal_msp.o(i.HAL_SPI_MspInit)
    i.HAL_SPI_Transmit                       0x08002964   Section        0  stm32f4xx_hal_spi.o(i.HAL_SPI_Transmit)
    i.HAL_SRAM_Init                          0x08002b06   Section        0  stm32f4xx_hal_sram.o(i.HAL_SRAM_Init)
    i.HAL_SRAM_MspInit                       0x08002b5e   Section        0  stm32f4xx_hal_msp.o(i.HAL_SRAM_MspInit)
    i.HAL_SYSTICK_Config                     0x08002b68   Section        0  stm32f4xx_hal_cortex.o(i.HAL_SYSTICK_Config)
    i.HAL_TIMEx_BreakCallback                0x08002b9c   Section        0  stm32f4xx_hal_tim_ex.o(i.HAL_TIMEx_BreakCallback)
    i.HAL_TIMEx_CommutCallback               0x08002b9e   Section        0  stm32f4xx_hal_tim_ex.o(i.HAL_TIMEx_CommutCallback)
    i.HAL_TIMEx_ConfigBreakDeadTime          0x08002ba0   Section        0  stm32f4xx_hal_tim_ex.o(i.HAL_TIMEx_ConfigBreakDeadTime)
    i.HAL_TIMEx_MasterConfigSynchronization  0x08002c14   Section        0  stm32f4xx_hal_tim_ex.o(i.HAL_TIMEx_MasterConfigSynchronization)
    i.HAL_TIM_Base_Init                      0x08002c68   Section        0  stm32f4xx_hal_tim.o(i.HAL_TIM_Base_Init)
    i.HAL_TIM_Base_MspInit                   0x08002c9c   Section        0  stm32f4xx_hal_msp.o(i.HAL_TIM_Base_MspInit)
    i.HAL_TIM_Base_Start_IT                  0x08002d54   Section        0  stm32f4xx_hal_tim.o(i.HAL_TIM_Base_Start_IT)
    i.HAL_TIM_ConfigClockSource              0x08002d7e   Section        0  stm32f4xx_hal_tim.o(i.HAL_TIM_ConfigClockSource)
    i.HAL_TIM_IC_CaptureCallback             0x08002e86   Section        0  stm32f4xx_hal_tim.o(i.HAL_TIM_IC_CaptureCallback)
    i.HAL_TIM_IRQHandler                     0x08002e88   Section        0  stm32f4xx_hal_tim.o(i.HAL_TIM_IRQHandler)
    i.HAL_TIM_MspPostInit                    0x08003020   Section        0  stm32f4xx_hal_msp.o(i.HAL_TIM_MspPostInit)
    i.HAL_TIM_OC_DelayElapsedCallback        0x08003084   Section        0  stm32f4xx_hal_tim.o(i.HAL_TIM_OC_DelayElapsedCallback)
    i.HAL_TIM_PWM_ConfigChannel              0x08003086   Section        0  stm32f4xx_hal_tim.o(i.HAL_TIM_PWM_ConfigChannel)
    i.HAL_TIM_PWM_Init                       0x0800318e   Section        0  stm32f4xx_hal_tim.o(i.HAL_TIM_PWM_Init)
    i.HAL_TIM_PWM_MspInit                    0x080031c2   Section        0  stm32f4xx_hal_tim.o(i.HAL_TIM_PWM_MspInit)
    i.HAL_TIM_PWM_PulseFinishedCallback      0x080031c4   Section        0  stm32f4xx_hal_tim.o(i.HAL_TIM_PWM_PulseFinishedCallback)
    i.HAL_TIM_PWM_Start                      0x080031c8   Section        0  stm32f4xx_hal_tim.o(i.HAL_TIM_PWM_Start)
    i.HAL_TIM_PeriodElapsedCallback          0x08003220   Section        0  stm32f4xx_hal_tim.o(i.HAL_TIM_PeriodElapsedCallback)
    i.HAL_TIM_TriggerCallback                0x08003222   Section        0  stm32f4xx_hal_tim.o(i.HAL_TIM_TriggerCallback)
    i.HAL_UART_ErrorCallback                 0x08003224   Section        0  stm32f4xx_hal_uart.o(i.HAL_UART_ErrorCallback)
    i.HAL_UART_IRQHandler                    0x08003228   Section        0  stm32f4xx_hal_uart.o(i.HAL_UART_IRQHandler)
    i.HAL_UART_Init                          0x08003374   Section        0  stm32f4xx_hal_uart.o(i.HAL_UART_Init)
    i.HAL_UART_MspInit                       0x080033e8   Section        0  stm32f4xx_hal_msp.o(i.HAL_UART_MspInit)
    i.HAL_UART_Receive_IT                    0x08003508   Section        0  stm32f4xx_hal_uart.o(i.HAL_UART_Receive_IT)
    i.HAL_UART_RxCpltCallback                0x08003578   Section        0  stm32f4xx_it.o(i.HAL_UART_RxCpltCallback)
    i.HAL_UART_Transmit                      0x08003ac4   Section        0  stm32f4xx_hal_uart.o(i.HAL_UART_Transmit)
    i.HAL_UART_TxCpltCallback                0x08003b9a   Section        0  stm32f4xx_hal_uart.o(i.HAL_UART_TxCpltCallback)
    i.I2C_IsAcknowledgeFailed                0x08003b9c   Section        0  stm32f4xx_hal_i2c.o(i.I2C_IsAcknowledgeFailed)
    I2C_IsAcknowledgeFailed                  0x08003b9d   Thumb Code    62  stm32f4xx_hal_i2c.o(i.I2C_IsAcknowledgeFailed)
    i.I2C_RequestMemoryWrite                 0x08003bdc   Section        0  stm32f4xx_hal_i2c.o(i.I2C_RequestMemoryWrite)
    I2C_RequestMemoryWrite                   0x08003bdd   Thumb Code   200  stm32f4xx_hal_i2c.o(i.I2C_RequestMemoryWrite)
    i.I2C_WaitOnBTFFlagUntilTimeout          0x08003ca8   Section        0  stm32f4xx_hal_i2c.o(i.I2C_WaitOnBTFFlagUntilTimeout)
    I2C_WaitOnBTFFlagUntilTimeout            0x08003ca9   Thumb Code    92  stm32f4xx_hal_i2c.o(i.I2C_WaitOnBTFFlagUntilTimeout)
    i.I2C_WaitOnFlagUntilTimeout             0x08003d04   Section        0  stm32f4xx_hal_i2c.o(i.I2C_WaitOnFlagUntilTimeout)
    I2C_WaitOnFlagUntilTimeout               0x08003d05   Thumb Code   134  stm32f4xx_hal_i2c.o(i.I2C_WaitOnFlagUntilTimeout)
    i.I2C_WaitOnMasterAddressFlagUntilTimeout 0x08003d8a   Section        0  stm32f4xx_hal_i2c.o(i.I2C_WaitOnMasterAddressFlagUntilTimeout)
    I2C_WaitOnMasterAddressFlagUntilTimeout  0x08003d8b   Thumb Code   196  stm32f4xx_hal_i2c.o(i.I2C_WaitOnMasterAddressFlagUntilTimeout)
    i.I2C_WaitOnTXEFlagUntilTimeout          0x08003e4e   Section        0  stm32f4xx_hal_i2c.o(i.I2C_WaitOnTXEFlagUntilTimeout)
    I2C_WaitOnTXEFlagUntilTimeout            0x08003e4f   Thumb Code    92  stm32f4xx_hal_i2c.o(i.I2C_WaitOnTXEFlagUntilTimeout)
    i.MX_ADC1_Init                           0x08003eac   Section        0  main.o(i.MX_ADC1_Init)
    MX_ADC1_Init                             0x08003ead   Thumb Code   100  main.o(i.MX_ADC1_Init)
    i.MX_DMA_Init                            0x08003f1c   Section        0  main.o(i.MX_DMA_Init)
    MX_DMA_Init                              0x08003f1d   Thumb Code    68  main.o(i.MX_DMA_Init)
    i.MX_FSMC_Init                           0x08003f64   Section        0  main.o(i.MX_FSMC_Init)
    MX_FSMC_Init                             0x08003f65   Thumb Code   108  main.o(i.MX_FSMC_Init)
    i.MX_GPIO_Init                           0x08003fd8   Section        0  main.o(i.MX_GPIO_Init)
    MX_GPIO_Init                             0x08003fd9   Thumb Code   598  main.o(i.MX_GPIO_Init)
    i.MX_I2C2_Init                           0x0800424c   Section        0  main.o(i.MX_I2C2_Init)
    MX_I2C2_Init                             0x0800424d   Thumb Code    48  main.o(i.MX_I2C2_Init)
    i.MX_SPI1_Init                           0x08004288   Section        0  main.o(i.MX_SPI1_Init)
    MX_SPI1_Init                             0x08004289   Thumb Code    64  main.o(i.MX_SPI1_Init)
    i.MX_TIM1_Init                           0x080042d0   Section        0  main.o(i.MX_TIM1_Init)
    MX_TIM1_Init                             0x080042d1   Thumb Code   206  main.o(i.MX_TIM1_Init)
    i.MX_TIM3_Init                           0x080043a8   Section        0  main.o(i.MX_TIM3_Init)
    MX_TIM3_Init                             0x080043a9   Thumb Code    98  main.o(i.MX_TIM3_Init)
    i.MX_TIM4_Init                           0x08004414   Section        0  main.o(i.MX_TIM4_Init)
    MX_TIM4_Init                             0x08004415   Thumb Code    98  main.o(i.MX_TIM4_Init)
    i.MX_USART1_UART_Init                    0x08004480   Section        0  main.o(i.MX_USART1_UART_Init)
    MX_USART1_UART_Init                      0x08004481   Thumb Code    50  main.o(i.MX_USART1_UART_Init)
    i.MX_USART3_UART_Init                    0x080044bc   Section        0  main.o(i.MX_USART3_UART_Init)
    MX_USART3_UART_Init                      0x080044bd   Thumb Code    50  main.o(i.MX_USART3_UART_Init)
    i.MakeMessage                            0x080044f8   Section        0  sys.o(i.MakeMessage)
    i.MovingMirrorSpeedUp                    0x08004694   Section        0  pid.o(i.MovingMirrorSpeedUp)
    i.OutputDrive                            0x08004704   Section        0  pid.o(i.OutputDrive)
    i.PIDCalc                                0x080047e0   Section        0  pid.o(i.PIDCalc)
    i.PIDInit                                0x080048cc   Section        0  pid.o(i.PIDInit)
    i.PIDReset                               0x08004cb0   Section        0  pid.o(i.PIDReset)
    i.PIDSpeedCtrl                           0x08004d24   Section        0  pid.o(i.PIDSpeedCtrl)
    i.ResolutionInit                         0x08004db4   Section        0  pid.o(i.ResolutionInit)
    i.SHT_Cal_TH                             0x08004e80   Section        0  shtxx.o(i.SHT_Cal_TH)
    i.SHT_Mea_TH                             0x08004f90   Section        0  shtxx.o(i.SHT_Mea_TH)
    i.SHT_Rea_Byte                           0x08005030   Section        0  shtxx.o(i.SHT_Rea_Byte)
    i.SHT_Tra_Sta                            0x080050e8   Section        0  shtxx.o(i.SHT_Tra_Sta)
    i.SHT_Wri_Byte                           0x08005174   Section        0  shtxx.o(i.SHT_Wri_Byte)
    i.SPI_EndRxTxTransaction                 0x08005218   Section        0  stm32f4xx_hal_spi.o(i.SPI_EndRxTxTransaction)
    SPI_EndRxTxTransaction                   0x08005219   Thumb Code   100  stm32f4xx_hal_spi.o(i.SPI_EndRxTxTransaction)
    i.SPI_WaitFlagStateUntilTimeout          0x08005284   Section        0  stm32f4xx_hal_spi.o(i.SPI_WaitFlagStateUntilTimeout)
    SPI_WaitFlagStateUntilTimeout            0x08005285   Thumb Code   168  stm32f4xx_hal_spi.o(i.SPI_WaitFlagStateUntilTimeout)
    i.SetDataIn                              0x0800532c   Section        0  shtxx.o(i.SetDataIn)
    i.SetDataOut                             0x08005348   Section        0  shtxx.o(i.SetDataOut)
    i.SetOutput                              0x08005364   Section        0  sys.o(i.SetOutput)
    i.ShtMeasure                             0x08005378   Section        0  shtxx.o(i.ShtMeasure)
    i.SysTick_Handler                        0x080053f2   Section        0  stm32f4xx_it.o(i.SysTick_Handler)
    i.SystemClock_Config                     0x080053fc   Section        0  main.o(i.SystemClock_Config)
    i.SystemInit                             0x080054b0   Section        0  system_stm32f4xx.o(i.SystemInit)
    i.SystemReset                            0x08005514   Section        0  sys.o(i.SystemReset)
    i.TIM3_IRQHandler                        0x080055b0   Section        0  stm32f4xx_it.o(i.TIM3_IRQHandler)
    i.TIM4_IRQHandler                        0x08005a18   Section        0  stm32f4xx_it.o(i.TIM4_IRQHandler)
    i.TIM_Base_SetConfig                     0x0800624c   Section        0  stm32f4xx_hal_tim.o(i.TIM_Base_SetConfig)
    i.TIM_CCxChannelCmd                      0x08006324   Section        0  stm32f4xx_hal_tim.o(i.TIM_CCxChannelCmd)
    i.TIM_ETR_SetConfig                      0x08006346   Section        0  stm32f4xx_hal_tim.o(i.TIM_ETR_SetConfig)
    i.TIM_ITRx_SetConfig                     0x0800635c   Section        0  stm32f4xx_hal_tim.o(i.TIM_ITRx_SetConfig)
    TIM_ITRx_SetConfig                       0x0800635d   Thumb Code    18  stm32f4xx_hal_tim.o(i.TIM_ITRx_SetConfig)
    i.TIM_OC1_SetConfig                      0x08006370   Section        0  stm32f4xx_hal_tim.o(i.TIM_OC1_SetConfig)
    TIM_OC1_SetConfig                        0x08006371   Thumb Code   104  stm32f4xx_hal_tim.o(i.TIM_OC1_SetConfig)
    i.TIM_OC2_SetConfig                      0x080063e0   Section        0  stm32f4xx_hal_tim.o(i.TIM_OC2_SetConfig)
    i.TIM_OC3_SetConfig                      0x0800645c   Section        0  stm32f4xx_hal_tim.o(i.TIM_OC3_SetConfig)
    TIM_OC3_SetConfig                        0x0800645d   Thumb Code   112  stm32f4xx_hal_tim.o(i.TIM_OC3_SetConfig)
    i.TIM_OC4_SetConfig                      0x080064d4   Section        0  stm32f4xx_hal_tim.o(i.TIM_OC4_SetConfig)
    TIM_OC4_SetConfig                        0x080064d5   Thumb Code    74  stm32f4xx_hal_tim.o(i.TIM_OC4_SetConfig)
    i.TIM_TI1_ConfigInputStage               0x08006528   Section        0  stm32f4xx_hal_tim.o(i.TIM_TI1_ConfigInputStage)
    TIM_TI1_ConfigInputStage                 0x08006529   Thumb Code    38  stm32f4xx_hal_tim.o(i.TIM_TI1_ConfigInputStage)
    i.TIM_TI2_ConfigInputStage               0x0800654e   Section        0  stm32f4xx_hal_tim.o(i.TIM_TI2_ConfigInputStage)
    TIM_TI2_ConfigInputStage                 0x0800654f   Thumb Code    40  stm32f4xx_hal_tim.o(i.TIM_TI2_ConfigInputStage)
    i.UART_DMAAbortOnError                   0x08006576   Section        0  stm32f4xx_hal_uart.o(i.UART_DMAAbortOnError)
    UART_DMAAbortOnError                     0x08006577   Thumb Code    20  stm32f4xx_hal_uart.o(i.UART_DMAAbortOnError)
    i.UART_EndRxTransfer                     0x0800658a   Section        0  stm32f4xx_hal_uart.o(i.UART_EndRxTransfer)
    UART_EndRxTransfer                       0x0800658b   Thumb Code    32  stm32f4xx_hal_uart.o(i.UART_EndRxTransfer)
    i.UART_EndTransmit_IT                    0x080065aa   Section        0  stm32f4xx_hal_uart.o(i.UART_EndTransmit_IT)
    UART_EndTransmit_IT                      0x080065ab   Thumb Code    32  stm32f4xx_hal_uart.o(i.UART_EndTransmit_IT)
    i.UART_Receive_IT                        0x080065ca   Section        0  stm32f4xx_hal_uart.o(i.UART_Receive_IT)
    UART_Receive_IT                          0x080065cb   Thumb Code   166  stm32f4xx_hal_uart.o(i.UART_Receive_IT)
    i.UART_SetConfig                         0x08006670   Section        0  stm32f4xx_hal_uart.o(i.UART_SetConfig)
    UART_SetConfig                           0x08006671   Thumb Code   864  stm32f4xx_hal_uart.o(i.UART_SetConfig)
    i.UART_Transmit_IT                       0x080069d8   Section        0  stm32f4xx_hal_uart.o(i.UART_Transmit_IT)
    UART_Transmit_IT                         0x080069d9   Thumb Code   104  stm32f4xx_hal_uart.o(i.UART_Transmit_IT)
    i.UART_WaitOnFlagUntilTimeout            0x08006a40   Section        0  stm32f4xx_hal_uart.o(i.UART_WaitOnFlagUntilTimeout)
    UART_WaitOnFlagUntilTimeout              0x08006a41   Thumb Code   108  stm32f4xx_hal_uart.o(i.UART_WaitOnFlagUntilTimeout)
    i.USART1_IRQHandler                      0x08006aac   Section        0  stm32f4xx_it.o(i.USART1_IRQHandler)
    i.USART3_IRQHandler                      0x08006abc   Section        0  stm32f4xx_it.o(i.USART3_IRQHandler)
    i.Write_AD_5791                          0x08006acc   Section        0  da.o(i.Write_AD_5791)
    i.__0sprintf                             0x08006b1c   Section        0  printfa.o(i.__0sprintf)
    i.__NVIC_GetPriorityGrouping             0x08006b44   Section        0  stm32f4xx_hal_cortex.o(i.__NVIC_GetPriorityGrouping)
    __NVIC_GetPriorityGrouping               0x08006b45   Thumb Code    10  stm32f4xx_hal_cortex.o(i.__NVIC_GetPriorityGrouping)
    i.__NVIC_SetPriority                     0x08006b54   Section        0  stm32f4xx_hal_cortex.o(i.__NVIC_SetPriority)
    __NVIC_SetPriority                       0x08006b55   Thumb Code    32  stm32f4xx_hal_cortex.o(i.__NVIC_SetPriority)
    i.__hardfp_sqrtf                         0x08006b7c   Section        0  sqrtf.o(i.__hardfp_sqrtf)
    i.__scatterload_copy                     0x08006bb6   Section       14  handlers.o(i.__scatterload_copy)
    i.__scatterload_null                     0x08006bc4   Section        2  handlers.o(i.__scatterload_null)
    i.__scatterload_zeroinit                 0x08006bc6   Section       14  handlers.o(i.__scatterload_zeroinit)
    i.__set_errno                            0x08006bd4   Section        0  errno.o(i.__set_errno)
    i._fp_digits                             0x08006be0   Section        0  printfa.o(i._fp_digits)
    _fp_digits                               0x08006be1   Thumb Code   366  printfa.o(i._fp_digits)
    i._printf_core                           0x08006d64   Section        0  printfa.o(i._printf_core)
    _printf_core                             0x08006d65   Thumb Code  1744  printfa.o(i._printf_core)
    i._printf_post_padding                   0x08007440   Section        0  printfa.o(i._printf_post_padding)
    _printf_post_padding                     0x08007441   Thumb Code    36  printfa.o(i._printf_post_padding)
    i._printf_pre_padding                    0x08007464   Section        0  printfa.o(i._printf_pre_padding)
    _printf_pre_padding                      0x08007465   Thumb Code    46  printfa.o(i._printf_pre_padding)
    i._sputc                                 0x08007492   Section        0  printfa.o(i._sputc)
    _sputc                                   0x08007493   Thumb Code    10  printfa.o(i._sputc)
    i.main                                   0x0800749c   Section        0  main.o(i.main)
    i.preStartMove                           0x08007540   Section        0  pid.o(i.preStartMove)
    .constdata                               0x08007558   Section        8  stm32f4xx_hal_dma.o(.constdata)
    flagBitshiftOffset                       0x08007558   Data           8  stm32f4xx_hal_dma.o(.constdata)
    .constdata                               0x08007560   Section       24  system_stm32f4xx.o(.constdata)
    .data                                    0x20000000   Section        9  stm32f4xx_hal.o(.data)
    .data                                    0x2000000c   Section      260  sys.o(.data)
    .data                                    0x20000110   Section       80  pid.o(.data)
    .data                                    0x20000160   Section       20  shtxx.o(.data)
    C1                                       0x20000160   Data           4  shtxx.o(.data)
    C2                                       0x20000164   Data           4  shtxx.o(.data)
    C3                                       0x20000168   Data           4  shtxx.o(.data)
    T1                                       0x2000016c   Data           4  shtxx.o(.data)
    T2                                       0x20000170   Data           4  shtxx.o(.data)
    .data                                    0x20000174   Section       17  stm32f4xx_it.o(.data)
    .data                                    0x20000188   Section        8  stm32f4xx_hal_msp.o(.data)
    FSMC_Initialized                         0x20000188   Data           4  stm32f4xx_hal_msp.o(.data)
    FSMC_DeInitialized                       0x2000018c   Data           4  stm32f4xx_hal_msp.o(.data)
    .data                                    0x20000190   Section        4  system_stm32f4xx.o(.data)
    .data                                    0x20000194   Section        4  errno.o(.data)
    _errno                                   0x20000194   Data           4  errno.o(.data)
    .bss                                     0x20000198   Section    32096  sys.o(.bss)
    .bss                                     0x20007ef8   Section      836  main.o(.bss)
    STACK                                    0x20008240   Section     1024  startup_stm32f407xx.o(STACK)

    Global Symbols

    Symbol Name                              Value     Ov Type        Size  Object(Section)

    BuildAttributes$$THM_ISAv4$E$P$D$K$B$S$7EM$VFPi3$EXTD16$VFPS$VFMA$PE$A:L22UL41UL21$X:L11$S22US41US21$IEEE1$IW$USESV6$~STKCKD$USESV7$~SHL$OTIME$ROPI$IEEEJ$EBA8$MICROLIB$REQ8$PRES8$EABIv2 0x00000000   Number         0  anon$$obj.o ABSOLUTE
    __ARM_use_no_argv                        0x00000000   Number         0  main.o ABSOLUTE
    _printf_a                                0x00000000   Number         0  stubs.o ABSOLUTE
    _printf_c                                0x00000000   Number         0  stubs.o ABSOLUTE
    _printf_charcount                        0x00000000   Number         0  stubs.o ABSOLUTE
    _printf_d                                0x00000000   Number         0  stubs.o ABSOLUTE
    _printf_e                                0x00000000   Number         0  stubs.o ABSOLUTE
    _printf_f                                0x00000000   Number         0  stubs.o ABSOLUTE
    _printf_flags                            0x00000000   Number         0  stubs.o ABSOLUTE
    _printf_fp_dec                           0x00000000   Number         0  stubs.o ABSOLUTE
    _printf_fp_hex                           0x00000000   Number         0  stubs.o ABSOLUTE
    _printf_g                                0x00000000   Number         0  stubs.o ABSOLUTE
    _printf_i                                0x00000000   Number         0  stubs.o ABSOLUTE
    _printf_int_dec                          0x00000000   Number         0  stubs.o ABSOLUTE
    _printf_l                                0x00000000   Number         0  stubs.o ABSOLUTE
    _printf_lc                               0x00000000   Number         0  stubs.o ABSOLUTE
    _printf_ll                               0x00000000   Number         0  stubs.o ABSOLUTE
    _printf_lld                              0x00000000   Number         0  stubs.o ABSOLUTE
    _printf_lli                              0x00000000   Number         0  stubs.o ABSOLUTE
    _printf_llo                              0x00000000   Number         0  stubs.o ABSOLUTE
    _printf_llu                              0x00000000   Number         0  stubs.o ABSOLUTE
    _printf_llx                              0x00000000   Number         0  stubs.o ABSOLUTE
    _printf_longlong_dec                     0x00000000   Number         0  stubs.o ABSOLUTE
    _printf_longlong_hex                     0x00000000   Number         0  stubs.o ABSOLUTE
    _printf_longlong_oct                     0x00000000   Number         0  stubs.o ABSOLUTE
    _printf_ls                               0x00000000   Number         0  stubs.o ABSOLUTE
    _printf_mbtowc                           0x00000000   Number         0  stubs.o ABSOLUTE
    _printf_n                                0x00000000   Number         0  stubs.o ABSOLUTE
    _printf_o                                0x00000000   Number         0  stubs.o ABSOLUTE
    _printf_p                                0x00000000   Number         0  stubs.o ABSOLUTE
    _printf_percent                          0x00000000   Number         0  stubs.o ABSOLUTE
    _printf_pre_padding                      0x00000000   Number         0  stubs.o ABSOLUTE
    _printf_return_value                     0x00000000   Number         0  stubs.o ABSOLUTE
    _printf_s                                0x00000000   Number         0  stubs.o ABSOLUTE
    _printf_sizespec                         0x00000000   Number         0  stubs.o ABSOLUTE
    _printf_str                              0x00000000   Number         0  stubs.o ABSOLUTE
    _printf_truncate_signed                  0x00000000   Number         0  stubs.o ABSOLUTE
    _printf_truncate_unsigned                0x00000000   Number         0  stubs.o ABSOLUTE
    _printf_u                                0x00000000   Number         0  stubs.o ABSOLUTE
    _printf_wc                               0x00000000   Number         0  stubs.o ABSOLUTE
    _printf_wctomb                           0x00000000   Number         0  stubs.o ABSOLUTE
    _printf_widthprec                        0x00000000   Number         0  stubs.o ABSOLUTE
    _printf_x                                0x00000000   Number         0  stubs.o ABSOLUTE
    __cpp_initialize__aeabi_                  - Undefined Weak Reference
    __cxa_finalize                            - Undefined Weak Reference
    _clock_init                               - Undefined Weak Reference
    _microlib_exit                            - Undefined Weak Reference
    __Vectors_Size                           0x00000188   Number         0  startup_stm32f407xx.o ABSOLUTE
    __Vectors                                0x08000000   Data           4  startup_stm32f407xx.o(RESET)
    __Vectors_End                            0x08000188   Data           0  startup_stm32f407xx.o(RESET)
    __main                                   0x08000189   Thumb Code     0  entry.o(.ARM.Collect$$$$00000000)
    _main_stk                                0x08000189   Thumb Code     0  entry2.o(.ARM.Collect$$$$00000001)
    _main_scatterload                        0x0800018d   Thumb Code     0  entry5.o(.ARM.Collect$$$$00000004)
    __main_after_scatterload                 0x08000191   Thumb Code     0  entry5.o(.ARM.Collect$$$$00000004)
    _main_clock                              0x08000191   Thumb Code     0  entry7b.o(.ARM.Collect$$$$00000008)
    _main_cpp_init                           0x08000191   Thumb Code     0  entry8b.o(.ARM.Collect$$$$0000000A)
    _main_init                               0x08000191   Thumb Code     0  entry9a.o(.ARM.Collect$$$$0000000B)
    __rt_final_cpp                           0x08000199   Thumb Code     0  entry10a.o(.ARM.Collect$$$$0000000D)
    __rt_final_exit                          0x08000199   Thumb Code     0  entry11a.o(.ARM.Collect$$$$0000000F)
    Reset_Handler                            0x0800019d   Thumb Code     8  startup_stm32f407xx.o(.text)
    NMI_Handler                              0x080001a5   Thumb Code     2  startup_stm32f407xx.o(.text)
    HardFault_Handler                        0x080001a7   Thumb Code     2  startup_stm32f407xx.o(.text)
    MemManage_Handler                        0x080001a9   Thumb Code     2  startup_stm32f407xx.o(.text)
    BusFault_Handler                         0x080001ab   Thumb Code     2  startup_stm32f407xx.o(.text)
    UsageFault_Handler                       0x080001ad   Thumb Code     2  startup_stm32f407xx.o(.text)
    SVC_Handler                              0x080001af   Thumb Code     2  startup_stm32f407xx.o(.text)
    DebugMon_Handler                         0x080001b1   Thumb Code     2  startup_stm32f407xx.o(.text)
    PendSV_Handler                           0x080001b3   Thumb Code     2  startup_stm32f407xx.o(.text)
    ADC_IRQHandler                           0x080001b7   Thumb Code     0  startup_stm32f407xx.o(.text)
    CAN1_RX0_IRQHandler                      0x080001b7   Thumb Code     0  startup_stm32f407xx.o(.text)
    CAN1_RX1_IRQHandler                      0x080001b7   Thumb Code     0  startup_stm32f407xx.o(.text)
    CAN1_SCE_IRQHandler                      0x080001b7   Thumb Code     0  startup_stm32f407xx.o(.text)
    CAN1_TX_IRQHandler                       0x080001b7   Thumb Code     0  startup_stm32f407xx.o(.text)
    CAN2_RX0_IRQHandler                      0x080001b7   Thumb Code     0  startup_stm32f407xx.o(.text)
    CAN2_RX1_IRQHandler                      0x080001b7   Thumb Code     0  startup_stm32f407xx.o(.text)
    CAN2_SCE_IRQHandler                      0x080001b7   Thumb Code     0  startup_stm32f407xx.o(.text)
    CAN2_TX_IRQHandler                       0x080001b7   Thumb Code     0  startup_stm32f407xx.o(.text)
    DCMI_IRQHandler                          0x080001b7   Thumb Code     0  startup_stm32f407xx.o(.text)
    DMA1_Stream0_IRQHandler                  0x080001b7   Thumb Code     0  startup_stm32f407xx.o(.text)
    DMA1_Stream1_IRQHandler                  0x080001b7   Thumb Code     0  startup_stm32f407xx.o(.text)
    DMA1_Stream3_IRQHandler                  0x080001b7   Thumb Code     0  startup_stm32f407xx.o(.text)
    DMA1_Stream4_IRQHandler                  0x080001b7   Thumb Code     0  startup_stm32f407xx.o(.text)
    DMA1_Stream5_IRQHandler                  0x080001b7   Thumb Code     0  startup_stm32f407xx.o(.text)
    DMA1_Stream6_IRQHandler                  0x080001b7   Thumb Code     0  startup_stm32f407xx.o(.text)
    DMA1_Stream7_IRQHandler                  0x080001b7   Thumb Code     0  startup_stm32f407xx.o(.text)
    DMA2_Stream0_IRQHandler                  0x080001b7   Thumb Code     0  startup_stm32f407xx.o(.text)
    DMA2_Stream1_IRQHandler                  0x080001b7   Thumb Code     0  startup_stm32f407xx.o(.text)
    DMA2_Stream2_IRQHandler                  0x080001b7   Thumb Code     0  startup_stm32f407xx.o(.text)
    DMA2_Stream3_IRQHandler                  0x080001b7   Thumb Code     0  startup_stm32f407xx.o(.text)
    DMA2_Stream4_IRQHandler                  0x080001b7   Thumb Code     0  startup_stm32f407xx.o(.text)
    DMA2_Stream5_IRQHandler                  0x080001b7   Thumb Code     0  startup_stm32f407xx.o(.text)
    DMA2_Stream6_IRQHandler                  0x080001b7   Thumb Code     0  startup_stm32f407xx.o(.text)
    DMA2_Stream7_IRQHandler                  0x080001b7   Thumb Code     0  startup_stm32f407xx.o(.text)
    ETH_IRQHandler                           0x080001b7   Thumb Code     0  startup_stm32f407xx.o(.text)
    ETH_WKUP_IRQHandler                      0x080001b7   Thumb Code     0  startup_stm32f407xx.o(.text)
    EXTI0_IRQHandler                         0x080001b7   Thumb Code     0  startup_stm32f407xx.o(.text)
    EXTI15_10_IRQHandler                     0x080001b7   Thumb Code     0  startup_stm32f407xx.o(.text)
    EXTI2_IRQHandler                         0x080001b7   Thumb Code     0  startup_stm32f407xx.o(.text)
    EXTI3_IRQHandler                         0x080001b7   Thumb Code     0  startup_stm32f407xx.o(.text)
    EXTI4_IRQHandler                         0x080001b7   Thumb Code     0  startup_stm32f407xx.o(.text)
    FLASH_IRQHandler                         0x080001b7   Thumb Code     0  startup_stm32f407xx.o(.text)
    FMC_IRQHandler                           0x080001b7   Thumb Code     0  startup_stm32f407xx.o(.text)
    FPU_IRQHandler                           0x080001b7   Thumb Code     0  startup_stm32f407xx.o(.text)
    HASH_RNG_IRQHandler                      0x080001b7   Thumb Code     0  startup_stm32f407xx.o(.text)
    I2C1_ER_IRQHandler                       0x080001b7   Thumb Code     0  startup_stm32f407xx.o(.text)
    I2C1_EV_IRQHandler                       0x080001b7   Thumb Code     0  startup_stm32f407xx.o(.text)
    I2C2_ER_IRQHandler                       0x080001b7   Thumb Code     0  startup_stm32f407xx.o(.text)
    I2C2_EV_IRQHandler                       0x080001b7   Thumb Code     0  startup_stm32f407xx.o(.text)
    I2C3_ER_IRQHandler                       0x080001b7   Thumb Code     0  startup_stm32f407xx.o(.text)
    I2C3_EV_IRQHandler                       0x080001b7   Thumb Code     0  startup_stm32f407xx.o(.text)
    OTG_FS_IRQHandler                        0x080001b7   Thumb Code     0  startup_stm32f407xx.o(.text)
    OTG_FS_WKUP_IRQHandler                   0x080001b7   Thumb Code     0  startup_stm32f407xx.o(.text)
    OTG_HS_EP1_IN_IRQHandler                 0x080001b7   Thumb Code     0  startup_stm32f407xx.o(.text)
    OTG_HS_EP1_OUT_IRQHandler                0x080001b7   Thumb Code     0  startup_stm32f407xx.o(.text)
    OTG_HS_IRQHandler                        0x080001b7   Thumb Code     0  startup_stm32f407xx.o(.text)
    OTG_HS_WKUP_IRQHandler                   0x080001b7   Thumb Code     0  startup_stm32f407xx.o(.text)
    PVD_IRQHandler                           0x080001b7   Thumb Code     0  startup_stm32f407xx.o(.text)
    RCC_IRQHandler                           0x080001b7   Thumb Code     0  startup_stm32f407xx.o(.text)
    RTC_Alarm_IRQHandler                     0x080001b7   Thumb Code     0  startup_stm32f407xx.o(.text)
    RTC_WKUP_IRQHandler                      0x080001b7   Thumb Code     0  startup_stm32f407xx.o(.text)
    SDIO_IRQHandler                          0x080001b7   Thumb Code     0  startup_stm32f407xx.o(.text)
    SPI1_IRQHandler                          0x080001b7   Thumb Code     0  startup_stm32f407xx.o(.text)
    SPI2_IRQHandler                          0x080001b7   Thumb Code     0  startup_stm32f407xx.o(.text)
    SPI3_IRQHandler                          0x080001b7   Thumb Code     0  startup_stm32f407xx.o(.text)
    TAMP_STAMP_IRQHandler                    0x080001b7   Thumb Code     0  startup_stm32f407xx.o(.text)
    TIM1_BRK_TIM9_IRQHandler                 0x080001b7   Thumb Code     0  startup_stm32f407xx.o(.text)
    TIM1_CC_IRQHandler                       0x080001b7   Thumb Code     0  startup_stm32f407xx.o(.text)
    TIM1_TRG_COM_TIM11_IRQHandler            0x080001b7   Thumb Code     0  startup_stm32f407xx.o(.text)
    TIM1_UP_TIM10_IRQHandler                 0x080001b7   Thumb Code     0  startup_stm32f407xx.o(.text)
    TIM2_IRQHandler                          0x080001b7   Thumb Code     0  startup_stm32f407xx.o(.text)
    TIM5_IRQHandler                          0x080001b7   Thumb Code     0  startup_stm32f407xx.o(.text)
    TIM6_DAC_IRQHandler                      0x080001b7   Thumb Code     0  startup_stm32f407xx.o(.text)
    TIM7_IRQHandler                          0x080001b7   Thumb Code     0  startup_stm32f407xx.o(.text)
    TIM8_BRK_TIM12_IRQHandler                0x080001b7   Thumb Code     0  startup_stm32f407xx.o(.text)
    TIM8_CC_IRQHandler                       0x080001b7   Thumb Code     0  startup_stm32f407xx.o(.text)
    TIM8_TRG_COM_TIM14_IRQHandler            0x080001b7   Thumb Code     0  startup_stm32f407xx.o(.text)
    TIM8_UP_TIM13_IRQHandler                 0x080001b7   Thumb Code     0  startup_stm32f407xx.o(.text)
    UART4_IRQHandler                         0x080001b7   Thumb Code     0  startup_stm32f407xx.o(.text)
    UART5_IRQHandler                         0x080001b7   Thumb Code     0  startup_stm32f407xx.o(.text)
    USART2_IRQHandler                        0x080001b7   Thumb Code     0  startup_stm32f407xx.o(.text)
    USART6_IRQHandler                        0x080001b7   Thumb Code     0  startup_stm32f407xx.o(.text)
    WWDG_IRQHandler                          0x080001b7   Thumb Code     0  startup_stm32f407xx.o(.text)
    __aeabi_uldivmod                         0x080001c1   Thumb Code    98  uldiv.o(.text)
    __aeabi_memset                           0x08000223   Thumb Code    14  memseta.o(.text)
    __aeabi_memset4                          0x08000223   Thumb Code     0  memseta.o(.text)
    __aeabi_memset8                          0x08000223   Thumb Code     0  memseta.o(.text)
    __aeabi_memclr                           0x08000231   Thumb Code     4  memseta.o(.text)
    __aeabi_memclr4                          0x08000231   Thumb Code     0  memseta.o(.text)
    __aeabi_memclr8                          0x08000231   Thumb Code     0  memseta.o(.text)
    _memset$wrapper                          0x08000235   Thumb Code    18  memseta.o(.text)
    strlen                                   0x08000247   Thumb Code    14  strlen.o(.text)
    __aeabi_dadd                             0x08000255   Thumb Code   322  dadd.o(.text)
    __aeabi_dsub                             0x08000397   Thumb Code     6  dadd.o(.text)
    __aeabi_drsub                            0x0800039d   Thumb Code     6  dadd.o(.text)
    __aeabi_dmul                             0x080003a3   Thumb Code   228  dmul.o(.text)
    __aeabi_ddiv                             0x08000487   Thumb Code   222  ddiv.o(.text)
    __aeabi_i2d                              0x08000565   Thumb Code    34  dflti.o(.text)
    __aeabi_f2d                              0x08000587   Thumb Code    38  f2d.o(.text)
    __aeabi_cdcmpeq                          0x080005ad   Thumb Code     0  cdcmple.o(.text)
    __aeabi_cdcmple                          0x080005ad   Thumb Code    48  cdcmple.o(.text)
    __aeabi_d2f                              0x080005dd   Thumb Code    56  d2f.o(.text)
    __aeabi_uidiv                            0x08000615   Thumb Code     0  uidiv.o(.text)
    __aeabi_uidivmod                         0x08000615   Thumb Code    44  uidiv.o(.text)
    __aeabi_llsl                             0x08000641   Thumb Code    30  llshl.o(.text)
    _ll_shift_l                              0x08000641   Thumb Code     0  llshl.o(.text)
    __aeabi_llsr                             0x0800065f   Thumb Code    32  llushr.o(.text)
    _ll_ushift_r                             0x0800065f   Thumb Code     0  llushr.o(.text)
    __aeabi_lasr                             0x0800067f   Thumb Code    36  llsshr.o(.text)
    _ll_sshift_r                             0x0800067f   Thumb Code     0  llsshr.o(.text)
    __I$use$fp                               0x080006a3   Thumb Code     0  iusefp.o(.text)
    _float_round                             0x080006a3   Thumb Code    18  fepilogue.o(.text)
    _float_epilogue                          0x080006b5   Thumb Code    92  fepilogue.o(.text)
    _double_round                            0x08000711   Thumb Code    30  depilogue.o(.text)
    _double_epilogue                         0x0800072f   Thumb Code   156  depilogue.o(.text)
    __aeabi_d2ulz                            0x080007cb   Thumb Code    48  dfixul.o(.text)
    __aeabi_cdrcmple                         0x080007fd   Thumb Code    48  cdrcmple.o(.text)
    __scatterload                            0x0800082d   Thumb Code    28  init.o(.text)
    __scatterload_rt2                        0x0800082d   Thumb Code     0  init.o(.text)
    __decompress                             0x08000851   Thumb Code     0  __dczerorl.o(.text)
    __decompress0                            0x08000851   Thumb Code    58  __dczerorl.o(.text)
    AD5245_Write                             0x0800088d   Thumb Code    32  sys.o(i.AD5245_Write)
    CalcOutputK                              0x08000a11   Thumb Code   196  pid.o(i.CalcOutputK)
    DAC_init                                 0x08000ae5   Thumb Code   122  da.o(i.DAC_init)
    DAC_preInit                              0x08000b69   Thumb Code    58  da.o(i.DAC_preInit)
    DMA1_Stream2_IRQHandler                  0x08000bb1   Thumb Code    10  stm32f4xx_it.o(i.DMA1_Stream2_IRQHandler)
    EXTI1_IRQHandler                         0x08000ca1   Thumb Code    56  stm32f4xx_it.o(i.EXTI1_IRQHandler)
    EXTI9_5_IRQHandler                       0x08000cf1   Thumb Code    12  stm32f4xx_it.o(i.EXTI9_5_IRQHandler)
    Error_Handler                            0x08000cfd   Thumb Code     4  main.o(i.Error_Handler)
    FSMC_NORSRAM_Extended_Timing_Init        0x08000d01   Thumb Code    66  stm32f4xx_ll_fsmc.o(i.FSMC_NORSRAM_Extended_Timing_Init)
    FSMC_NORSRAM_Init                        0x08000d49   Thumb Code    88  stm32f4xx_ll_fsmc.o(i.FSMC_NORSRAM_Init)
    FSMC_NORSRAM_Timing_Init                 0x08000da5   Thumb Code    68  stm32f4xx_ll_fsmc.o(i.FSMC_NORSRAM_Timing_Init)
    GetLightStatus                           0x08000de9   Thumb Code   176  sys.o(i.GetLightStatus)
    Get_Adc                                  0x08000ec9   Thumb Code    84  sys.o(i.Get_Adc)
    HAL_ADC_ConfigChannel                    0x08000f21   Thumb Code   380  stm32f4xx_hal_adc.o(i.HAL_ADC_ConfigChannel)
    HAL_ADC_GetValue                         0x080010ad   Thumb Code     8  stm32f4xx_hal_adc.o(i.HAL_ADC_GetValue)
    HAL_ADC_Init                             0x080010b5   Thumb Code   100  stm32f4xx_hal_adc.o(i.HAL_ADC_Init)
    HAL_ADC_MspInit                          0x0800111d   Thumb Code   112  stm32f4xx_hal_msp.o(i.HAL_ADC_MspInit)
    HAL_ADC_PollForConversion                0x08001199   Thumb Code   194  stm32f4xx_hal_adc.o(i.HAL_ADC_PollForConversion)
    HAL_ADC_Start                            0x0800125d   Thumb Code   290  stm32f4xx_hal_adc.o(i.HAL_ADC_Start)
    HAL_DMA_Abort_IT                         0x08001399   Thumb Code    40  stm32f4xx_hal_dma.o(i.HAL_DMA_Abort_IT)
    HAL_DMA_IRQHandler                       0x080013c1   Thumb Code   570  stm32f4xx_hal_dma.o(i.HAL_DMA_IRQHandler)
    HAL_DMA_Init                             0x08001601   Thumb Code   232  stm32f4xx_hal_dma.o(i.HAL_DMA_Init)
    HAL_Delay_ms                             0x080016ed   Thumb Code    22  sys.o(i.HAL_Delay_ms)
    HAL_Delay_us                             0x08001703   Thumb Code    78  sys.o(i.HAL_Delay_us)
    HAL_GPIO_EXTI_Callback                   0x08001801   Thumb Code   278  stm32f4xx_it.o(i.HAL_GPIO_EXTI_Callback)
    HAL_GPIO_EXTI_IRQHandler                 0x0800196d   Thumb Code    24  stm32f4xx_hal_gpio.o(i.HAL_GPIO_EXTI_IRQHandler)
    HAL_GPIO_Init                            0x08001989   Thumb Code   466  stm32f4xx_hal_gpio.o(i.HAL_GPIO_Init)
    HAL_GPIO_ReadPin                         0x08001b89   Thumb Code    16  stm32f4xx_hal_gpio.o(i.HAL_GPIO_ReadPin)
    HAL_GPIO_WritePin                        0x08001b99   Thumb Code    12  stm32f4xx_hal_gpio.o(i.HAL_GPIO_WritePin)
    HAL_GetTick                              0x08001ba5   Thumb Code     6  stm32f4xx_hal.o(i.HAL_GetTick)
    HAL_I2C_Init                             0x08001bb1   Thumb Code   422  stm32f4xx_hal_i2c.o(i.HAL_I2C_Init)
    HAL_I2C_Mem_Write                        0x08001d69   Thumb Code   348  stm32f4xx_hal_i2c.o(i.HAL_I2C_Mem_Write)
    HAL_I2C_MspInit                          0x08001ecd   Thumb Code   244  stm32f4xx_hal_msp.o(i.HAL_I2C_MspInit)
    HAL_IncTick                              0x08001fd9   Thumb Code    16  stm32f4xx_hal.o(i.HAL_IncTick)
    HAL_Init                                 0x08001ff1   Thumb Code    54  stm32f4xx_hal.o(i.HAL_Init)
    HAL_InitTick                             0x0800202d   Thumb Code    64  stm32f4xx_hal.o(i.HAL_InitTick)
    HAL_MspInit                              0x08002079   Thumb Code    74  stm32f4xx_hal_msp.o(i.HAL_MspInit)
    HAL_NVIC_EnableIRQ                       0x080020c9   Thumb Code    32  stm32f4xx_hal_cortex.o(i.HAL_NVIC_EnableIRQ)
    HAL_NVIC_SetPriority                     0x080020e9   Thumb Code   124  stm32f4xx_hal_cortex.o(i.HAL_NVIC_SetPriority)
    HAL_NVIC_SetPriorityGrouping             0x08002165   Thumb Code    32  stm32f4xx_hal_cortex.o(i.HAL_NVIC_SetPriorityGrouping)
    HAL_RCC_ClockConfig                      0x0800218d   Thumb Code   366  stm32f4xx_hal_rcc.o(i.HAL_RCC_ClockConfig)
    HAL_RCC_GetHCLKFreq                      0x0800230d   Thumb Code     6  stm32f4xx_hal_rcc.o(i.HAL_RCC_GetHCLKFreq)
    HAL_RCC_GetPCLK1Freq                     0x08002319   Thumb Code    22  stm32f4xx_hal_rcc.o(i.HAL_RCC_GetPCLK1Freq)
    HAL_RCC_GetPCLK2Freq                     0x08002339   Thumb Code    22  stm32f4xx_hal_rcc.o(i.HAL_RCC_GetPCLK2Freq)
    HAL_RCC_GetSysClockFreq                  0x08002359   Thumb Code   162  stm32f4xx_hal_rcc.o(i.HAL_RCC_GetSysClockFreq)
    HAL_RCC_OscConfig                        0x08002409   Thumb Code  1086  stm32f4xx_hal_rcc.o(i.HAL_RCC_OscConfig)
    HAL_SPI_Init                             0x08002851   Thumb Code   140  stm32f4xx_hal_spi.o(i.HAL_SPI_Init)
    HAL_SPI_MspInit                          0x080028dd   Thumb Code   122  stm32f4xx_hal_msp.o(i.HAL_SPI_MspInit)
    HAL_SPI_Transmit                         0x08002965   Thumb Code   418  stm32f4xx_hal_spi.o(i.HAL_SPI_Transmit)
    HAL_SRAM_Init                            0x08002b07   Thumb Code    88  stm32f4xx_hal_sram.o(i.HAL_SRAM_Init)
    HAL_SRAM_MspInit                         0x08002b5f   Thumb Code    10  stm32f4xx_hal_msp.o(i.HAL_SRAM_MspInit)
    HAL_SYSTICK_Config                       0x08002b69   Thumb Code    52  stm32f4xx_hal_cortex.o(i.HAL_SYSTICK_Config)
    HAL_TIMEx_BreakCallback                  0x08002b9d   Thumb Code     2  stm32f4xx_hal_tim_ex.o(i.HAL_TIMEx_BreakCallback)
    HAL_TIMEx_CommutCallback                 0x08002b9f   Thumb Code     2  stm32f4xx_hal_tim_ex.o(i.HAL_TIMEx_CommutCallback)
    HAL_TIMEx_ConfigBreakDeadTime            0x08002ba1   Thumb Code   116  stm32f4xx_hal_tim_ex.o(i.HAL_TIMEx_ConfigBreakDeadTime)
    HAL_TIMEx_MasterConfigSynchronization    0x08002c15   Thumb Code    84  stm32f4xx_hal_tim_ex.o(i.HAL_TIMEx_MasterConfigSynchronization)
    HAL_TIM_Base_Init                        0x08002c69   Thumb Code    52  stm32f4xx_hal_tim.o(i.HAL_TIM_Base_Init)
    HAL_TIM_Base_MspInit                     0x08002c9d   Thumb Code   168  stm32f4xx_hal_msp.o(i.HAL_TIM_Base_MspInit)
    HAL_TIM_Base_Start_IT                    0x08002d55   Thumb Code    42  stm32f4xx_hal_tim.o(i.HAL_TIM_Base_Start_IT)
    HAL_TIM_ConfigClockSource                0x08002d7f   Thumb Code   264  stm32f4xx_hal_tim.o(i.HAL_TIM_ConfigClockSource)
    HAL_TIM_IC_CaptureCallback               0x08002e87   Thumb Code     2  stm32f4xx_hal_tim.o(i.HAL_TIM_IC_CaptureCallback)
    HAL_TIM_IRQHandler                       0x08002e89   Thumb Code   406  stm32f4xx_hal_tim.o(i.HAL_TIM_IRQHandler)
    HAL_TIM_MspPostInit                      0x08003021   Thumb Code    86  stm32f4xx_hal_msp.o(i.HAL_TIM_MspPostInit)
    HAL_TIM_OC_DelayElapsedCallback          0x08003085   Thumb Code     2  stm32f4xx_hal_tim.o(i.HAL_TIM_OC_DelayElapsedCallback)
    HAL_TIM_PWM_ConfigChannel                0x08003087   Thumb Code   264  stm32f4xx_hal_tim.o(i.HAL_TIM_PWM_ConfigChannel)
    HAL_TIM_PWM_Init                         0x0800318f   Thumb Code    52  stm32f4xx_hal_tim.o(i.HAL_TIM_PWM_Init)
    HAL_TIM_PWM_MspInit                      0x080031c3   Thumb Code     2  stm32f4xx_hal_tim.o(i.HAL_TIM_PWM_MspInit)
    HAL_TIM_PWM_PulseFinishedCallback        0x080031c5   Thumb Code     2  stm32f4xx_hal_tim.o(i.HAL_TIM_PWM_PulseFinishedCallback)
    HAL_TIM_PWM_Start                        0x080031c9   Thumb Code    80  stm32f4xx_hal_tim.o(i.HAL_TIM_PWM_Start)
    HAL_TIM_PeriodElapsedCallback            0x08003221   Thumb Code     2  stm32f4xx_hal_tim.o(i.HAL_TIM_PeriodElapsedCallback)
    HAL_TIM_TriggerCallback                  0x08003223   Thumb Code     2  stm32f4xx_hal_tim.o(i.HAL_TIM_TriggerCallback)
    HAL_UART_ErrorCallback                   0x08003225   Thumb Code     2  stm32f4xx_hal_uart.o(i.HAL_UART_ErrorCallback)
    HAL_UART_IRQHandler                      0x08003229   Thumb Code   328  stm32f4xx_hal_uart.o(i.HAL_UART_IRQHandler)
    HAL_UART_Init                            0x08003375   Thumb Code   114  stm32f4xx_hal_uart.o(i.HAL_UART_Init)
    HAL_UART_MspInit                         0x080033e9   Thumb Code   268  stm32f4xx_hal_msp.o(i.HAL_UART_MspInit)
    HAL_UART_Receive_IT                      0x08003509   Thumb Code   112  stm32f4xx_hal_uart.o(i.HAL_UART_Receive_IT)
    HAL_UART_RxCpltCallback                  0x08003579   Thumb Code  1332  stm32f4xx_it.o(i.HAL_UART_RxCpltCallback)
    HAL_UART_Transmit                        0x08003ac5   Thumb Code   214  stm32f4xx_hal_uart.o(i.HAL_UART_Transmit)
    HAL_UART_TxCpltCallback                  0x08003b9b   Thumb Code     2  stm32f4xx_hal_uart.o(i.HAL_UART_TxCpltCallback)
    MakeMessage                              0x080044f9   Thumb Code   356  sys.o(i.MakeMessage)
    MovingMirrorSpeedUp                      0x08004695   Thumb Code    84  pid.o(i.MovingMirrorSpeedUp)
    OutputDrive                              0x08004705   Thumb Code   186  pid.o(i.OutputDrive)
    PIDCalc                                  0x080047e1   Thumb Code   196  pid.o(i.PIDCalc)
    PIDInit                                  0x080048cd   Thumb Code   906  pid.o(i.PIDInit)
    PIDReset                                 0x08004cb1   Thumb Code    58  pid.o(i.PIDReset)
    PIDSpeedCtrl                             0x08004d25   Thumb Code   124  pid.o(i.PIDSpeedCtrl)
    ResolutionInit                           0x08004db5   Thumb Code   188  pid.o(i.ResolutionInit)
    SHT_Cal_TH                               0x08004e81   Thumb Code   220  shtxx.o(i.SHT_Cal_TH)
    SHT_Mea_TH                               0x08004f91   Thumb Code   150  shtxx.o(i.SHT_Mea_TH)
    SHT_Rea_Byte                             0x08005031   Thumb Code   178  shtxx.o(i.SHT_Rea_Byte)
    SHT_Tra_Sta                              0x080050e9   Thumb Code   136  shtxx.o(i.SHT_Tra_Sta)
    SHT_Wri_Byte                             0x08005175   Thumb Code   160  shtxx.o(i.SHT_Wri_Byte)
    SetDataIn                                0x0800532d   Thumb Code    24  shtxx.o(i.SetDataIn)
    SetDataOut                               0x08005349   Thumb Code    24  shtxx.o(i.SetDataOut)
    SetOutput                                0x08005365   Thumb Code    14  sys.o(i.SetOutput)
    ShtMeasure                               0x08005379   Thumb Code   122  shtxx.o(i.ShtMeasure)
    SysTick_Handler                          0x080053f3   Thumb Code     8  stm32f4xx_it.o(i.SysTick_Handler)
    SystemClock_Config                       0x080053fd   Thumb Code   172  main.o(i.SystemClock_Config)
    SystemInit                               0x080054b1   Thumb Code    82  system_stm32f4xx.o(i.SystemInit)
    SystemReset                              0x08005515   Thumb Code    88  sys.o(i.SystemReset)
    TIM3_IRQHandler                          0x080055b1   Thumb Code   978  stm32f4xx_it.o(i.TIM3_IRQHandler)
    TIM4_IRQHandler                          0x08005a19   Thumb Code  2028  stm32f4xx_it.o(i.TIM4_IRQHandler)
    TIM_Base_SetConfig                       0x0800624d   Thumb Code   170  stm32f4xx_hal_tim.o(i.TIM_Base_SetConfig)
    TIM_CCxChannelCmd                        0x08006325   Thumb Code    34  stm32f4xx_hal_tim.o(i.TIM_CCxChannelCmd)
    TIM_ETR_SetConfig                        0x08006347   Thumb Code    22  stm32f4xx_hal_tim.o(i.TIM_ETR_SetConfig)
    TIM_OC2_SetConfig                        0x080063e1   Thumb Code   114  stm32f4xx_hal_tim.o(i.TIM_OC2_SetConfig)
    USART1_IRQHandler                        0x08006aad   Thumb Code    10  stm32f4xx_it.o(i.USART1_IRQHandler)
    USART3_IRQHandler                        0x08006abd   Thumb Code    10  stm32f4xx_it.o(i.USART3_IRQHandler)
    Write_AD_5791                            0x08006acd   Thumb Code    72  da.o(i.Write_AD_5791)
    __0sprintf                               0x08006b1d   Thumb Code    34  printfa.o(i.__0sprintf)
    __1sprintf                               0x08006b1d   Thumb Code     0  printfa.o(i.__0sprintf)
    __2sprintf                               0x08006b1d   Thumb Code     0  printfa.o(i.__0sprintf)
    __c89sprintf                             0x08006b1d   Thumb Code     0  printfa.o(i.__0sprintf)
    sprintf                                  0x08006b1d   Thumb Code     0  printfa.o(i.__0sprintf)
    __hardfp_sqrtf                           0x08006b7d   Thumb Code    58  sqrtf.o(i.__hardfp_sqrtf)
    __scatterload_copy                       0x08006bb7   Thumb Code    14  handlers.o(i.__scatterload_copy)
    __scatterload_null                       0x08006bc5   Thumb Code     2  handlers.o(i.__scatterload_null)
    __scatterload_zeroinit                   0x08006bc7   Thumb Code    14  handlers.o(i.__scatterload_zeroinit)
    __set_errno                              0x08006bd5   Thumb Code     6  errno.o(i.__set_errno)
    main                                     0x0800749d   Thumb Code   122  main.o(i.main)
    preStartMove                             0x08007541   Thumb Code    20  pid.o(i.preStartMove)
    AHBPrescTable                            0x08007560   Data          16  system_stm32f4xx.o(.constdata)
    APBPrescTable                            0x08007570   Data           8  system_stm32f4xx.o(.constdata)
    Region$$Table$$Base                      0x08007578   Number         0  anon$$obj.o(Region$$Table)
    Region$$Table$$Limit                     0x08007598   Number         0  anon$$obj.o(Region$$Table)
    uwTick                                   0x20000000   Data           4  stm32f4xx_hal.o(.data)
    uwTickPrio                               0x20000004   Data           4  stm32f4xx_hal.o(.data)
    uwTickFreq                               0x20000008   Data           1  stm32f4xx_hal.o(.data)
    SpeedPreset                              0x2000000c   Data           4  sys.o(.data)
    ResolutionPreset                         0x20000010   Data           4  sys.o(.data)
    LightIntensity                           0x20000014   Data           4  sys.o(.data)
    SpeedClass                               0x20000018   Data           4  sys.o(.data)
    ResolutionClass                          0x2000001c   Data           4  sys.o(.data)
    GatherDirection                          0x20000020   Data           4  sys.o(.data)
    DistanceCompensate                       0x20000024   Data           4  sys.o(.data)
    MagneticRevise                           0x20000028   Data           4  sys.o(.data)
    SpeedTarget                              0x2000002c   Data           4  sys.o(.data)
    StartSpeedTarget                         0x20000030   Data           4  sys.o(.data)
    StopSpeedTarget                          0x20000034   Data           4  sys.o(.data)
    ZeroOffset                               0x20000038   Data           2  sys.o(.data)
    GotoLimit                                0x2000003c   Data           4  sys.o(.data)
    AwayLimit                                0x20000040   Data           4  sys.o(.data)
    OutputMax                                0x20000044   Data           4  sys.o(.data)
    StartValue                               0x20000048   Data           2  sys.o(.data)
    LimitCompensation                        0x2000004c   Data           4  sys.o(.data)
    PIDDoor                                  0x20000050   Data           4  sys.o(.data)
    GotoAccRate                              0x20000054   Data           4  sys.o(.data)
    GotoStopRate                             0x20000058   Data           4  sys.o(.data)
    AwayAccRate                              0x2000005c   Data           4  sys.o(.data)
    AwayStopRate                             0x20000060   Data           4  sys.o(.data)
    MirrorSpeed                              0x20000064   Data           4  sys.o(.data)
    PassedDistance                           0x20000068   Data           4  sys.o(.data)
    IsNewPulse                               0x2000006c   Data           1  sys.o(.data)
    IsNewSpeed                               0x2000006d   Data           1  sys.o(.data)
    MoveDirection                            0x2000006e   Data           1  sys.o(.data)
    Motor_Idle                               0x20000070   Data           4  sys.o(.data)
    Light_Idle                               0x20000074   Data           4  sys.o(.data)
    IsNewSpeedForUart                        0x20000078   Data           1  sys.o(.data)
    PasseddistanceRevise                     0x2000007c   Data           4  sys.o(.data)
    PasseddistanceRevisedFlag                0x20000080   Data           4  sys.o(.data)
    ZeroArrived                              0x20000084   Data           4  sys.o(.data)
    ZeroChecked                              0x20000088   Data           4  sys.o(.data)
    Zero                                     0x2000008c   Data           4  sys.o(.data)
    ZeroOutput                               0x20000090   Data           4  sys.o(.data)
    LightVoltage                             0x20000094   Data           4  sys.o(.data)
    LightCurrent                             0x20000098   Data           4  sys.o(.data)
    ZeroCheckTimes                           0x2000009c   Data           4  sys.o(.data)
    ShtError                                 0x200000a0   Data           4  sys.o(.data)
    CmdNum                                   0x200000a4   Data           4  sys.o(.data)
    CmdPos                                   0x200000a8   Data           4  sys.o(.data)
    ShtWatchFlag                             0x200000ac   Data           4  sys.o(.data)
    ProcessFlag                              0x200000b0   Data           1  sys.o(.data)
    ResetCount                               0x200000b4   Data           4  sys.o(.data)
    PIDValue                                 0x200000b8   Data           4  sys.o(.data)
    StartStopCount                           0x200000bc   Data           4  sys.o(.data)
    SleepFlag                                0x200000c0   Data           4  sys.o(.data)
    UARTCount                                0x200000c4   Data           4  sys.o(.data)
    Checkflag                                0x200000c8   Data           1  sys.o(.data)
    UartSendFlag                             0x200000cc   Data           4  sys.o(.data)
    Uart1_Data_buffer                        0x200000d0   Data           6  sys.o(.data)
    Uart1_Data                               0x200000d6   Data           1  sys.o(.data)
    Uart1_Data_length                        0x200000d7   Data           1  sys.o(.data)
    Uart3_Data_buffer                        0x200000d8   Data           6  sys.o(.data)
    Uart3_Data                               0x200000de   Data           1  sys.o(.data)
    Uart3_Data_length                        0x200000df   Data           1  sys.o(.data)
    ADCMeasureCount                          0x200000e0   Data           4  sys.o(.data)
    OverSpeedCount                           0x200000e4   Data           4  sys.o(.data)
    NotPassedZeroTimes                       0x200000e8   Data           4  sys.o(.data)
    NoPulseTimes                             0x200000ec   Data           4  sys.o(.data)
    OverSpeedCheck                           0x200000f0   Data           4  sys.o(.data)
    OverSpeedDoor                            0x200000f4   Data           4  sys.o(.data)
    NoPulseTimesDoor                         0x200000f8   Data           4  sys.o(.data)
    NotPassedZeroDoor                        0x200000fc   Data           4  sys.o(.data)
    newtr                                    0x20000100   Data           4  sys.o(.data)
    newtest                                  0x20000104   Data           4  sys.o(.data)
    stopcount                                0x20000108   Data           4  sys.o(.data)
    watch                                    0x2000010c   Data           4  sys.o(.data)
    watch1                                   0x20000110   Data           4  pid.o(.data)
    watch2                                   0x20000114   Data           4  pid.o(.data)
    watch3                                   0x20000118   Data           4  pid.o(.data)
    watch4                                   0x2000011c   Data           4  pid.o(.data)
    dError                                   0x20000120   Data           4  pid.o(.data)
    Error                                    0x20000124   Data           4  pid.o(.data)
    SubError                                 0x20000128   Data           4  pid.o(.data)
    Total                                    0x2000012c   Data           4  pid.o(.data)
    LastError                                0x20000130   Data           4  pid.o(.data)
    PrevError                                0x20000134   Data           4  pid.o(.data)
    SumError                                 0x20000138   Data           4  pid.o(.data)
    Std                                      0x2000013c   Data           4  pid.o(.data)
    Proportion                               0x20000140   Data           4  pid.o(.data)
    Integral                                 0x20000144   Data           4  pid.o(.data)
    Derivative                               0x20000148   Data           4  pid.o(.data)
    MechanicalZeroOffset                     0x2000014c   Data           4  pid.o(.data)
    Coefficient                              0x20000150   Data           4  pid.o(.data)
    OutValueMax                              0x20000154   Data           4  pid.o(.data)
    Output                                   0x20000158   Data           4  pid.o(.data)
    PIDMax                                   0x2000015c   Data           4  pid.o(.data)
    y                                        0x20000174   Data           4  stm32f4xx_it.o(.data)
    yf                                       0x20000178   Data           4  stm32f4xx_it.o(.data)
    yff                                      0x2000017c   Data           4  stm32f4xx_it.o(.data)
    p                                        0x20000180   Data           4  stm32f4xx_it.o(.data)
    SpeedTransmit                            0x20000184   Data           1  stm32f4xx_it.o(.data)
    SystemCoreClock                          0x20000190   Data           4  system_stm32f4xx.o(.data)
    ReadSpeed                                0x20000198   Data          12  sys.o(.bss)
    humi                                     0x200001a4   Data          16  sys.o(.bss)
    temp                                     0x200001b4   Data          16  sys.o(.bss)
    CmdBuf                                   0x200001c4   Data          10  sys.o(.bss)
    Uart1_Trans_buffer                       0x200001ce   Data          20  sys.o(.bss)
    Uart3_Trans_buffer                       0x200001e2   Data          20  sys.o(.bss)
    speedtestbuffer                          0x200001f8   Data        8000  sys.o(.bss)
    outtestbuffer                            0x20002138   Data        8000  sys.o(.bss)
    outxbuffer                               0x20004078   Data        8000  sys.o(.bss)
    outybuffer                               0x20005fb8   Data        8000  sys.o(.bss)
    hadc1                                    0x20007ef8   Data          72  main.o(.bss)
    hi2c2                                    0x20007f40   Data          84  main.o(.bss)
    hdma_i2c2_rx                             0x20007f94   Data          96  main.o(.bss)
    hdma_i2c2_tx                             0x20007ff4   Data          96  main.o(.bss)
    hspi1                                    0x20008054   Data          88  main.o(.bss)
    htim1                                    0x200080ac   Data          64  main.o(.bss)
    htim3                                    0x200080ec   Data          64  main.o(.bss)
    htim4                                    0x2000812c   Data          64  main.o(.bss)
    huart1                                   0x2000816c   Data          64  main.o(.bss)
    huart3                                   0x200081ac   Data          64  main.o(.bss)
    hsram1                                   0x200081ec   Data          80  main.o(.bss)
    __initial_sp                             0x20008640   Data           0  startup_stm32f407xx.o(STACK)



==============================================================================

Memory Map of the image

  Image Entry point : 0x08000189

  Load Region LR_IROM1 (Base: 0x08000000, Size: 0x00007730, Max: 0x00100000, ABSOLUTE, COMPRESSED[0x000075cc])

    Execution Region ER_IROM1 (Exec base: 0x08000000, Load base: 0x08000000, Size: 0x00007598, Max: 0x00100000, ABSOLUTE)

    Exec Addr    Load Addr    Size         Type   Attr      Idx    E Section Name        Object

    0x08000000   0x08000000   0x00000188   Data   RO            3    RESET               startup_stm32f407xx.o
    0x08000188   0x08000188   0x00000000   Code   RO         4813  * .ARM.Collect$$$$00000000  mc_w.l(entry.o)
    0x08000188   0x08000188   0x00000004   Code   RO         5097    .ARM.Collect$$$$00000001  mc_w.l(entry2.o)
    0x0800018c   0x0800018c   0x00000004   Code   RO         5100    .ARM.Collect$$$$00000004  mc_w.l(entry5.o)
    0x08000190   0x08000190   0x00000000   Code   RO         5102    .ARM.Collect$$$$00000008  mc_w.l(entry7b.o)
    0x08000190   0x08000190   0x00000000   Code   RO         5104    .ARM.Collect$$$$0000000A  mc_w.l(entry8b.o)
    0x08000190   0x08000190   0x00000008   Code   RO         5105    .ARM.Collect$$$$0000000B  mc_w.l(entry9a.o)
    0x08000198   0x08000198   0x00000000   Code   RO         5107    .ARM.Collect$$$$0000000D  mc_w.l(entry10a.o)
    0x08000198   0x08000198   0x00000000   Code   RO         5109    .ARM.Collect$$$$0000000F  mc_w.l(entry11a.o)
    0x08000198   0x08000198   0x00000004   Code   RO         5098    .ARM.Collect$$$$00002712  mc_w.l(entry2.o)
    0x0800019c   0x0800019c   0x00000024   Code   RO            4    .text               startup_stm32f407xx.o
    0x080001c0   0x080001c0   0x00000062   Code   RO         4816    .text               mc_w.l(uldiv.o)
    0x08000222   0x08000222   0x00000024   Code   RO         4818    .text               mc_w.l(memseta.o)
    0x08000246   0x08000246   0x0000000e   Code   RO         4820    .text               mc_w.l(strlen.o)
    0x08000254   0x08000254   0x0000014e   Code   RO         5083    .text               mf_w.l(dadd.o)
    0x080003a2   0x080003a2   0x000000e4   Code   RO         5085    .text               mf_w.l(dmul.o)
    0x08000486   0x08000486   0x000000de   Code   RO         5087    .text               mf_w.l(ddiv.o)
    0x08000564   0x08000564   0x00000022   Code   RO         5089    .text               mf_w.l(dflti.o)
    0x08000586   0x08000586   0x00000026   Code   RO         5091    .text               mf_w.l(f2d.o)
    0x080005ac   0x080005ac   0x00000030   Code   RO         5093    .text               mf_w.l(cdcmple.o)
    0x080005dc   0x080005dc   0x00000038   Code   RO         5095    .text               mf_w.l(d2f.o)
    0x08000614   0x08000614   0x0000002c   Code   RO         5114    .text               mc_w.l(uidiv.o)
    0x08000640   0x08000640   0x0000001e   Code   RO         5116    .text               mc_w.l(llshl.o)
    0x0800065e   0x0800065e   0x00000020   Code   RO         5118    .text               mc_w.l(llushr.o)
    0x0800067e   0x0800067e   0x00000024   Code   RO         5120    .text               mc_w.l(llsshr.o)
    0x080006a2   0x080006a2   0x00000000   Code   RO         5129    .text               mc_w.l(iusefp.o)
    0x080006a2   0x080006a2   0x0000006e   Code   RO         5130    .text               mf_w.l(fepilogue.o)
    0x08000710   0x08000710   0x000000ba   Code   RO         5132    .text               mf_w.l(depilogue.o)
    0x080007ca   0x080007ca   0x00000030   Code   RO         5134    .text               mf_w.l(dfixul.o)
    0x080007fa   0x080007fa   0x00000002   PAD
    0x080007fc   0x080007fc   0x00000030   Code   RO         5136    .text               mf_w.l(cdrcmple.o)
    0x0800082c   0x0800082c   0x00000024   Code   RO         5138    .text               mc_w.l(init.o)
    0x08000850   0x08000850   0x0000003a   Code   RO         5150    .text               mc_w.l(__dczerorl.o)
    0x0800088a   0x0800088a   0x00000002   PAD
    0x0800088c   0x0800088c   0x00000024   Code   RO         3899    i.AD5245_Write      sys.o
    0x080008b0   0x080008b0   0x00000160   Code   RO           16    i.ADC_Init          stm32f4xx_hal_adc.o
    0x08000a10   0x08000a10   0x000000d4   Code   RO         4115    i.CalcOutputK       pid.o
    0x08000ae4   0x08000ae4   0x00000084   Code   RO         4405    i.DAC_init          da.o
    0x08000b68   0x08000b68   0x00000048   Code   RO         4406    i.DAC_preInit       da.o
    0x08000bb0   0x08000bb0   0x00000010   Code   RO         4557    i.DMA1_Stream2_IRQHandler  stm32f4xx_it.o
    0x08000bc0   0x08000bc0   0x00000034   Code   RO         3224    i.DMA_CalcBaseAndBitshift  stm32f4xx_hal_dma.o
    0x08000bf4   0x08000bf4   0x000000aa   Code   RO         3225    i.DMA_CheckFifoParam  stm32f4xx_hal_dma.o
    0x08000c9e   0x08000c9e   0x00000002   PAD
    0x08000ca0   0x08000ca0   0x00000050   Code   RO         4558    i.EXTI1_IRQHandler  stm32f4xx_it.o
    0x08000cf0   0x08000cf0   0x0000000c   Code   RO         4559    i.EXTI9_5_IRQHandler  stm32f4xx_it.o
    0x08000cfc   0x08000cfc   0x00000004   Code   RO         4459    i.Error_Handler     main.o
    0x08000d00   0x08000d00   0x00000048   Code   RO          410    i.FSMC_NORSRAM_Extended_Timing_Init  stm32f4xx_ll_fsmc.o
    0x08000d48   0x08000d48   0x0000005c   Code   RO          411    i.FSMC_NORSRAM_Init  stm32f4xx_ll_fsmc.o
    0x08000da4   0x08000da4   0x00000044   Code   RO          412    i.FSMC_NORSRAM_Timing_Init  stm32f4xx_ll_fsmc.o
    0x08000de8   0x08000de8   0x000000e0   Code   RO         3901    i.GetLightStatus    sys.o
    0x08000ec8   0x08000ec8   0x00000058   Code   RO         3902    i.Get_Adc           sys.o
    0x08000f20   0x08000f20   0x0000018c   Code   RO           18    i.HAL_ADC_ConfigChannel  stm32f4xx_hal_adc.o
    0x080010ac   0x080010ac   0x00000008   Code   RO           25    i.HAL_ADC_GetValue  stm32f4xx_hal_adc.o
    0x080010b4   0x080010b4   0x00000068   Code   RO           27    i.HAL_ADC_Init      stm32f4xx_hal_adc.o
    0x0800111c   0x0800111c   0x0000007c   Code   RO         4650    i.HAL_ADC_MspInit   stm32f4xx_hal_msp.o
    0x08001198   0x08001198   0x000000c2   Code   RO           31    i.HAL_ADC_PollForConversion  stm32f4xx_hal_adc.o
    0x0800125a   0x0800125a   0x00000002   PAD
    0x0800125c   0x0800125c   0x0000013c   Code   RO           33    i.HAL_ADC_Start     stm32f4xx_hal_adc.o
    0x08001398   0x08001398   0x00000028   Code   RO         3228    i.HAL_DMA_Abort_IT  stm32f4xx_hal_dma.o
    0x080013c0   0x080013c0   0x00000240   Code   RO         3232    i.HAL_DMA_IRQHandler  stm32f4xx_hal_dma.o
    0x08001600   0x08001600   0x000000ec   Code   RO         3233    i.HAL_DMA_Init      stm32f4xx_hal_dma.o
    0x080016ec   0x080016ec   0x00000016   Code   RO         3903    i.HAL_Delay_ms      sys.o
    0x08001702   0x08001702   0x0000004e   Code   RO         3904    i.HAL_Delay_us      sys.o
    0x08001750   0x08001750   0x000000b0   Code   RO         4652    i.HAL_FSMC_MspInit  stm32f4xx_hal_msp.o
    0x08001800   0x08001800   0x0000016c   Code   RO         4560    i.HAL_GPIO_EXTI_Callback  stm32f4xx_it.o
    0x0800196c   0x0800196c   0x0000001c   Code   RO         3119    i.HAL_GPIO_EXTI_IRQHandler  stm32f4xx_hal_gpio.o
    0x08001988   0x08001988   0x00000200   Code   RO         3120    i.HAL_GPIO_Init     stm32f4xx_hal_gpio.o
    0x08001b88   0x08001b88   0x00000010   Code   RO         3122    i.HAL_GPIO_ReadPin  stm32f4xx_hal_gpio.o
    0x08001b98   0x08001b98   0x0000000c   Code   RO         3124    i.HAL_GPIO_WritePin  stm32f4xx_hal_gpio.o
    0x08001ba4   0x08001ba4   0x0000000c   Code   RO         3657    i.HAL_GetTick       stm32f4xx_hal.o
    0x08001bb0   0x08001bb0   0x000001b8   Code   RO          659    i.HAL_I2C_Init      stm32f4xx_hal_i2c.o
    0x08001d68   0x08001d68   0x00000164   Code   RO          680    i.HAL_I2C_Mem_Write  stm32f4xx_hal_i2c.o
    0x08001ecc   0x08001ecc   0x0000010c   Code   RO         4654    i.HAL_I2C_MspInit   stm32f4xx_hal_msp.o
    0x08001fd8   0x08001fd8   0x00000018   Code   RO         3663    i.HAL_IncTick       stm32f4xx_hal.o
    0x08001ff0   0x08001ff0   0x0000003c   Code   RO         3664    i.HAL_Init          stm32f4xx_hal.o
    0x0800202c   0x0800202c   0x0000004c   Code   RO         3665    i.HAL_InitTick      stm32f4xx_hal.o
    0x08002078   0x08002078   0x00000050   Code   RO         4655    i.HAL_MspInit       stm32f4xx_hal_msp.o
    0x080020c8   0x080020c8   0x00000020   Code   RO         3509    i.HAL_NVIC_EnableIRQ  stm32f4xx_hal_cortex.o
    0x080020e8   0x080020e8   0x0000007c   Code   RO         3515    i.HAL_NVIC_SetPriority  stm32f4xx_hal_cortex.o
    0x08002164   0x08002164   0x00000028   Code   RO         3516    i.HAL_NVIC_SetPriorityGrouping  stm32f4xx_hal_cortex.o
    0x0800218c   0x0800218c   0x00000180   Code   RO         2721    i.HAL_RCC_ClockConfig  stm32f4xx_hal_rcc.o
    0x0800230c   0x0800230c   0x0000000c   Code   RO         2726    i.HAL_RCC_GetHCLKFreq  stm32f4xx_hal_rcc.o
    0x08002318   0x08002318   0x00000020   Code   RO         2728    i.HAL_RCC_GetPCLK1Freq  stm32f4xx_hal_rcc.o
    0x08002338   0x08002338   0x00000020   Code   RO         2729    i.HAL_RCC_GetPCLK2Freq  stm32f4xx_hal_rcc.o
    0x08002358   0x08002358   0x000000b0   Code   RO         2730    i.HAL_RCC_GetSysClockFreq  stm32f4xx_hal_rcc.o
    0x08002408   0x08002408   0x00000448   Code   RO         2733    i.HAL_RCC_OscConfig  stm32f4xx_hal_rcc.o
    0x08002850   0x08002850   0x0000008c   Code   RO         1139    i.HAL_SPI_Init      stm32f4xx_hal_spi.o
    0x080028dc   0x080028dc   0x00000088   Code   RO         4657    i.HAL_SPI_MspInit   stm32f4xx_hal_msp.o
    0x08002964   0x08002964   0x000001a2   Code   RO         1147    i.HAL_SPI_Transmit  stm32f4xx_hal_spi.o
    0x08002b06   0x08002b06   0x00000058   Code   RO          532    i.HAL_SRAM_Init     stm32f4xx_hal_sram.o
    0x08002b5e   0x08002b5e   0x0000000a   Code   RO         4659    i.HAL_SRAM_MspInit  stm32f4xx_hal_msp.o
    0x08002b68   0x08002b68   0x00000034   Code   RO         3520    i.HAL_SYSTICK_Config  stm32f4xx_hal_cortex.o
    0x08002b9c   0x08002b9c   0x00000002   Code   RO         2138    i.HAL_TIMEx_BreakCallback  stm32f4xx_hal_tim_ex.o
    0x08002b9e   0x08002b9e   0x00000002   Code   RO         2139    i.HAL_TIMEx_CommutCallback  stm32f4xx_hal_tim_ex.o
    0x08002ba0   0x08002ba0   0x00000074   Code   RO         2141    i.HAL_TIMEx_ConfigBreakDeadTime  stm32f4xx_hal_tim_ex.o
    0x08002c14   0x08002c14   0x00000054   Code   RO         2156    i.HAL_TIMEx_MasterConfigSynchronization  stm32f4xx_hal_tim_ex.o
    0x08002c68   0x08002c68   0x00000034   Code   RO         1452    i.HAL_TIM_Base_Init  stm32f4xx_hal_tim.o
    0x08002c9c   0x08002c9c   0x000000b8   Code   RO         4661    i.HAL_TIM_Base_MspInit  stm32f4xx_hal_msp.o
    0x08002d54   0x08002d54   0x0000002a   Code   RO         1457    i.HAL_TIM_Base_Start_IT  stm32f4xx_hal_tim.o
    0x08002d7e   0x08002d7e   0x00000108   Code   RO         1461    i.HAL_TIM_ConfigClockSource  stm32f4xx_hal_tim.o
    0x08002e86   0x08002e86   0x00000002   Code   RO         1481    i.HAL_TIM_IC_CaptureCallback  stm32f4xx_hal_tim.o
    0x08002e88   0x08002e88   0x00000196   Code   RO         1495    i.HAL_TIM_IRQHandler  stm32f4xx_hal_tim.o
    0x0800301e   0x0800301e   0x00000002   PAD
    0x08003020   0x08003020   0x00000064   Code   RO         4662    i.HAL_TIM_MspPostInit  stm32f4xx_hal_msp.o
    0x08003084   0x08003084   0x00000002   Code   RO         1498    i.HAL_TIM_OC_DelayElapsedCallback  stm32f4xx_hal_tim.o
    0x08003086   0x08003086   0x00000108   Code   RO         1519    i.HAL_TIM_PWM_ConfigChannel  stm32f4xx_hal_tim.o
    0x0800318e   0x0800318e   0x00000034   Code   RO         1522    i.HAL_TIM_PWM_Init  stm32f4xx_hal_tim.o
    0x080031c2   0x080031c2   0x00000002   Code   RO         1524    i.HAL_TIM_PWM_MspInit  stm32f4xx_hal_tim.o
    0x080031c4   0x080031c4   0x00000002   Code   RO         1525    i.HAL_TIM_PWM_PulseFinishedCallback  stm32f4xx_hal_tim.o
    0x080031c6   0x080031c6   0x00000002   PAD
    0x080031c8   0x080031c8   0x00000058   Code   RO         1527    i.HAL_TIM_PWM_Start  stm32f4xx_hal_tim.o
    0x08003220   0x08003220   0x00000002   Code   RO         1533    i.HAL_TIM_PeriodElapsedCallback  stm32f4xx_hal_tim.o
    0x08003222   0x08003222   0x00000002   Code   RO         1538    i.HAL_TIM_TriggerCallback  stm32f4xx_hal_tim.o
    0x08003224   0x08003224   0x00000002   Code   RO         2410    i.HAL_UART_ErrorCallback  stm32f4xx_hal_uart.o
    0x08003226   0x08003226   0x00000002   PAD
    0x08003228   0x08003228   0x0000014c   Code   RO         2413    i.HAL_UART_IRQHandler  stm32f4xx_hal_uart.o
    0x08003374   0x08003374   0x00000072   Code   RO         2414    i.HAL_UART_Init     stm32f4xx_hal_uart.o
    0x080033e6   0x080033e6   0x00000002   PAD
    0x080033e8   0x080033e8   0x00000120   Code   RO         4664    i.HAL_UART_MspInit  stm32f4xx_hal_msp.o
    0x08003508   0x08003508   0x00000070   Code   RO         2419    i.HAL_UART_Receive_IT  stm32f4xx_hal_uart.o
    0x08003578   0x08003578   0x0000054c   Code   RO         4561    i.HAL_UART_RxCpltCallback  stm32f4xx_it.o
    0x08003ac4   0x08003ac4   0x000000d6   Code   RO         2422    i.HAL_UART_Transmit  stm32f4xx_hal_uart.o
    0x08003b9a   0x08003b9a   0x00000002   Code   RO         2425    i.HAL_UART_TxCpltCallback  stm32f4xx_hal_uart.o
    0x08003b9c   0x08003b9c   0x0000003e   Code   RO          702    i.I2C_IsAcknowledgeFailed  stm32f4xx_hal_i2c.o
    0x08003bda   0x08003bda   0x00000002   PAD
    0x08003bdc   0x08003bdc   0x000000cc   Code   RO          713    i.I2C_RequestMemoryWrite  stm32f4xx_hal_i2c.o
    0x08003ca8   0x08003ca8   0x0000005c   Code   RO          721    i.I2C_WaitOnBTFFlagUntilTimeout  stm32f4xx_hal_i2c.o
    0x08003d04   0x08003d04   0x00000086   Code   RO          722    i.I2C_WaitOnFlagUntilTimeout  stm32f4xx_hal_i2c.o
    0x08003d8a   0x08003d8a   0x000000c4   Code   RO          723    i.I2C_WaitOnMasterAddressFlagUntilTimeout  stm32f4xx_hal_i2c.o
    0x08003e4e   0x08003e4e   0x0000005c   Code   RO          726    i.I2C_WaitOnTXEFlagUntilTimeout  stm32f4xx_hal_i2c.o
    0x08003eaa   0x08003eaa   0x00000002   PAD
    0x08003eac   0x08003eac   0x00000070   Code   RO         4460    i.MX_ADC1_Init      main.o
    0x08003f1c   0x08003f1c   0x00000048   Code   RO         4461    i.MX_DMA_Init       main.o
    0x08003f64   0x08003f64   0x00000074   Code   RO         4462    i.MX_FSMC_Init      main.o
    0x08003fd8   0x08003fd8   0x00000274   Code   RO         4463    i.MX_GPIO_Init      main.o
    0x0800424c   0x0800424c   0x0000003c   Code   RO         4464    i.MX_I2C2_Init      main.o
    0x08004288   0x08004288   0x00000048   Code   RO         4465    i.MX_SPI1_Init      main.o
    0x080042d0   0x080042d0   0x000000d8   Code   RO         4466    i.MX_TIM1_Init      main.o
    0x080043a8   0x080043a8   0x0000006c   Code   RO         4467    i.MX_TIM3_Init      main.o
    0x08004414   0x08004414   0x0000006c   Code   RO         4468    i.MX_TIM4_Init      main.o
    0x08004480   0x08004480   0x0000003c   Code   RO         4469    i.MX_USART1_UART_Init  main.o
    0x080044bc   0x080044bc   0x0000003c   Code   RO         4470    i.MX_USART3_UART_Init  main.o
    0x080044f8   0x080044f8   0x0000019c   Code   RO         3905    i.MakeMessage       sys.o
    0x08004694   0x08004694   0x00000070   Code   RO         4116    i.MovingMirrorSpeedUp  pid.o
    0x08004704   0x08004704   0x000000dc   Code   RO         4117    i.OutputDrive       pid.o
    0x080047e0   0x080047e0   0x000000ec   Code   RO         4118    i.PIDCalc           pid.o
    0x080048cc   0x080048cc   0x000003e4   Code   RO         4119    i.PIDInit           pid.o
    0x08004cb0   0x08004cb0   0x00000074   Code   RO         4120    i.PIDReset          pid.o
    0x08004d24   0x08004d24   0x00000090   Code   RO         4121    i.PIDSpeedCtrl      pid.o
    0x08004db4   0x08004db4   0x000000cc   Code   RO         4122    i.ResolutionInit    pid.o
    0x08004e80   0x08004e80   0x00000110   Code   RO         4200    i.SHT_Cal_TH        shtxx.o
    0x08004f90   0x08004f90   0x000000a0   Code   RO         4201    i.SHT_Mea_TH        shtxx.o
    0x08005030   0x08005030   0x000000b8   Code   RO         4202    i.SHT_Rea_Byte      shtxx.o
    0x080050e8   0x080050e8   0x0000008c   Code   RO         4205    i.SHT_Tra_Sta       shtxx.o
    0x08005174   0x08005174   0x000000a4   Code   RO         4206    i.SHT_Wri_Byte      shtxx.o
    0x08005218   0x08005218   0x0000006c   Code   RO         1177    i.SPI_EndRxTxTransaction  stm32f4xx_hal_spi.o
    0x08005284   0x08005284   0x000000a8   Code   RO         1182    i.SPI_WaitFlagStateUntilTimeout  stm32f4xx_hal_spi.o
    0x0800532c   0x0800532c   0x0000001c   Code   RO         4207    i.SetDataIn         shtxx.o
    0x08005348   0x08005348   0x0000001c   Code   RO         4208    i.SetDataOut        shtxx.o
    0x08005364   0x08005364   0x00000014   Code   RO         3906    i.SetOutput         sys.o
    0x08005378   0x08005378   0x0000007a   Code   RO         4209    i.ShtMeasure        shtxx.o
    0x080053f2   0x080053f2   0x00000008   Code   RO         4562    i.SysTick_Handler   stm32f4xx_it.o
    0x080053fa   0x080053fa   0x00000002   PAD
    0x080053fc   0x080053fc   0x000000b4   Code   RO         4471    i.SystemClock_Config  main.o
    0x080054b0   0x080054b0   0x00000064   Code   RO         4768    i.SystemInit        system_stm32f4xx.o
    0x08005514   0x08005514   0x0000009c   Code   RO         3907    i.SystemReset       sys.o
    0x080055b0   0x080055b0   0x00000468   Code   RO         4563    i.TIM3_IRQHandler   stm32f4xx_it.o
    0x08005a18   0x08005a18   0x00000834   Code   RO         4564    i.TIM4_IRQHandler   stm32f4xx_it.o
    0x0800624c   0x0800624c   0x000000d8   Code   RO         1540    i.TIM_Base_SetConfig  stm32f4xx_hal_tim.o
    0x08006324   0x08006324   0x00000022   Code   RO         1541    i.TIM_CCxChannelCmd  stm32f4xx_hal_tim.o
    0x08006346   0x08006346   0x00000016   Code   RO         1551    i.TIM_ETR_SetConfig  stm32f4xx_hal_tim.o
    0x0800635c   0x0800635c   0x00000012   Code   RO         1552    i.TIM_ITRx_SetConfig  stm32f4xx_hal_tim.o
    0x0800636e   0x0800636e   0x00000002   PAD
    0x08006370   0x08006370   0x00000070   Code   RO         1553    i.TIM_OC1_SetConfig  stm32f4xx_hal_tim.o
    0x080063e0   0x080063e0   0x0000007c   Code   RO         1554    i.TIM_OC2_SetConfig  stm32f4xx_hal_tim.o
    0x0800645c   0x0800645c   0x00000078   Code   RO         1555    i.TIM_OC3_SetConfig  stm32f4xx_hal_tim.o
    0x080064d4   0x080064d4   0x00000054   Code   RO         1556    i.TIM_OC4_SetConfig  stm32f4xx_hal_tim.o
    0x08006528   0x08006528   0x00000026   Code   RO         1558    i.TIM_TI1_ConfigInputStage  stm32f4xx_hal_tim.o
    0x0800654e   0x0800654e   0x00000028   Code   RO         1560    i.TIM_TI2_ConfigInputStage  stm32f4xx_hal_tim.o
    0x08006576   0x08006576   0x00000014   Code   RO         2427    i.UART_DMAAbortOnError  stm32f4xx_hal_uart.o
    0x0800658a   0x0800658a   0x00000020   Code   RO         2437    i.UART_EndRxTransfer  stm32f4xx_hal_uart.o
    0x080065aa   0x080065aa   0x00000020   Code   RO         2438    i.UART_EndTransmit_IT  stm32f4xx_hal_uart.o
    0x080065ca   0x080065ca   0x000000a6   Code   RO         2440    i.UART_Receive_IT   stm32f4xx_hal_uart.o
    0x08006670   0x08006670   0x00000368   Code   RO         2441    i.UART_SetConfig    stm32f4xx_hal_uart.o
    0x080069d8   0x080069d8   0x00000068   Code   RO         2442    i.UART_Transmit_IT  stm32f4xx_hal_uart.o
    0x08006a40   0x08006a40   0x0000006c   Code   RO         2443    i.UART_WaitOnFlagUntilTimeout  stm32f4xx_hal_uart.o
    0x08006aac   0x08006aac   0x00000010   Code   RO         4565    i.USART1_IRQHandler  stm32f4xx_it.o
    0x08006abc   0x08006abc   0x00000010   Code   RO         4566    i.USART3_IRQHandler  stm32f4xx_it.o
    0x08006acc   0x08006acc   0x00000050   Code   RO         4409    i.Write_AD_5791     da.o
    0x08006b1c   0x08006b1c   0x00000028   Code   RO         5057    i.__0sprintf        mc_w.l(printfa.o)
    0x08006b44   0x08006b44   0x00000010   Code   RO         3522    i.__NVIC_GetPriorityGrouping  stm32f4xx_hal_cortex.o
    0x08006b54   0x08006b54   0x00000028   Code   RO         3523    i.__NVIC_SetPriority  stm32f4xx_hal_cortex.o
    0x08006b7c   0x08006b7c   0x0000003a   Code   RO         4801    i.__hardfp_sqrtf    m_wm.l(sqrtf.o)
    0x08006bb6   0x08006bb6   0x0000000e   Code   RO         5144    i.__scatterload_copy  mc_w.l(handlers.o)
    0x08006bc4   0x08006bc4   0x00000002   Code   RO         5145    i.__scatterload_null  mc_w.l(handlers.o)
    0x08006bc6   0x08006bc6   0x0000000e   Code   RO         5146    i.__scatterload_zeroinit  mc_w.l(handlers.o)
    0x08006bd4   0x08006bd4   0x0000000c   Code   RO         5124    i.__set_errno       mc_w.l(errno.o)
    0x08006be0   0x08006be0   0x00000184   Code   RO         5062    i._fp_digits        mc_w.l(printfa.o)
    0x08006d64   0x08006d64   0x000006dc   Code   RO         5063    i._printf_core      mc_w.l(printfa.o)
    0x08007440   0x08007440   0x00000024   Code   RO         5064    i._printf_post_padding  mc_w.l(printfa.o)
    0x08007464   0x08007464   0x0000002e   Code   RO         5065    i._printf_pre_padding  mc_w.l(printfa.o)
    0x08007492   0x08007492   0x0000000a   Code   RO         5067    i._sputc            mc_w.l(printfa.o)
    0x0800749c   0x0800749c   0x000000a4   Code   RO         4472    i.main              main.o
    0x08007540   0x08007540   0x00000018   Code   RO         4124    i.preStartMove      pid.o
    0x08007558   0x08007558   0x00000008   Data   RO         3239    .constdata          stm32f4xx_hal_dma.o
    0x08007560   0x08007560   0x00000018   Data   RO         4769    .constdata          system_stm32f4xx.o
    0x08007578   0x08007578   0x00000020   Data   RO         5142    Region$$Table       anon$$obj.o


    Execution Region RW_IRAM1 (Exec base: 0x20000000, Load base: 0x08007598, Size: 0x00008640, Max: 0x00020000, ABSOLUTE, COMPRESSED[0x00000034])

    Exec Addr    Load Addr    Size         Type   Attr      Idx    E Section Name        Object

    0x20000000   COMPRESSED   0x00000009   Data   RW         3671    .data               stm32f4xx_hal.o
    0x20000009   COMPRESSED   0x00000003   PAD
    0x2000000c   COMPRESSED   0x00000104   Data   RW         3909    .data               sys.o
    0x20000110   COMPRESSED   0x00000050   Data   RW         4125    .data               pid.o
    0x20000160   COMPRESSED   0x00000014   Data   RW         4210    .data               shtxx.o
    0x20000174   COMPRESSED   0x00000011   Data   RW         4568    .data               stm32f4xx_it.o
    0x20000185   COMPRESSED   0x00000003   PAD
    0x20000188   COMPRESSED   0x00000008   Data   RW         4665    .data               stm32f4xx_hal_msp.o
    0x20000190   COMPRESSED   0x00000004   Data   RW         4770    .data               system_stm32f4xx.o
    0x20000194   COMPRESSED   0x00000004   Data   RW         5125    .data               mc_w.l(errno.o)
    0x20000198        -       0x00007d60   Zero   RW         3908    .bss                sys.o
    0x20007ef8        -       0x00000344   Zero   RW         4473    .bss                main.o
    0x2000823c   COMPRESSED   0x00000004   PAD
    0x20008240        -       0x00000400   Zero   RW            1    STACK               startup_stm32f407xx.o


==============================================================================

Image component sizes


      Code (inc. data)   RO Data    RW Data    ZI Data      Debug   Object Name

       284         32          0          0          0       1737   da.o
      1960        174          0          0        836       9105   main.o
      2264        306          0         80          0       6177   pid.o
      1098         84          0         20          0     728052   shtxx.o
        36          8        392          0       1024        840   startup_stm32f407xx.o
       172         32          0          9          0       3945   stm32f4xx_hal.o
      1370         54          0          0          0     737022   stm32f4xx_hal_adc.o
       304         22          0          0          0      34483   stm32f4xx_hal_cortex.o
      1074         16          8          0          0       4567   stm32f4xx_hal_dma.o
       568         50          0          0          0       3638   stm32f4xx_hal_gpio.o
      1576         30          0          0          0       8243   stm32f4xx_hal_i2c.o
      1366        128          0          8          0       6935   stm32f4xx_hal_msp.o
      1732         84          0          0          0       5568   stm32f4xx_hal_rcc.o
       834          8          0          0          0       4206   stm32f4xx_hal_spi.o
        88          0          0          0          0       1212   stm32f4xx_hal_sram.o
      1988         90          0          0          0      16716   stm32f4xx_hal_tim.o
       204          0          0          0          0       3285   stm32f4xx_hal_tim_ex.o
      2110         12          0          0          0       9955   stm32f4xx_hal_uart.o
      5096        758          0         17          0       8915   stm32f4xx_it.o
       232         10          0          0          0       2747   stm32f4xx_ll_fsmc.o
      1036        186          0        260      32096     635481   sys.o
       100         18         24          4          0       1167   system_stm32f4xx.o

    ----------------------------------------------------------------------
     25512       2102        456        404      33960    2233996   Object Totals
         0          0         32          0          0          0   (incl. Generated)
        20          0          0          6          4          0   (incl. Padding)

    ----------------------------------------------------------------------

      Code (inc. data)   RO Data    RW Data    ZI Data      Debug   Library Member Name

        58          0          0          0          0        136   sqrtf.o
        58          0          0          0          0          0   __dczerorl.o
         0          0          0          0          0          0   entry.o
         0          0          0          0          0          0   entry10a.o
         0          0          0          0          0          0   entry11a.o
         8          4          0          0          0          0   entry2.o
         4          0          0          0          0          0   entry5.o
         0          0          0          0          0          0   entry7b.o
         0          0          0          0          0          0   entry8b.o
         8          4          0          0          0          0   entry9a.o
        12          6          0          4          0         68   errno.o
        30          0          0          0          0          0   handlers.o
        36          8          0          0          0         68   init.o
         0          0          0          0          0          0   iusefp.o
        30          0          0          0          0         68   llshl.o
        36          0          0          0          0         68   llsshr.o
        32          0          0          0          0         68   llushr.o
        36          0          0          0          0        108   memseta.o
      2276         86          0          0          0        520   printfa.o
        14          0          0          0          0         68   strlen.o
        44          0          0          0          0         80   uidiv.o
        98          0          0          0          0         92   uldiv.o
        48          0          0          0          0         68   cdcmple.o
        48          0          0          0          0         68   cdrcmple.o
        56          0          0          0          0         88   d2f.o
       334          0          0          0          0        148   dadd.o
       222          0          0          0          0        100   ddiv.o
       186          0          0          0          0        176   depilogue.o
        48          0          0          0          0         68   dfixul.o
        34          0          0          0          0         76   dflti.o
       228          0          0          0          0         96   dmul.o
        38          0          0          0          0         68   f2d.o
       110          0          0          0          0        168   fepilogue.o

    ----------------------------------------------------------------------
      4136        108          0          4          0       2468   Library Totals
         4          0          0          0          0          0   (incl. Padding)

    ----------------------------------------------------------------------

      Code (inc. data)   RO Data    RW Data    ZI Data      Debug   Library Name

        58          0          0          0          0        136   m_wm.l
      2722        108          0          4          0       1208   mc_w.l
      1352          0          0          0          0       1124   mf_w.l

    ----------------------------------------------------------------------
      4136        108          0          4          0       2468   Library Totals

    ----------------------------------------------------------------------

==============================================================================


      Code (inc. data)   RO Data    RW Data    ZI Data      Debug   

     29648       2210        456        408      33960    2221252   Grand Totals
     29648       2210        456         52      33960    2221252   ELF Image Totals (compressed)
     29648       2210        456         52          0          0   ROM Totals

==============================================================================

    Total RO  Size (Code + RO Data)                30104 (  29.40kB)
    Total RW  Size (RW Data + ZI Data)             34368 (  33.56kB)
    Total ROM Size (Code + RO Data + RW Data)      30156 (  29.45kB)

==============================================================================

