Component: ARM Compiler 5.06 update 6 (build 750) Tool: armlink [4d35ed]

==============================================================================

Section Cross References

    startup_stm32f407xx.o(RESET) refers to startup_stm32f407xx.o(STACK) for __initial_sp
    startup_stm32f407xx.o(RESET) refers to startup_stm32f407xx.o(.text) for Reset_Handler
    startup_stm32f407xx.o(RESET) refers to stm32f4xx_it.o(i.SysTick_Handler) for SysTick_Handler
    startup_stm32f407xx.o(RESET) refers to stm32f4xx_it.o(i.EXTI3_IRQHandler) for EXTI3_IRQHandler
    startup_stm32f407xx.o(RESET) refers to stm32f4xx_it.o(i.DMA1_Stream0_IRQHandler) for DMA1_Stream0_IRQHandler
    startup_stm32f407xx.o(RESET) refers to stm32f4xx_it.o(i.DMA1_Stream6_IRQHandler) for DMA1_Stream6_IRQHandler
    startup_stm32f407xx.o(RESET) refers to stm32f4xx_it.o(i.EXTI9_5_IRQHandler) for EXTI9_5_IRQHandler
    startup_stm32f407xx.o(RESET) refers to stm32f4xx_it.o(i.TIM3_IRQHandler) for TIM3_IRQHandler
    startup_stm32f407xx.o(RESET) refers to stm32f4xx_it.o(i.TIM4_IRQHandler) for TIM4_IRQHandler
    startup_stm32f407xx.o(RESET) refers to stm32f4xx_it.o(i.USART1_IRQHandler) for USART1_IRQHandler
    startup_stm32f407xx.o(.text) refers to system_stm32f4xx.o(i.SystemInit) for SystemInit
    startup_stm32f407xx.o(.text) refers to entry.o(.ARM.Collect$$$$00000000) for __main
    stm32f4xx_hal_adc.o(i.ADC_DMAConvCplt) refers to stm32f4xx_hal_adc.o(i.HAL_ADC_ConvCpltCallback) for HAL_ADC_ConvCpltCallback
    stm32f4xx_hal_adc.o(i.ADC_DMAError) refers to stm32f4xx_hal_adc.o(i.HAL_ADC_ErrorCallback) for HAL_ADC_ErrorCallback
    stm32f4xx_hal_adc.o(i.ADC_DMAHalfConvCplt) refers to stm32f4xx_hal_adc.o(i.HAL_ADC_ConvHalfCpltCallback) for HAL_ADC_ConvHalfCpltCallback
    stm32f4xx_hal_adc.o(i.HAL_ADC_ConfigChannel) refers to system_stm32f4xx.o(.data) for SystemCoreClock
    stm32f4xx_hal_adc.o(i.HAL_ADC_DeInit) refers to stm32f4xx_hal_msp.o(i.HAL_ADC_MspDeInit) for HAL_ADC_MspDeInit
    stm32f4xx_hal_adc.o(i.HAL_ADC_IRQHandler) refers to stm32f4xx_hal_adc.o(i.HAL_ADC_ConvCpltCallback) for HAL_ADC_ConvCpltCallback
    stm32f4xx_hal_adc.o(i.HAL_ADC_IRQHandler) refers to stm32f4xx_hal_adc_ex.o(i.HAL_ADCEx_InjectedConvCpltCallback) for HAL_ADCEx_InjectedConvCpltCallback
    stm32f4xx_hal_adc.o(i.HAL_ADC_IRQHandler) refers to stm32f4xx_hal_adc.o(i.HAL_ADC_LevelOutOfWindowCallback) for HAL_ADC_LevelOutOfWindowCallback
    stm32f4xx_hal_adc.o(i.HAL_ADC_IRQHandler) refers to stm32f4xx_hal_adc.o(i.HAL_ADC_ErrorCallback) for HAL_ADC_ErrorCallback
    stm32f4xx_hal_adc.o(i.HAL_ADC_Init) refers to stm32f4xx_hal_msp.o(i.HAL_ADC_MspInit) for HAL_ADC_MspInit
    stm32f4xx_hal_adc.o(i.HAL_ADC_Init) refers to stm32f4xx_hal_adc.o(i.ADC_Init) for ADC_Init
    stm32f4xx_hal_adc.o(i.HAL_ADC_PollForConversion) refers to stm32f4xx_hal.o(i.HAL_GetTick) for HAL_GetTick
    stm32f4xx_hal_adc.o(i.HAL_ADC_PollForEvent) refers to stm32f4xx_hal.o(i.HAL_GetTick) for HAL_GetTick
    stm32f4xx_hal_adc.o(i.HAL_ADC_Start) refers to system_stm32f4xx.o(.data) for SystemCoreClock
    stm32f4xx_hal_adc.o(i.HAL_ADC_Start_DMA) refers to stm32f4xx_hal_dma.o(i.HAL_DMA_Start_IT) for HAL_DMA_Start_IT
    stm32f4xx_hal_adc.o(i.HAL_ADC_Start_DMA) refers to system_stm32f4xx.o(.data) for SystemCoreClock
    stm32f4xx_hal_adc.o(i.HAL_ADC_Start_DMA) refers to stm32f4xx_hal_adc.o(i.ADC_DMAConvCplt) for ADC_DMAConvCplt
    stm32f4xx_hal_adc.o(i.HAL_ADC_Start_DMA) refers to stm32f4xx_hal_adc.o(i.ADC_DMAHalfConvCplt) for ADC_DMAHalfConvCplt
    stm32f4xx_hal_adc.o(i.HAL_ADC_Start_DMA) refers to stm32f4xx_hal_adc.o(i.ADC_DMAError) for ADC_DMAError
    stm32f4xx_hal_adc.o(i.HAL_ADC_Start_IT) refers to system_stm32f4xx.o(.data) for SystemCoreClock
    stm32f4xx_hal_adc.o(i.HAL_ADC_Stop_DMA) refers to stm32f4xx_hal_dma.o(i.HAL_DMA_Abort) for HAL_DMA_Abort
    stm32f4xx_hal_adc_ex.o(i.ADC_MultiModeDMAConvCplt) refers to stm32f4xx_hal_adc.o(i.HAL_ADC_ConvCpltCallback) for HAL_ADC_ConvCpltCallback
    stm32f4xx_hal_adc_ex.o(i.ADC_MultiModeDMAError) refers to stm32f4xx_hal_adc.o(i.HAL_ADC_ErrorCallback) for HAL_ADC_ErrorCallback
    stm32f4xx_hal_adc_ex.o(i.ADC_MultiModeDMAHalfConvCplt) refers to stm32f4xx_hal_adc.o(i.HAL_ADC_ConvHalfCpltCallback) for HAL_ADC_ConvHalfCpltCallback
    stm32f4xx_hal_adc_ex.o(i.HAL_ADCEx_InjectedPollForConversion) refers to stm32f4xx_hal.o(i.HAL_GetTick) for HAL_GetTick
    stm32f4xx_hal_adc_ex.o(i.HAL_ADCEx_InjectedStart) refers to system_stm32f4xx.o(.data) for SystemCoreClock
    stm32f4xx_hal_adc_ex.o(i.HAL_ADCEx_InjectedStart_IT) refers to system_stm32f4xx.o(.data) for SystemCoreClock
    stm32f4xx_hal_adc_ex.o(i.HAL_ADCEx_MultiModeStart_DMA) refers to stm32f4xx_hal_dma.o(i.HAL_DMA_Start_IT) for HAL_DMA_Start_IT
    stm32f4xx_hal_adc_ex.o(i.HAL_ADCEx_MultiModeStart_DMA) refers to system_stm32f4xx.o(.data) for SystemCoreClock
    stm32f4xx_hal_adc_ex.o(i.HAL_ADCEx_MultiModeStart_DMA) refers to stm32f4xx_hal_adc_ex.o(i.ADC_MultiModeDMAConvCplt) for ADC_MultiModeDMAConvCplt
[...]
    .text                                    0x080005b8   Section        0  d2f.o(.text)
    .text                                    0x080005f0   Section        0  uidiv.o(.text)
    .text                                    0x0800061c   Section        0  llshl.o(.text)
    .text                                    0x0800063a   Section        0  llushr.o(.text)
    .text                                    0x0800065a   Section        0  llsshr.o(.text)
    .text                                    0x0800067e   Section        0  fepilogue.o(.text)
    .text                                    0x0800067e   Section        0  iusefp.o(.text)
    .text                                    0x080006ec   Section        0  depilogue.o(.text)
    .text                                    0x080007a6   Section        0  dfixul.o(.text)
    .text                                    0x080007d8   Section       48  cdrcmple.o(.text)
    .text                                    0x08000808   Section       36  init.o(.text)
    .text                                    0x0800082c   Section        0  __dczerorl.o(.text)
    i.AD5245_Write                           0x08000868   Section        0  sys.o(i.AD5245_Write)
    i.ADC_Init                               0x0800088c   Section        0  stm32f4xx_hal_adc.o(i.ADC_Init)
    ADC_Init                                 0x0800088d   Thumb Code   340  stm32f4xx_hal_adc.o(i.ADC_Init)
    i.CalcOutputK                            0x080009e8   Section        0  pid.o(i.CalcOutputK)
    i.DAC_init                               0x08000abc   Section        0  da.o(i.DAC_init)
    i.DAC_preInit                            0x08000b40   Section        0  da.o(i.DAC_preInit)
    i.DMA1_Stream0_IRQHandler                0x08000b88   Section        0  stm32f4xx_it.o(i.DMA1_Stream0_IRQHandler)
    i.DMA1_Stream6_IRQHandler                0x08000b98   Section        0  stm32f4xx_it.o(i.DMA1_Stream6_IRQHandler)
    i.DMA_CalcBaseAndBitshift                0x08000ba8   Section        0  stm32f4xx_hal_dma.o(i.DMA_CalcBaseAndBitshift)
    DMA_CalcBaseAndBitshift                  0x08000ba9   Thumb Code    46  stm32f4xx_hal_dma.o(i.DMA_CalcBaseAndBitshift)
    i.DMA_CheckFifoParam                     0x08000bdc   Section        0  stm32f4xx_hal_dma.o(i.DMA_CheckFifoParam)
    DMA_CheckFifoParam                       0x08000bdd   Thumb Code   170  stm32f4xx_hal_dma.o(i.DMA_CheckFifoParam)
    i.EXTI3_IRQHandler                       0x08000c88   Section        0  stm32f4xx_it.o(i.EXTI3_IRQHandler)
    i.EXTI9_5_IRQHandler                     0x08000cd8   Section        0  stm32f4xx_it.o(i.EXTI9_5_IRQHandler)
    i.FSMC_NORSRAM_Extended_Timing_Init      0x08000e30   Section        0  stm32f4xx_ll_fsmc.o(i.FSMC_NORSRAM_Extended_Timing_Init)
    i.FSMC_NORSRAM_Init                      0x08000e78   Section        0  stm32f4xx_ll_fsmc.o(i.FSMC_NORSRAM_Init)
    i.FSMC_NORSRAM_Timing_Init               0x08000ed4   Section        0  stm32f4xx_ll_fsmc.o(i.FSMC_NORSRAM_Timing_Init)
    i.GetLightStatus                         0x08000f18   Section        0  sys.o(i.GetLightStatus)
    i.Get_Adc                                0x08000ff8   Section        0  sys.o(i.Get_Adc)
    i.HAL_ADC_ConfigChannel                  0x08001054   Section        0  stm32f4xx_hal_adc.o(i.HAL_ADC_ConfigChannel)
    i.HAL_ADC_GetValue                       0x080011e0   Section        0  stm32f4xx_hal_adc.o(i.HAL_ADC_GetValue)
    i.HAL_ADC_Init                           0x080011e8   Section        0  stm32f4xx_hal_adc.o(i.HAL_ADC_Init)
    i.HAL_ADC_MspInit                        0x08001250   Section        0  stm32f4xx_hal_msp.o(i.HAL_ADC_MspInit)
    i.HAL_ADC_PollForConversion              0x080012a4   Section        0  stm32f4xx_hal_adc.o(i.HAL_ADC_PollForConversion)
    i.HAL_ADC_Start                          0x08001360   Section        0  stm32f4xx_hal_adc.o(i.HAL_ADC_Start)
    i.HAL_DMA_Abort_IT                       0x08001460   Section        0  stm32f4xx_hal_dma.o(i.HAL_DMA_Abort_IT)
    i.HAL_DMA_IRQHandler                     0x08001488   Section        0  stm32f4xx_hal_dma.o(i.HAL_DMA_IRQHandler)
    i.HAL_DMA_Init                           0x080016c8   Section        0  stm32f4xx_hal_dma.o(i.HAL_DMA_Init)
    i.HAL_Delay_ms                           0x080017b4   Section        0  sys.o(i.HAL_Delay_ms)
    i.HAL_Delay_us                           0x080017ca   Section        0  sys.o(i.HAL_Delay_us)
    i.HAL_FSMC_MspInit                       0x08001818   Section        0  stm32f4xx_hal_msp.o(i.HAL_FSMC_MspInit)
    HAL_FSMC_MspInit                         0x08001819   Thumb Code   146  stm32f4xx_hal_msp.o(i.HAL_FSMC_MspInit)
    i.HAL_GPIO_EXTI_Callback                 0x080018c0   Section        0  stm32f4xx_hal_gpio.o(i.HAL_GPIO_EXTI_Callback)
    i.HAL_GPIO_EXTI_IRQHandler               0x080018c4   Section        0  stm32f4xx_hal_gpio.o(i.HAL_GPIO_EXTI_IRQHandler)
    i.HAL_GPIO_Init                          0x080018e0   Section        0  stm32f4xx_hal_gpio.o(i.HAL_GPIO_Init)
    i.HAL_GPIO_ReadPin                       0x08001ae0   Section        0  stm32f4xx_hal_gpio.o(i.HAL_GPIO_ReadPin)
    i.HAL_GPIO_WritePin                      0x08001af0   Section        0  stm32f4xx_hal_gpio.o(i.HAL_GPIO_WritePin)
    i.HAL_GetTick                            0x08001afc   Section        0  stm32f4xx_hal.o(i.HAL_GetTick)
    i.HAL_I2C_Init                           0x08001b08   Section        0  stm32f4xx_hal_i2c.o(i.HAL_I2C_Init)
    i.HAL_I2C_Mem_Write                      0x08001c30   Section        0  stm32f4xx_hal_i2c.o(i.HAL_I2C_Mem_Write)
    i.HAL_I2C_MspInit                        0x08001db8   Section        0  stm32f4xx_hal_msp.o(i.HAL_I2C_MspInit)
    i.HAL_IncTick                            0x08001eb8   Section        0  stm32f4xx_hal.o(i.HAL_IncTick)
    i.HAL_Init                               0x08001ed0   Section        0  stm32f4xx_hal.o(i.HAL_Init)
    i.HAL_InitTick                           0x08001f0c   Section        0  stm32f4xx_hal.o(i.HAL_InitTick)
    i.HAL_MspInit                            0x08001f58   Section        0  stm32f4xx_hal_msp.o(i.HAL_MspInit)
    i.HAL_NVIC_EnableIRQ                     0x08001ff4   Section        0  stm32f4xx_hal_cortex.o(i.HAL_NVIC_EnableIRQ)
    i.HAL_NVIC_SetPriority                   0x0800200e   Section        0  stm32f4xx_hal_cortex.o(i.HAL_NVIC_SetPriority)
    i.HAL_NVIC_SetPriorityGrouping           0x0800208c   Section        0  stm32f4xx_hal_cortex.o(i.HAL_NVIC_SetPriorityGrouping)
    i.HAL_RCC_ClockConfig                    0x080020b4   Section        0  stm32f4xx_hal_rcc.o(i.HAL_RCC_ClockConfig)
    i.HAL_RCC_GetHCLKFreq                    0x08002234   Section        0  stm32f4xx_hal_rcc.o(i.HAL_RCC_GetHCLKFreq)
    i.HAL_RCC_GetPCLK1Freq                   0x08002240   Section        0  stm32f4xx_hal_rcc.o(i.HAL_RCC_GetPCLK1Freq)
    i.HAL_RCC_GetPCLK2Freq                   0x08002260   Section        0  stm32f4xx_hal_rcc.o(i.HAL_RCC_GetPCLK2Freq)
    i.HAL_RCC_GetSysClockFreq                0x08002280   Section        0  stm32f4xx_hal_rcc.o(i.HAL_RCC_GetSysClockFreq)
    i.HAL_RCC_OscConfig                      0x08002330   Section        0  stm32f4xx_hal_rcc.o(i.HAL_RCC_OscConfig)
    i.HAL_SPI_Init                           0x08002778   Section        0  stm32f4xx_hal_spi.o(i.HAL_SPI_Init)
    i.HAL_SPI_MspInit                        0x08002804   Section        0  stm32f4xx_hal_msp.o(i.HAL_SPI_MspInit)
    i.HAL_SPI_Transmit                       0x08002860   Section        0  stm32f4xx_hal_spi.o(i.HAL_SPI_Transmit)
    i.HAL_SRAM_Init                          0x08002a06   Section        0  stm32f4xx_hal_sram.o(i.HAL_SRAM_Init)
    i.HAL_SRAM_MspInit                       0x08002a5e   Section        0  stm32f4xx_hal_msp.o(i.HAL_SRAM_MspInit)
    i.HAL_SYSTICK_CLKSourceConfig            0x08002a68   Section        0  stm32f4xx_hal_cortex.o(i.HAL_SYSTICK_CLKSourceConfig)
    i.HAL_SYSTICK_Callback                   0x08002a90   Section        0  stm32f4xx_hal_cortex.o(i.HAL_SYSTICK_Callback)
    i.HAL_SYSTICK_Config                     0x08002a92   Section        0  stm32f4xx_hal_cortex.o(i.HAL_SYSTICK_Config)
    i.HAL_SYSTICK_IRQHandler                 0x08002ac6   Section        0  stm32f4xx_hal_cortex.o(i.HAL_SYSTICK_IRQHandler)
    i.HAL_TIMEx_BreakCallback                0x08002ace   Section        0  stm32f4xx_hal_tim_ex.o(i.HAL_TIMEx_BreakCallback)
    i.HAL_TIMEx_CommutationCallback          0x08002ad0   Section        0  stm32f4xx_hal_tim_ex.o(i.HAL_TIMEx_CommutationCallback)
    i.HAL_TIMEx_MasterConfigSynchronization  0x08002ad2   Section        0  stm32f4xx_hal_tim_ex.o(i.HAL_TIMEx_MasterConfigSynchronization)
    i.HAL_TIM_Base_Init                      0x08002b34   Section        0  stm32f4xx_hal_tim.o(i.HAL_TIM_Base_Init)
    i.HAL_TIM_Base_MspInit                   0x08002b68   Section        0  stm32f4xx_hal_msp.o(i.HAL_TIM_Base_MspInit)
    i.HAL_TIM_Base_Start_IT                  0x08002bec   Section        0  stm32f4xx_hal_tim.o(i.HAL_TIM_Base_Start_IT)
    i.HAL_TIM_ConfigClockSource              0x08002c0a   Section        0  stm32f4xx_hal_tim.o(i.HAL_TIM_ConfigClockSource)
    i.HAL_TIM_IC_CaptureCallback             0x08002d3c   Section        0  stm32f4xx_hal_tim.o(i.HAL_TIM_IC_CaptureCallback)
    i.HAL_TIM_IRQHandler                     0x08002d3e   Section        0  stm32f4xx_hal_tim.o(i.HAL_TIM_IRQHandler)
    i.HAL_TIM_OC_DelayElapsedCallback        0x08002ed4   Section        0  stm32f4xx_hal_tim.o(i.HAL_TIM_OC_DelayElapsedCallback)
    i.HAL_TIM_PWM_PulseFinishedCallback      0x08002ed6   Section        0  stm32f4xx_hal_tim.o(i.HAL_TIM_PWM_PulseFinishedCallback)
    i.HAL_TIM_PeriodElapsedCallback          0x08002ed8   Section        0  stm32f4xx_hal_tim.o(i.HAL_TIM_PeriodElapsedCallback)
    i.HAL_TIM_TriggerCallback                0x08002eda   Section        0  stm32f4xx_hal_tim.o(i.HAL_TIM_TriggerCallback)
    i.HAL_UART_ErrorCallback                 0x08002edc   Section        0  stm32f4xx_hal_uart.o(i.HAL_UART_ErrorCallback)
    i.HAL_UART_IRQHandler                    0x08002ee0   Section        0  stm32f4xx_hal_uart.o(i.HAL_UART_IRQHandler)
    i.HAL_UART_Init                          0x0800302c   Section        0  stm32f4xx_hal_uart.o(i.HAL_UART_Init)
    i.HAL_UART_MspInit                       0x080030a0   Section        0  stm32f4xx_hal_msp.o(i.HAL_UART_MspInit)
    i.HAL_UART_Receive_IT                    0x0800310c   Section        0  stm32f4xx_hal_uart.o(i.HAL_UART_Receive_IT)
    i.HAL_UART_RxCpltCallback                0x08003170   Section        0  stm32f4xx_it.o(i.HAL_UART_RxCpltCallback)
    i.HAL_UART_Transmit                      0x08003418   Section        0  stm32f4xx_hal_uart.o(i.HAL_UART_Transmit)
    i.HAL_UART_TxCpltCallback                0x080034ee   Section        0  stm32f4xx_hal_uart.o(i.HAL_UART_TxCpltCallback)
    i.I2C_IsAcknowledgeFailed                0x080034f0   Section        0  stm32f4xx_hal_i2c.o(i.I2C_IsAcknowledgeFailed)
    I2C_IsAcknowledgeFailed                  0x080034f1   Thumb Code    52  stm32f4xx_hal_i2c.o(i.I2C_IsAcknowledgeFailed)
    i.I2C_RequestMemoryWrite                 0x08003524   Section        0  stm32f4xx_hal_i2c.o(i.I2C_RequestMemoryWrite)
    I2C_RequestMemoryWrite                   0x08003525   Thumb Code   218  stm32f4xx_hal_i2c.o(i.I2C_RequestMemoryWrite)
    i.I2C_WaitOnBTFFlagUntilTimeout          0x08003604   Section        0  stm32f4xx_hal_i2c.o(i.I2C_WaitOnBTFFlagUntilTimeout)
    I2C_WaitOnBTFFlagUntilTimeout            0x08003605   Thumb Code    86  stm32f4xx_hal_i2c.o(i.I2C_WaitOnBTFFlagUntilTimeout)
    i.I2C_WaitOnFlagUntilTimeout             0x0800365a   Section        0  stm32f4xx_hal_i2c.o(i.I2C_WaitOnFlagUntilTimeout)
    I2C_WaitOnFlagUntilTimeout               0x0800365b   Thumb Code   124  stm32f4xx_hal_i2c.o(i.I2C_WaitOnFlagUntilTimeout)
    i.I2C_WaitOnMasterAddressFlagUntilTimeout 0x080036d6   Section        0  stm32f4xx_hal_i2c.o(i.I2C_WaitOnMasterAddressFlagUntilTimeout)
    I2C_WaitOnMasterAddressFlagUntilTimeout  0x080036d7   Thumb Code   172  stm32f4xx_hal_i2c.o(i.I2C_WaitOnMasterAddressFlagUntilTimeout)
    i.I2C_WaitOnTXEFlagUntilTimeout          0x08003782   Section        0  stm32f4xx_hal_i2c.o(i.I2C_WaitOnTXEFlagUntilTimeout)
    I2C_WaitOnTXEFlagUntilTimeout            0x08003783   Thumb Code    86  stm32f4xx_hal_i2c.o(i.I2C_WaitOnTXEFlagUntilTimeout)
    i.MX_ADC3_Init                           0x080037d8   Section        0  main.o(i.MX_ADC3_Init)
    MX_ADC3_Init                             0x080037d9   Thumb Code   102  main.o(i.MX_ADC3_Init)
    i.MX_DMA_Init                            0x0800385c   Section        0  main.o(i.MX_DMA_Init)
    MX_DMA_Init                              0x0800385d   Thumb Code    68  main.o(i.MX_DMA_Init)
    i.MX_FSMC_Init                           0x080038a4   Section        0  main.o(i.MX_FSMC_Init)
    MX_FSMC_Init                             0x080038a5   Thumb Code   102  main.o(i.MX_FSMC_Init)
    i.MX_GPIO_Init                           0x08003924   Section        0  main.o(i.MX_GPIO_Init)
    MX_GPIO_Init                             0x08003925   Thumb Code   474  main.o(i.MX_GPIO_Init)
    i.MX_I2C1_Init                           0x08003b18   Section        0  main.o(i.MX_I2C1_Init)
    MX_I2C1_Init                             0x08003b19   Thumb Code    54  main.o(i.MX_I2C1_Init)
    i.MX_SPI1_Init                           0x08003b6c   Section        0  main.o(i.MX_SPI1_Init)
    MX_SPI1_Init                             0x08003b6d   Thumb Code    70  main.o(i.MX_SPI1_Init)
    i.MX_TIM3_Init                           0x08003bcc   Section        0  main.o(i.MX_TIM3_Init)
    MX_TIM3_Init                             0x08003bcd   Thumb Code   100  main.o(i.MX_TIM3_Init)
    i.MX_TIM4_Init                           0x08003c48   Section        0  main.o(i.MX_TIM4_Init)
    MX_TIM4_Init                             0x08003c49   Thumb Code   100  main.o(i.MX_TIM4_Init)
    i.MX_USART1_UART_Init                    0x08003cc4   Section        0  main.o(i.MX_USART1_UART_Init)
    MX_USART1_UART_Init                      0x08003cc5   Thumb Code    56  main.o(i.MX_USART1_UART_Init)
    i.MakeMessage                            0x08003d14   Section        0  sys.o(i.MakeMessage)
    i.MovingMirrorSpeedUp                    0x08003eb0   Section        0  pid.o(i.MovingMirrorSpeedUp)
    i.NVIC_GetPriorityGrouping               0x08003f20   Section        0  stm32f4xx_hal_cortex.o(i.NVIC_GetPriorityGrouping)
    NVIC_GetPriorityGrouping                 0x08003f21   Thumb Code    10  stm32f4xx_hal_cortex.o(i.NVIC_GetPriorityGrouping)
    i.NVIC_SetPriority                       0x08003f30   Section        0  stm32f4xx_hal_cortex.o(i.NVIC_SetPriority)
    NVIC_SetPriority                         0x08003f31   Thumb Code    32  stm32f4xx_hal_cortex.o(i.NVIC_SetPriority)
    i.OutputDrive                            0x08003f58   Section        0  pid.o(i.OutputDrive)
    i.PIDCalc                                0x08004034   Section        0  pid.o(i.PIDCalc)
    i.PIDInit                                0x08004120   Section        0  pid.o(i.PIDInit)
    i.PIDReset                               0x08004504   Section        0  pid.o(i.PIDReset)
    i.PIDSpeedCtrl                           0x08004578   Section        0  pid.o(i.PIDSpeedCtrl)
    i.ResolutionInit                         0x08004608   Section        0  pid.o(i.ResolutionInit)
    i.SHT_Cal_TH                             0x080046d4   Section        0  shtxx.o(i.SHT_Cal_TH)
    i.SHT_Mea_TH                             0x080047e4   Section        0  shtxx.o(i.SHT_Mea_TH)
    i.SHT_Rea_Byte                           0x08004884   Section        0  shtxx.o(i.SHT_Rea_Byte)
    i.SHT_Tra_Sta                            0x0800493c   Section        0  shtxx.o(i.SHT_Tra_Sta)
    i.SHT_Wri_Byte                           0x080049c8   Section        0  shtxx.o(i.SHT_Wri_Byte)
    i.SPI_CheckFlag_BSY                      0x08004a6c   Section        0  stm32f4xx_hal_spi.o(i.SPI_CheckFlag_BSY)
    SPI_CheckFlag_BSY                        0x08004a6d   Thumb Code    40  stm32f4xx_hal_spi.o(i.SPI_CheckFlag_BSY)
    i.SPI_WaitFlagStateUntilTimeout          0x08004a94   Section        0  stm32f4xx_hal_spi.o(i.SPI_WaitFlagStateUntilTimeout)
    SPI_WaitFlagStateUntilTimeout            0x08004a95   Thumb Code   170  stm32f4xx_hal_spi.o(i.SPI_WaitFlagStateUntilTimeout)
    i.SetDataIn                              0x08004b40   Section        0  shtxx.o(i.SetDataIn)
    i.SetDataOut                             0x08004b5c   Section        0  shtxx.o(i.SetDataOut)
    i.SetOutput                              0x08004b78   Section        0  sys.o(i.SetOutput)
    i.ShtMeasure                             0x08004b8c   Section        0  shtxx.o(i.ShtMeasure)
    i.SysTick_Handler                        0x08004c06   Section        0  stm32f4xx_it.o(i.SysTick_Handler)
    i.SystemClock_Config                     0x08004c14   Section        0  main.o(i.SystemClock_Config)
    i.SystemInit                             0x08004cf4   Section        0  system_stm32f4xx.o(i.SystemInit)
    i.SystemReset                            0x08004d58   Section        0  sys.o(i.SystemReset)
    i.TIM3_IRQHandler                        0x08004df4   Section        0  stm32f4xx_it.o(i.TIM3_IRQHandler)
    i.TIM4_IRQHandler                        0x0800523c   Section        0  stm32f4xx_it.o(i.TIM4_IRQHandler)
    i.TIM_Base_SetConfig                     0x08005920   Section        0  stm32f4xx_hal_tim.o(i.TIM_Base_SetConfig)
    i.TIM_ETR_SetConfig                      0x08005a04   Section        0  stm32f4xx_hal_tim.o(i.TIM_ETR_SetConfig)
    TIM_ETR_SetConfig                        0x08005a05   Thumb Code    24  stm32f4xx_hal_tim.o(i.TIM_ETR_SetConfig)
    i.TIM_ITRx_SetConfig                     0x08005a1c   Section        0  stm32f4xx_hal_tim.o(i.TIM_ITRx_SetConfig)
    TIM_ITRx_SetConfig                       0x08005a1d   Thumb Code    20  stm32f4xx_hal_tim.o(i.TIM_ITRx_SetConfig)
    i.TIM_TI1_ConfigInputStage               0x08005a30   Section        0  stm32f4xx_hal_tim.o(i.TIM_TI1_ConfigInputStage)
    TIM_TI1_ConfigInputStage                 0x08005a31   Thumb Code    42  stm32f4xx_hal_tim.o(i.TIM_TI1_ConfigInputStage)
    i.TIM_TI2_ConfigInputStage               0x08005a5a   Section        0  stm32f4xx_hal_tim.o(i.TIM_TI2_ConfigInputStage)
    TIM_TI2_ConfigInputStage                 0x08005a5b   Thumb Code    44  stm32f4xx_hal_tim.o(i.TIM_TI2_ConfigInputStage)
    i.UART_DMAAbortOnError                   0x08005a86   Section        0  stm32f4xx_hal_uart.o(i.UART_DMAAbortOnError)
    UART_DMAAbortOnError                     0x08005a87   Thumb Code    20  stm32f4xx_hal_uart.o(i.UART_DMAAbortOnError)
    i.UART_EndRxTransfer                     0x08005a9a   Section        0  stm32f4xx_hal_uart.o(i.UART_EndRxTransfer)
    UART_EndRxTransfer                       0x08005a9b   Thumb Code    32  stm32f4xx_hal_uart.o(i.UART_EndRxTransfer)
    i.UART_EndTransmit_IT                    0x08005aba   Section        0  stm32f4xx_hal_uart.o(i.UART_EndTransmit_IT)
    UART_EndTransmit_IT                      0x08005abb   Thumb Code    32  stm32f4xx_hal_uart.o(i.UART_EndTransmit_IT)
    i.UART_Receive_IT                        0x08005ada   Section        0  stm32f4xx_hal_uart.o(i.UART_Receive_IT)
    UART_Receive_IT                          0x08005adb   Thumb Code   154  stm32f4xx_hal_uart.o(i.UART_Receive_IT)
    i.UART_SetConfig                         0x08005b74   Section        0  stm32f4xx_hal_uart.o(i.UART_SetConfig)
    UART_SetConfig                           0x08005b75   Thumb Code   864  stm32f4xx_hal_uart.o(i.UART_SetConfig)
    i.UART_Transmit_IT                       0x08005edc   Section        0  stm32f4xx_hal_uart.o(i.UART_Transmit_IT)
    UART_Transmit_IT                         0x08005edd   Thumb Code   104  stm32f4xx_hal_uart.o(i.UART_Transmit_IT)
    i.UART_WaitOnFlagUntilTimeout            0x08005f44   Section        0  stm32f4xx_hal_uart.o(i.UART_WaitOnFlagUntilTimeout)
    UART_WaitOnFlagUntilTimeout              0x08005f45   Thumb Code   108  stm32f4xx_hal_uart.o(i.UART_WaitOnFlagUntilTimeout)
    i.USART1_IRQHandler                      0x08005fb0   Section        0  stm32f4xx_it.o(i.USART1_IRQHandler)
    i.Write_AD_5791                          0x08005fc0   Section        0  da.o(i.Write_AD_5791)
    i._Error_Handler                         0x08006010   Section        0  main.o(i._Error_Handler)
    i.__0sprintf                             0x08006014   Section        0  printfa.o(i.__0sprintf)
    i.__hardfp_sqrtf                         0x0800603c   Section        0  sqrtf.o(i.__hardfp_sqrtf)
    i.__scatterload_copy                     0x08006076   Section       14  handlers.o(i.__scatterload_copy)
    i.__scatterload_null                     0x08006084   Section        2  handlers.o(i.__scatterload_null)
    i.__scatterload_zeroinit                 0x08006086   Section       14  handlers.o(i.__scatterload_zeroinit)
    i.__set_errno                            0x08006094   Section        0  errno.o(i.__set_errno)
    i._fp_digits                             0x080060a0   Section        0  printfa.o(i._fp_digits)
    _fp_digits                               0x080060a1   Thumb Code   366  printfa.o(i._fp_digits)
    i._printf_core                           0x08006224   Section        0  printfa.o(i._printf_core)
    _printf_core                             0x08006225   Thumb Code  1744  printfa.o(i._printf_core)
    i._printf_post_padding                   0x08006900   Section        0  printfa.o(i._printf_post_padding)
    _printf_post_padding                     0x08006901   Thumb Code    36  printfa.o(i._printf_post_padding)
    i._printf_pre_padding                    0x08006924   Section        0  printfa.o(i._printf_pre_padding)
    _printf_pre_padding                      0x08006925   Thumb Code    46  printfa.o(i._printf_pre_padding)
    i._sputc                                 0x08006952   Section        0  printfa.o(i._sputc)
    _sputc                                   0x08006953   Thumb Code    10  printfa.o(i._sputc)
    i.main                                   0x0800695c   Section        0  main.o(i.main)
    i.preStartMove                           0x080069d8   Section        0  pid.o(i.preStartMove)
    .constdata                               0x080069f0   Section        8  stm32f4xx_hal_dma.o(.constdata)
    flagBitshiftOffset                       0x080069f0   Data           8  stm32f4xx_hal_dma.o(.constdata)
    .constdata                               0x080069f8   Section       24  system_stm32f4xx.o(.constdata)
    .data                                    0x20000000   Section        9  stm32f4xx_hal.o(.data)
    .data                                    0x2000000c   Section      260  sys.o(.data)
    .data                                    0x20000110   Section       80  pid.o(.data)
    .data                                    0x20000160   Section       20  shtxx.o(.data)
    C1                                       0x20000160   Data           4  shtxx.o(.data)
    C2                                       0x20000164   Data           4  shtxx.o(.data)
    C3                                       0x20000168   Data           4  shtxx.o(.data)
    T1                                       0x2000016c   Data           4  shtxx.o(.data)
    T2                                       0x20000170   Data           4  shtxx.o(.data)
    .data                                    0x20000174   Section       17  stm32f4xx_it.o(.data)
    .data                                    0x20000188   Section        8  stm32f4xx_hal_msp.o(.data)
    FSMC_Initialized                         0x20000188   Data           4  stm32f4xx_hal_msp.o(.data)
    FSMC_DeInitialized                       0x2000018c   Data           4  stm32f4xx_hal_msp.o(.data)
    .data                                    0x20000190   Section        4  system_stm32f4xx.o(.data)
    .data                                    0x20000194   Section        4  errno.o(.data)
    _errno                                   0x20000194   Data           4  errno.o(.data)
    .bss                                     0x20000198   Section    32096  sys.o(.bss)
    .bss                                     0x20007ef8   Section      700  main.o(.bss)
    STACK                                    0x200081b8   Section     1024  startup_stm32f407xx.o(STACK)

    Global Symbols

    Symbol Name                              Value     Ov Type        Size  Object(Section)

    BuildAttributes$$THM_ISAv4$E$P$D$K$B$S$7EM$VFPi3$EXTD16$VFPS$VFMA$PE$A:L22UL41UL21$X:L11$S22US41US21$IEEE1$IW$USESV6$~STKCKD$USESV7$~SHL$OTIME$ROPI$IEEEJ$EBA8$MICROLIB$REQ8$PRES8$EABIv2 0x00000000   Number         0  anon$$obj.o ABSOLUTE
    __ARM_use_no_argv                        0x00000000   Number         0  main.o ABSOLUTE
    _printf_a                                0x00000000   Number         0  stubs.o ABSOLUTE
    _printf_c                                0x00000000   Number         0  stubs.o ABSOLUTE
    _printf_charcount                        0x00000000   Number         0  stubs.o ABSOLUTE
    _printf_d                                0x00000000   Number         0  stubs.o ABSOLUTE
    _printf_e                                0x00000000   Number         0  stubs.o ABSOLUTE
    _printf_f                                0x00000000   Number         0  stubs.o ABSOLUTE
    _printf_flags                            0x00000000   Number         0  stubs.o ABSOLUTE
    _printf_fp_dec                           0x00000000   Number         0  stubs.o ABSOLUTE
    _printf_fp_hex                           0x00000000   Number         0  stubs.o ABSOLUTE
    _printf_g                                0x00000000   Number         0  stubs.o ABSOLUTE
    _printf_i                                0x00000000   Number         0  stubs.o ABSOLUTE
    _printf_int_dec                          0x00000000   Number         0  stubs.o ABSOLUTE
    _printf_l                                0x00000000   Number         0  stubs.o ABSOLUTE
    _printf_lc                               0x00000000   Number         0  stubs.o ABSOLUTE
    _printf_ll                               0x00000000   Number         0  stubs.o ABSOLUTE
    _printf_lld                              0x00000000   Number         0  stubs.o ABSOLUTE
    _printf_lli                              0x00000000   Number         0  stubs.o ABSOLUTE
    _printf_llo                              0x00000000   Number         0  stubs.o ABSOLUTE
    _printf_llu                              0x00000000   Number         0  stubs.o ABSOLUTE
    _printf_llx                              0x00000000   Number         0  stubs.o ABSOLUTE
    _printf_longlong_dec                     0x00000000   Number         0  stubs.o ABSOLUTE
    _printf_longlong_hex                     0x00000000   Number         0  stubs.o ABSOLUTE
    _printf_longlong_oct                     0x00000000   Number         0  stubs.o ABSOLUTE
    _printf_ls                               0x00000000   Number         0  stubs.o ABSOLUTE
    _printf_mbtowc                           0x00000000   Number         0  stubs.o ABSOLUTE
    _printf_n                                0x00000000   Number         0  stubs.o ABSOLUTE
    _printf_o                                0x00000000   Number         0  stubs.o ABSOLUTE
    _printf_p                                0x00000000   Number         0  stubs.o ABSOLUTE
    _printf_percent                          0x00000000   Number         0  stubs.o ABSOLUTE
    _printf_pre_padding                      0x00000000   Number         0  stubs.o ABSOLUTE
    _printf_return_value                     0x00000000   Number         0  stubs.o ABSOLUTE
    _printf_s                                0x00000000   Number         0  stubs.o ABSOLUTE
    _printf_sizespec                         0x00000000   Number         0  stubs.o ABSOLUTE
    _printf_str                              0x00000000   Number         0  stubs.o ABSOLUTE
    _printf_truncate_signed                  0x00000000   Number         0  stubs.o ABSOLUTE
    _printf_truncate_unsigned                0x00000000   Number         0  stubs.o ABSOLUTE
    _printf_u                                0x00000000   Number         0  stubs.o ABSOLUTE
    _printf_wc                               0x00000000   Number         0  stubs.o ABSOLUTE
    _printf_wctomb                           0x00000000   Number         0  stubs.o ABSOLUTE
    _printf_widthprec                        0x00000000   Number         0  stubs.o ABSOLUTE
    _printf_x                                0x00000000   Number         0  stubs.o ABSOLUTE
    __cpp_initialize__aeabi_                  - Undefined Weak Reference
    __cxa_finalize                            - Undefined Weak Reference
    _clock_init                               - Undefined Weak Reference
    _microlib_exit                            - Undefined Weak Reference
    __Vectors_Size                           0x00000188   Number         0  startup_stm32f407xx.o ABSOLUTE
    __Vectors                                0x08000000   Data           4  startup_stm32f407xx.o(RESET)
    __Vectors_End                            0x08000188   Data           0  startup_stm32f407xx.o(RESET)
    __main                                   0x08000189   Thumb Code     0  entry.o(.ARM.Collect$$$$00000000)
    _main_stk                                0x08000189   Thumb Code     0  entry2.o(.ARM.Collect$$$$00000001)
    _main_scatterload                        0x0800018d   Thumb Code     0  entry5.o(.ARM.Collect$$$$00000004)
    __main_after_scatterload                 0x08000191   Thumb Code     0  entry5.o(.ARM.Collect$$$$00000004)
    _main_clock                              0x08000191   Thumb Code     0  entry7b.o(.ARM.Collect$$$$00000008)
    _main_cpp_init                           0x08000191   Thumb Code     0  entry8b.o(.ARM.Collect$$$$0000000A)
    _main_init                               0x08000191   Thumb Code     0  entry9a.o(.ARM.Collect$$$$0000000B)
    __rt_final_cpp                           0x08000199   Thumb Code     0  entry10a.o(.ARM.Collect$$$$0000000D)
    __rt_final_exit                          0x08000199   Thumb Code     0  entry11a.o(.ARM.Collect$$$$0000000F)
    Reset_Handler                            0x0800019d   Thumb Code     8  startup_stm32f407xx.o(.text)
    NMI_Handler                              0x080001a5   Thumb Code     2  startup_stm32f407xx.o(.text)
    HardFault_Handler                        0x080001a7   Thumb Code     2  startup_stm32f407xx.o(.text)
    MemManage_Handler                        0x080001a9   Thumb Code     2  startup_stm32f407xx.o(.text)
    BusFault_Handler                         0x080001ab   Thumb Code     2  startup_stm32f407xx.o(.text)
    UsageFault_Handler                       0x080001ad   Thumb Code     2  startup_stm32f407xx.o(.text)
    SVC_Handler                              0x080001af   Thumb Code     2  startup_stm32f407xx.o(.text)
    DebugMon_Handler                         0x080001b1   Thumb Code     2  startup_stm32f407xx.o(.text)
    PendSV_Handler                           0x080001b3   Thumb Code     2  startup_stm32f407xx.o(.text)
    ADC_IRQHandler                           0x080001b7   Thumb Code     0  startup_stm32f407xx.o(.text)
    CAN1_RX0_IRQHandler                      0x080001b7   Thumb Code     0  startup_stm32f407xx.o(.text)
    CAN1_RX1_IRQHandler                      0x080001b7   Thumb Code     0  startup_stm32f407xx.o(.text)
    CAN1_SCE_IRQHandler                      0x080001b7   Thumb Code     0  startup_stm32f407xx.o(.text)
    CAN1_TX_IRQHandler                       0x080001b7   Thumb Code     0  startup_stm32f407xx.o(.text)
    CAN2_RX0_IRQHandler                      0x080001b7   Thumb Code     0  startup_stm32f407xx.o(.text)
    CAN2_RX1_IRQHandler                      0x080001b7   Thumb Code     0  startup_stm32f407xx.o(.text)
    CAN2_SCE_IRQHandler                      0x080001b7   Thumb Code     0  startup_stm32f407xx.o(.text)
    CAN2_TX_IRQHandler                       0x080001b7   Thumb Code     0  startup_stm32f407xx.o(.text)
    DCMI_IRQHandler                          0x080001b7   Thumb Code     0  startup_stm32f407xx.o(.text)
    DMA1_Stream1_IRQHandler                  0x080001b7   Thumb Code     0  startup_stm32f407xx.o(.text)
    DMA1_Stream2_IRQHandler                  0x080001b7   Thumb Code     0  startup_stm32f407xx.o(.text)
    DMA1_Stream3_IRQHandler                  0x080001b7   Thumb Code     0  startup_stm32f407xx.o(.text)
    DMA1_Stream4_IRQHandler                  0x080001b7   Thumb Code     0  startup_stm32f407xx.o(.text)
    DMA1_Stream5_IRQHandler                  0x080001b7   Thumb Code     0  startup_stm32f407xx.o(.text)
    DMA1_Stream7_IRQHandler                  0x080001b7   Thumb Code     0  startup_stm32f407xx.o(.text)
    DMA2_Stream0_IRQHandler                  0x080001b7   Thumb Code     0  startup_stm32f407xx.o(.text)
    DMA2_Stream1_IRQHandler                  0x080001b7   Thumb Code     0  startup_stm32f407xx.o(.text)
    DMA2_Stream2_IRQHandler                  0x080001b7   Thumb Code     0  startup_stm32f407xx.o(.text)
    DMA2_Stream3_IRQHandler                  0x080001b7   Thumb Code     0  startup_stm32f407xx.o(.text)
    DMA2_Stream4_IRQHandler                  0x080001b7   Thumb Code     0  startup_stm32f407xx.o(.text)
    DMA2_Stream5_IRQHandler                  0x080001b7   Thumb Code     0  startup_stm32f407xx.o(.text)
    DMA2_Stream6_IRQHandler                  0x080001b7   Thumb Code     0  startup_stm32f407xx.o(.text)
    DMA2_Stream7_IRQHandler                  0x080001b7   Thumb Code     0  startup_stm32f407xx.o(.text)
    ETH_IRQHandler                           0x080001b7   Thumb Code     0  startup_stm32f407xx.o(.text)
    ETH_WKUP_IRQHandler                      0x080001b7   Thumb Code     0  startup_stm32f407xx.o(.text)
    EXTI0_IRQHandler                         0x080001b7   Thumb Code     0  startup_stm32f407xx.o(.text)
    EXTI15_10_IRQHandler                     0x080001b7   Thumb Code     0  startup_stm32f407xx.o(.text)
    EXTI1_IRQHandler                         0x080001b7   Thumb Code     0  startup_stm32f407xx.o(.text)
    EXTI2_IRQHandler                         0x080001b7   Thumb Code     0  startup_stm32f407xx.o(.text)
    EXTI4_IRQHandler                         0x080001b7   Thumb Code     0  startup_stm32f407xx.o(.text)
    FLASH_IRQHandler                         0x080001b7   Thumb Code     0  startup_stm32f407xx.o(.text)
    FMC_IRQHandler                           0x080001b7   Thumb Code     0  startup_stm32f407xx.o(.text)
    FPU_IRQHandler                           0x080001b7   Thumb Code     0  startup_stm32f407xx.o(.text)
    HASH_RNG_IRQHandler                      0x080001b7   Thumb Code     0  startup_stm32f407xx.o(.text)
    I2C1_ER_IRQHandler                       0x080001b7   Thumb Code     0  startup_stm32f407xx.o(.text)
    I2C1_EV_IRQHandler                       0x080001b7   Thumb Code     0  startup_stm32f407xx.o(.text)
    I2C2_ER_IRQHandler                       0x080001b7   Thumb Code     0  startup_stm32f407xx.o(.text)
    I2C2_EV_IRQHandler                       0x080001b7   Thumb Code     0  startup_stm32f407xx.o(.text)
    I2C3_ER_IRQHandler                       0x080001b7   Thumb Code     0  startup_stm32f407xx.o(.text)
    I2C3_EV_IRQHandler                       0x080001b7   Thumb Code     0  startup_stm32f407xx.o(.text)
    OTG_FS_IRQHandler                        0x080001b7   Thumb Code     0  startup_stm32f407xx.o(.text)
    OTG_FS_WKUP_IRQHandler                   0x080001b7   Thumb Code     0  startup_stm32f407xx.o(.text)
    OTG_HS_EP1_IN_IRQHandler                 0x080001b7   Thumb Code     0  startup_stm32f407xx.o(.text)
    OTG_HS_EP1_OUT_IRQHandler                0x080001b7   Thumb Code     0  startup_stm32f407xx.o(.text)
    OTG_HS_IRQHandler                        0x080001b7   Thumb Code     0  startup_stm32f407xx.o(.text)
    OTG_HS_WKUP_IRQHandler                   0x080001b7   Thumb Code     0  startup_stm32f407xx.o(.text)
    PVD_IRQHandler                           0x080001b7   Thumb Code     0  startup_stm32f407xx.o(.text)
    RCC_IRQHandler                           0x080001b7   Thumb Code     0  startup_stm32f407xx.o(.text)
    RTC_Alarm_IRQHandler                     0x080001b7   Thumb Code     0  startup_stm32f407xx.o(.text)
    RTC_WKUP_IRQHandler                      0x080001b7   Thumb Code     0  startup_stm32f407xx.o(.text)
    SDIO_IRQHandler                          0x080001b7   Thumb Code     0  startup_stm32f407xx.o(.text)
    SPI1_IRQHandler                          0x080001b7   Thumb Code     0  startup_stm32f407xx.o(.text)
    SPI2_IRQHandler                          0x080001b7   Thumb Code     0  startup_stm32f407xx.o(.text)
    SPI3_IRQHandler                          0x080001b7   Thumb Code     0  startup_stm32f407xx.o(.text)
    TAMP_STAMP_IRQHandler                    0x080001b7   Thumb Code     0  startup_stm32f407xx.o(.text)
    TIM1_BRK_TIM9_IRQHandler                 0x080001b7   Thumb Code     0  startup_stm32f407xx.o(.text)
    TIM1_CC_IRQHandler                       0x080001b7   Thumb Code     0  startup_stm32f407xx.o(.text)
    TIM1_TRG_COM_TIM11_IRQHandler            0x080001b7   Thumb Code     0  startup_stm32f407xx.o(.text)
    TIM1_UP_TIM10_IRQHandler                 0x080001b7   Thumb Code     0  startup_stm32f407xx.o(.text)
    TIM2_IRQHandler                          0x080001b7   Thumb Code     0  startup_stm32f407xx.o(.text)
    TIM5_IRQHandler                          0x080001b7   Thumb Code     0  startup_stm32f407xx.o(.text)
    TIM6_DAC_IRQHandler                      0x080001b7   Thumb Code     0  startup_stm32f407xx.o(.text)
    TIM7_IRQHandler                          0x080001b7   Thumb Code     0  startup_stm32f407xx.o(.text)
    TIM8_BRK_TIM12_IRQHandler                0x080001b7   Thumb Code     0  startup_stm32f407xx.o(.text)
    TIM8_CC_IRQHandler                       0x080001b7   Thumb Code     0  startup_stm32f407xx.o(.text)
    TIM8_TRG_COM_TIM14_IRQHandler            0x080001b7   Thumb Code     0  startup_stm32f407xx.o(.text)
    TIM8_UP_TIM13_IRQHandler                 0x080001b7   Thumb Code     0  startup_stm32f407xx.o(.text)
    UART4_IRQHandler                         0x080001b7   Thumb Code     0  startup_stm32f407xx.o(.text)
    UART5_IRQHandler                         0x080001b7   Thumb Code     0  startup_stm32f407xx.o(.text)
    USART2_IRQHandler                        0x080001b7   Thumb Code     0  startup_stm32f407xx.o(.text)
    USART3_IRQHandler                        0x080001b7   Thumb Code     0  startup_stm32f407xx.o(.text)
    USART6_IRQHandler                        0x080001b7   Thumb Code     0  startup_stm32f407xx.o(.text)
    WWDG_IRQHandler                          0x080001b7   Thumb Code     0  startup_stm32f407xx.o(.text)
    __aeabi_uldivmod                         0x080001c1   Thumb Code    98  uldiv.o(.text)
    strlen                                   0x08000223   Thumb Code    14  strlen.o(.text)
    __aeabi_dadd                             0x08000231   Thumb Code   322  dadd.o(.text)
    __aeabi_dsub                             0x08000373   Thumb Code     6  dadd.o(.text)
    __aeabi_drsub                            0x08000379   Thumb Code     6  dadd.o(.text)
    __aeabi_dmul                             0x0800037f   Thumb Code   228  dmul.o(.text)
    __aeabi_ddiv                             0x08000463   Thumb Code   222  ddiv.o(.text)
    __aeabi_i2d                              0x08000541   Thumb Code    34  dflti.o(.text)
    __aeabi_f2d                              0x08000563   Thumb Code    38  f2d.o(.text)
    __aeabi_cdcmpeq                          0x08000589   Thumb Code     0  cdcmple.o(.text)
    __aeabi_cdcmple                          0x08000589   Thumb Code    48  cdcmple.o(.text)
    __aeabi_d2f                              0x080005b9   Thumb Code    56  d2f.o(.text)
    __aeabi_uidiv                            0x080005f1   Thumb Code     0  uidiv.o(.text)
    __aeabi_uidivmod                         0x080005f1   Thumb Code    44  uidiv.o(.text)
    __aeabi_llsl                             0x0800061d   Thumb Code    30  llshl.o(.text)
    _ll_shift_l                              0x0800061d   Thumb Code     0  llshl.o(.text)
    __aeabi_llsr                             0x0800063b   Thumb Code    32  llushr.o(.text)
    _ll_ushift_r                             0x0800063b   Thumb Code     0  llushr.o(.text)
    __aeabi_lasr                             0x0800065b   Thumb Code    36  llsshr.o(.text)
    _ll_sshift_r                             0x0800065b   Thumb Code     0  llsshr.o(.text)
    __I$use$fp                               0x0800067f   Thumb Code     0  iusefp.o(.text)
    _float_round                             0x0800067f   Thumb Code    18  fepilogue.o(.text)
    _float_epilogue                          0x08000691   Thumb Code    92  fepilogue.o(.text)
    _double_round                            0x080006ed   Thumb Code    30  depilogue.o(.text)
    _double_epilogue                         0x0800070b   Thumb Code   156  depilogue.o(.text)
    __aeabi_d2ulz                            0x080007a7   Thumb Code    48  dfixul.o(.text)
    __aeabi_cdrcmple                         0x080007d9   Thumb Code    48  cdrcmple.o(.text)
    __scatterload                            0x08000809   Thumb Code    28  init.o(.text)
    __scatterload_rt2                        0x08000809   Thumb Code     0  init.o(.text)
    __decompress                             0x0800082d   Thumb Code     0  __dczerorl.o(.text)
    __decompress0                            0x0800082d   Thumb Code    58  __dczerorl.o(.text)
    AD5245_Write                             0x08000869   Thumb Code    32  sys.o(i.AD5245_Write)
    CalcOutputK                              0x080009e9   Thumb Code   196  pid.o(i.CalcOutputK)
    DAC_init                                 0x08000abd   Thumb Code   124  da.o(i.DAC_init)
    DAC_preInit                              0x08000b41   Thumb Code    58  da.o(i.DAC_preInit)
    DMA1_Stream0_IRQHandler                  0x08000b89   Thumb Code    10  stm32f4xx_it.o(i.DMA1_Stream0_IRQHandler)
    DMA1_Stream6_IRQHandler                  0x08000b99   Thumb Code    10  stm32f4xx_it.o(i.DMA1_Stream6_IRQHandler)
    EXTI3_IRQHandler                         0x08000c89   Thumb Code    56  stm32f4xx_it.o(i.EXTI3_IRQHandler)
    EXTI9_5_IRQHandler                       0x08000cd9   Thumb Code   262  stm32f4xx_it.o(i.EXTI9_5_IRQHandler)
    FSMC_NORSRAM_Extended_Timing_Init        0x08000e31   Thumb Code    66  stm32f4xx_ll_fsmc.o(i.FSMC_NORSRAM_Extended_Timing_Init)
    FSMC_NORSRAM_Init                        0x08000e79   Thumb Code    88  stm32f4xx_ll_fsmc.o(i.FSMC_NORSRAM_Init)
    FSMC_NORSRAM_Timing_Init                 0x08000ed5   Thumb Code    68  stm32f4xx_ll_fsmc.o(i.FSMC_NORSRAM_Timing_Init)
    GetLightStatus                           0x08000f19   Thumb Code   176  sys.o(i.GetLightStatus)
    Get_Adc                                  0x08000ff9   Thumb Code    88  sys.o(i.Get_Adc)
    HAL_ADC_ConfigChannel                    0x08001055   Thumb Code   380  stm32f4xx_hal_adc.o(i.HAL_ADC_ConfigChannel)
    HAL_ADC_GetValue                         0x080011e1   Thumb Code     8  stm32f4xx_hal_adc.o(i.HAL_ADC_GetValue)
    HAL_ADC_Init                             0x080011e9   Thumb Code   100  stm32f4xx_hal_adc.o(i.HAL_ADC_Init)
    HAL_ADC_MspInit                          0x08001251   Thumb Code    70  stm32f4xx_hal_msp.o(i.HAL_ADC_MspInit)
    HAL_ADC_PollForConversion                0x080012a5   Thumb Code   186  stm32f4xx_hal_adc.o(i.HAL_ADC_PollForConversion)
    HAL_ADC_Start                            0x08001361   Thumb Code   238  stm32f4xx_hal_adc.o(i.HAL_ADC_Start)
    HAL_DMA_Abort_IT                         0x08001461   Thumb Code    40  stm32f4xx_hal_dma.o(i.HAL_DMA_Abort_IT)
    HAL_DMA_IRQHandler                       0x08001489   Thumb Code   570  stm32f4xx_hal_dma.o(i.HAL_DMA_IRQHandler)
    HAL_DMA_Init                             0x080016c9   Thumb Code   232  stm32f4xx_hal_dma.o(i.HAL_DMA_Init)
    HAL_Delay_ms                             0x080017b5   Thumb Code    22  sys.o(i.HAL_Delay_ms)
    HAL_Delay_us                             0x080017cb   Thumb Code    78  sys.o(i.HAL_Delay_us)
    HAL_GPIO_EXTI_Callback                   0x080018c1   Thumb Code     2  stm32f4xx_hal_gpio.o(i.HAL_GPIO_EXTI_Callback)
    HAL_GPIO_EXTI_IRQHandler                 0x080018c5   Thumb Code    24  stm32f4xx_hal_gpio.o(i.HAL_GPIO_EXTI_IRQHandler)
    HAL_GPIO_Init                            0x080018e1   Thumb Code   466  stm32f4xx_hal_gpio.o(i.HAL_GPIO_Init)
    HAL_GPIO_ReadPin                         0x08001ae1   Thumb Code    16  stm32f4xx_hal_gpio.o(i.HAL_GPIO_ReadPin)
    HAL_GPIO_WritePin                        0x08001af1   Thumb Code    12  stm32f4xx_hal_gpio.o(i.HAL_GPIO_WritePin)
    HAL_GetTick                              0x08001afd   Thumb Code     6  stm32f4xx_hal.o(i.HAL_GetTick)
    HAL_I2C_Init                             0x08001b09   Thumb Code   286  stm32f4xx_hal_i2c.o(i.HAL_I2C_Init)
    HAL_I2C_Mem_Write                        0x08001c31   Thumb Code   384  stm32f4xx_hal_i2c.o(i.HAL_I2C_Mem_Write)
    HAL_I2C_MspInit                          0x08001db9   Thumb Code   204  stm32f4xx_hal_msp.o(i.HAL_I2C_MspInit)
    HAL_IncTick                              0x08001eb9   Thumb Code    16  stm32f4xx_hal.o(i.HAL_IncTick)
    HAL_Init                                 0x08001ed1   Thumb Code    54  stm32f4xx_hal.o(i.HAL_Init)
    HAL_InitTick                             0x08001f0d   Thumb Code    64  stm32f4xx_hal.o(i.HAL_InitTick)
    HAL_MspInit                              0x08001f59   Thumb Code   150  stm32f4xx_hal_msp.o(i.HAL_MspInit)
    HAL_NVIC_EnableIRQ                       0x08001ff5   Thumb Code    26  stm32f4xx_hal_cortex.o(i.HAL_NVIC_EnableIRQ)
    HAL_NVIC_SetPriority                     0x0800200f   Thumb Code   124  stm32f4xx_hal_cortex.o(i.HAL_NVIC_SetPriority)
    HAL_NVIC_SetPriorityGrouping             0x0800208d   Thumb Code    32  stm32f4xx_hal_cortex.o(i.HAL_NVIC_SetPriorityGrouping)
    HAL_RCC_ClockConfig                      0x080020b5   Thumb Code   366  stm32f4xx_hal_rcc.o(i.HAL_RCC_ClockConfig)
    HAL_RCC_GetHCLKFreq                      0x08002235   Thumb Code     6  stm32f4xx_hal_rcc.o(i.HAL_RCC_GetHCLKFreq)
    HAL_RCC_GetPCLK1Freq                     0x08002241   Thumb Code    22  stm32f4xx_hal_rcc.o(i.HAL_RCC_GetPCLK1Freq)
    HAL_RCC_GetPCLK2Freq                     0x08002261   Thumb Code    22  stm32f4xx_hal_rcc.o(i.HAL_RCC_GetPCLK2Freq)
    HAL_RCC_GetSysClockFreq                  0x08002281   Thumb Code   162  stm32f4xx_hal_rcc.o(i.HAL_RCC_GetSysClockFreq)
    HAL_RCC_OscConfig                        0x08002331   Thumb Code  1086  stm32f4xx_hal_rcc.o(i.HAL_RCC_OscConfig)
    HAL_SPI_Init                             0x08002779   Thumb Code   140  stm32f4xx_hal_spi.o(i.HAL_SPI_Init)
    HAL_SPI_MspInit                          0x08002805   Thumb Code    78  stm32f4xx_hal_msp.o(i.HAL_SPI_MspInit)
    HAL_SPI_Transmit                         0x08002861   Thumb Code   422  stm32f4xx_hal_spi.o(i.HAL_SPI_Transmit)
    HAL_SRAM_Init                            0x08002a07   Thumb Code    88  stm32f4xx_hal_sram.o(i.HAL_SRAM_Init)
    HAL_SRAM_MspInit                         0x08002a5f   Thumb Code    10  stm32f4xx_hal_msp.o(i.HAL_SRAM_MspInit)
    HAL_SYSTICK_CLKSourceConfig              0x08002a69   Thumb Code    40  stm32f4xx_hal_cortex.o(i.HAL_SYSTICK_CLKSourceConfig)
    HAL_SYSTICK_Callback                     0x08002a91   Thumb Code     2  stm32f4xx_hal_cortex.o(i.HAL_SYSTICK_Callback)
    HAL_SYSTICK_Config                       0x08002a93   Thumb Code    52  stm32f4xx_hal_cortex.o(i.HAL_SYSTICK_Config)
    HAL_SYSTICK_IRQHandler                   0x08002ac7   Thumb Code     8  stm32f4xx_hal_cortex.o(i.HAL_SYSTICK_IRQHandler)
    HAL_TIMEx_BreakCallback                  0x08002acf   Thumb Code     2  stm32f4xx_hal_tim_ex.o(i.HAL_TIMEx_BreakCallback)
    HAL_TIMEx_CommutationCallback            0x08002ad1   Thumb Code     2  stm32f4xx_hal_tim_ex.o(i.HAL_TIMEx_CommutationCallback)
    HAL_TIMEx_MasterConfigSynchronization    0x08002ad3   Thumb Code    98  stm32f4xx_hal_tim_ex.o(i.HAL_TIMEx_MasterConfigSynchronization)
    HAL_TIM_Base_Init                        0x08002b35   Thumb Code    52  stm32f4xx_hal_tim.o(i.HAL_TIM_Base_Init)
    HAL_TIM_Base_MspInit                     0x08002b69   Thumb Code   120  stm32f4xx_hal_msp.o(i.HAL_TIM_Base_MspInit)
    HAL_TIM_Base_Start_IT                    0x08002bed   Thumb Code    30  stm32f4xx_hal_tim.o(i.HAL_TIM_Base_Start_IT)
    HAL_TIM_ConfigClockSource                0x08002c0b   Thumb Code   306  stm32f4xx_hal_tim.o(i.HAL_TIM_ConfigClockSource)
    HAL_TIM_IC_CaptureCallback               0x08002d3d   Thumb Code     2  stm32f4xx_hal_tim.o(i.HAL_TIM_IC_CaptureCallback)
    HAL_TIM_IRQHandler                       0x08002d3f   Thumb Code   406  stm32f4xx_hal_tim.o(i.HAL_TIM_IRQHandler)
    HAL_TIM_OC_DelayElapsedCallback          0x08002ed5   Thumb Code     2  stm32f4xx_hal_tim.o(i.HAL_TIM_OC_DelayElapsedCallback)
    HAL_TIM_PWM_PulseFinishedCallback        0x08002ed7   Thumb Code     2  stm32f4xx_hal_tim.o(i.HAL_TIM_PWM_PulseFinishedCallback)
    HAL_TIM_PeriodElapsedCallback            0x08002ed9   Thumb Code     2  stm32f4xx_hal_tim.o(i.HAL_TIM_PeriodElapsedCallback)
    HAL_TIM_TriggerCallback                  0x08002edb   Thumb Code     2  stm32f4xx_hal_tim.o(i.HAL_TIM_TriggerCallback)
    HAL_UART_ErrorCallback                   0x08002edd   Thumb Code     2  stm32f4xx_hal_uart.o(i.HAL_UART_ErrorCallback)
    HAL_UART_IRQHandler                      0x08002ee1   Thumb Code   326  stm32f4xx_hal_uart.o(i.HAL_UART_IRQHandler)
    HAL_UART_Init                            0x0800302d   Thumb Code   114  stm32f4xx_hal_uart.o(i.HAL_UART_Init)
    HAL_UART_MspInit                         0x080030a1   Thumb Code    96  stm32f4xx_hal_msp.o(i.HAL_UART_MspInit)
    HAL_UART_Receive_IT                      0x0800310d   Thumb Code   100  stm32f4xx_hal_uart.o(i.HAL_UART_Receive_IT)
    HAL_UART_RxCpltCallback                  0x08003171   Thumb Code   616  stm32f4xx_it.o(i.HAL_UART_RxCpltCallback)
    HAL_UART_Transmit                        0x08003419   Thumb Code   214  stm32f4xx_hal_uart.o(i.HAL_UART_Transmit)
    HAL_UART_TxCpltCallback                  0x080034ef   Thumb Code     2  stm32f4xx_hal_uart.o(i.HAL_UART_TxCpltCallback)
    MakeMessage                              0x08003d15   Thumb Code   356  sys.o(i.MakeMessage)
    MovingMirrorSpeedUp                      0x08003eb1   Thumb Code    84  pid.o(i.MovingMirrorSpeedUp)
    OutputDrive                              0x08003f59   Thumb Code   186  pid.o(i.OutputDrive)
    PIDCalc                                  0x08004035   Thumb Code   196  pid.o(i.PIDCalc)
    PIDInit                                  0x08004121   Thumb Code   906  pid.o(i.PIDInit)
    PIDReset                                 0x08004505   Thumb Code    58  pid.o(i.PIDReset)
    PIDSpeedCtrl                             0x08004579   Thumb Code   124  pid.o(i.PIDSpeedCtrl)
    ResolutionInit                           0x08004609   Thumb Code   188  pid.o(i.ResolutionInit)
    SHT_Cal_TH                               0x080046d5   Thumb Code   220  shtxx.o(i.SHT_Cal_TH)
    SHT_Mea_TH                               0x080047e5   Thumb Code   150  shtxx.o(i.SHT_Mea_TH)
    SHT_Rea_Byte                             0x08004885   Thumb Code   178  shtxx.o(i.SHT_Rea_Byte)
    SHT_Tra_Sta                              0x0800493d   Thumb Code   136  shtxx.o(i.SHT_Tra_Sta)
    SHT_Wri_Byte                             0x080049c9   Thumb Code   160  shtxx.o(i.SHT_Wri_Byte)
    SetDataIn                                0x08004b41   Thumb Code    24  shtxx.o(i.SetDataIn)
    SetDataOut                               0x08004b5d   Thumb Code    24  shtxx.o(i.SetDataOut)
    SetOutput                                0x08004b79   Thumb Code    14  sys.o(i.SetOutput)
    ShtMeasure                               0x08004b8d   Thumb Code   122  shtxx.o(i.ShtMeasure)
    SysTick_Handler                          0x08004c07   Thumb Code    12  stm32f4xx_it.o(i.SysTick_Handler)
    SystemClock_Config                       0x08004c15   Thumb Code   198  main.o(i.SystemClock_Config)
    SystemInit                               0x08004cf5   Thumb Code    82  system_stm32f4xx.o(i.SystemInit)
    SystemReset                              0x08004d59   Thumb Code    88  sys.o(i.SystemReset)
    TIM3_IRQHandler                          0x08004df5   Thumb Code   952  stm32f4xx_it.o(i.TIM3_IRQHandler)
    TIM4_IRQHandler                          0x0800523d   Thumb Code  1704  stm32f4xx_it.o(i.TIM4_IRQHandler)
    TIM_Base_SetConfig                       0x08005921   Thumb Code   184  stm32f4xx_hal_tim.o(i.TIM_Base_SetConfig)
    USART1_IRQHandler                        0x08005fb1   Thumb Code    10  stm32f4xx_it.o(i.USART1_IRQHandler)
    Write_AD_5791                            0x08005fc1   Thumb Code    70  da.o(i.Write_AD_5791)
    _Error_Handler                           0x08006011   Thumb Code     4  main.o(i._Error_Handler)
    __0sprintf                               0x08006015   Thumb Code    34  printfa.o(i.__0sprintf)
    __1sprintf                               0x08006015   Thumb Code     0  printfa.o(i.__0sprintf)
    __2sprintf                               0x08006015   Thumb Code     0  printfa.o(i.__0sprintf)
    __c89sprintf                             0x08006015   Thumb Code     0  printfa.o(i.__0sprintf)
    sprintf                                  0x08006015   Thumb Code     0  printfa.o(i.__0sprintf)
    __hardfp_sqrtf                           0x0800603d   Thumb Code    58  sqrtf.o(i.__hardfp_sqrtf)
    __scatterload_copy                       0x08006077   Thumb Code    14  handlers.o(i.__scatterload_copy)
    __scatterload_null                       0x08006085   Thumb Code     2  handlers.o(i.__scatterload_null)
    __scatterload_zeroinit                   0x08006087   Thumb Code    14  handlers.o(i.__scatterload_zeroinit)
    __set_errno                              0x08006095   Thumb Code     6  errno.o(i.__set_errno)
    main                                     0x0800695d   Thumb Code    96  main.o(i.main)
    preStartMove                             0x080069d9   Thumb Code    20  pid.o(i.preStartMove)
    AHBPrescTable                            0x080069f8   Data          16  system_stm32f4xx.o(.constdata)
    APBPrescTable                            0x08006a08   Data           8  system_stm32f4xx.o(.constdata)
    Region$$Table$$Base                      0x08006a10   Number         0  anon$$obj.o(Region$$Table)
    Region$$Table$$Limit                     0x08006a30   Number         0  anon$$obj.o(Region$$Table)
    uwTick                                   0x20000000   Data           4  stm32f4xx_hal.o(.data)
    uwTickPrio                               0x20000004   Data           4  stm32f4xx_hal.o(.data)
    uwTickFreq                               0x20000008   Data           1  stm32f4xx_hal.o(.data)
    SpeedPreset                              0x2000000c   Data           4  sys.o(.data)
    ResolutionPreset                         0x20000010   Data           4  sys.o(.data)
    LightIntensity                           0x20000014   Data           4  sys.o(.data)
    SpeedClass                               0x20000018   Data           4  sys.o(.data)
    ResolutionClass                          0x2000001c   Data           4  sys.o(.data)
    GatherDirection                          0x20000020   Data           4  sys.o(.data)
    DistanceCompensate                       0x20000024   Data           4  sys.o(.data)
    MagneticRevise                           0x20000028   Data           4  sys.o(.data)
    SpeedTarget                              0x2000002c   Data           4  sys.o(.data)
    StartSpeedTarget                         0x20000030   Data           4  sys.o(.data)
    StopSpeedTarget                          0x20000034   Data           4  sys.o(.data)
    ZeroOffset                               0x20000038   Data           2  sys.o(.data)
    GotoLimit                                0x2000003c   Data           4  sys.o(.data)
    AwayLimit                                0x20000040   Data           4  sys.o(.data)
    OutputMax                                0x20000044   Data           4  sys.o(.data)
    StartValue                               0x20000048   Data           2  sys.o(.data)
    LimitCompensation                        0x2000004c   Data           4  sys.o(.data)
    PIDDoor                                  0x20000050   Data           4  sys.o(.data)
    GotoAccRate                              0x20000054   Data           4  sys.o(.data)
    GotoStopRate                             0x20000058   Data           4  sys.o(.data)
    AwayAccRate                              0x2000005c   Data           4  sys.o(.data)
    AwayStopRate                             0x20000060   Data           4  sys.o(.data)
    MirrorSpeed                              0x20000064   Data           4  sys.o(.data)
    PassedDistance                           0x20000068   Data           4  sys.o(.data)
    IsNewPulse                               0x2000006c   Data           1  sys.o(.data)
    IsNewSpeed                               0x2000006d   Data           1  sys.o(.data)
    MoveDirection                            0x2000006e   Data           1  sys.o(.data)
    Motor_Idle                               0x20000070   Data           4  sys.o(.data)
    Light_Idle                               0x20000074   Data           4  sys.o(.data)
    IsNewSpeedForUart                        0x20000078   Data           1  sys.o(.data)
    PasseddistanceRevise                     0x2000007c   Data           4  sys.o(.data)
    PasseddistanceRevisedFlag                0x20000080   Data           4  sys.o(.data)
    ZeroArrived                              0x20000084   Data           4  sys.o(.data)
    ZeroChecked                              0x20000088   Data           4  sys.o(.data)
    Zero                                     0x2000008c   Data           4  sys.o(.data)
    ZeroOutput                               0x20000090   Data           4  sys.o(.data)
    LightVoltage                             0x20000094   Data           4  sys.o(.data)
    LightCurrent                             0x20000098   Data           4  sys.o(.data)
    ZeroCheckTimes                           0x2000009c   Data           4  sys.o(.data)
    ShtError                                 0x200000a0   Data           4  sys.o(.data)
    CmdNum                                   0x200000a4   Data           4  sys.o(.data)
    CmdPos                                   0x200000a8   Data           4  sys.o(.data)
    ShtWatchFlag                             0x200000ac   Data           4  sys.o(.data)
    ProcessFlag                              0x200000b0   Data           1  sys.o(.data)
    ResetCount                               0x200000b4   Data           4  sys.o(.data)
    PIDValue                                 0x200000b8   Data           4  sys.o(.data)
    StartStopCount                           0x200000bc   Data           4  sys.o(.data)
    SleepFlag                                0x200000c0   Data           4  sys.o(.data)
    UARTCount                                0x200000c4   Data           4  sys.o(.data)
    Checkflag                                0x200000c8   Data           1  sys.o(.data)
    UartSendFlag                             0x200000cc   Data           4  sys.o(.data)
    Uart1_Data_buffer                        0x200000d0   Data           6  sys.o(.data)
    Uart1_Data                               0x200000d6   Data           1  sys.o(.data)
    Uart1_Data_length                        0x200000d7   Data           1  sys.o(.data)
    Uart3_Data_buffer                        0x200000d8   Data           6  sys.o(.data)
    Uart3_Data                               0x200000de   Data           1  sys.o(.data)
    Uart3_Data_length                        0x200000df   Data           1  sys.o(.data)
    ADCMeasureCount                          0x200000e0   Data           4  sys.o(.data)
    OverSpeedCount                           0x200000e4   Data           4  sys.o(.data)
    NotPassedZeroTimes                       0x200000e8   Data           4  sys.o(.data)
    NoPulseTimes                             0x200000ec   Data           4  sys.o(.data)
    OverSpeedCheck                           0x200000f0   Data           4  sys.o(.data)
    OverSpeedDoor                            0x200000f4   Data           4  sys.o(.data)
    NoPulseTimesDoor                         0x200000f8   Data           4  sys.o(.data)
    NotPassedZeroDoor                        0x200000fc   Data           4  sys.o(.data)
    newtr                                    0x20000100   Data           4  sys.o(.data)
    newtest                                  0x20000104   Data           4  sys.o(.data)
    stopcount                                0x20000108   Data           4  sys.o(.data)
    watch                                    0x2000010c   Data           4  sys.o(.data)
    watch1                                   0x20000110   Data           4  pid.o(.data)
    watch2                                   0x20000114   Data           4  pid.o(.data)
    watch3                                   0x20000118   Data           4  pid.o(.data)
    watch4                                   0x2000011c   Data           4  pid.o(.data)
    dError                                   0x20000120   Data           4  pid.o(.data)
    Error                                    0x20000124   Data           4  pid.o(.data)
    SubError                                 0x20000128   Data           4  pid.o(.data)
    Total                                    0x2000012c   Data           4  pid.o(.data)
    LastError                                0x20000130   Data           4  pid.o(.data)
    PrevError                                0x20000134   Data           4  pid.o(.data)
    SumError                                 0x20000138   Data           4  pid.o(.data)
    Std                                      0x2000013c   Data           4  pid.o(.data)
    Proportion                               0x20000140   Data           4  pid.o(.data)
    Integral                                 0x20000144   Data           4  pid.o(.data)
    Derivative                               0x20000148   Data           4  pid.o(.data)
    MechanicalZeroOffset                     0x2000014c   Data           4  pid.o(.data)
    Coefficient                              0x20000150   Data           4  pid.o(.data)
    OutValueMax                              0x20000154   Data           4  pid.o(.data)
    Output                                   0x20000158   Data           4  pid.o(.data)
    PIDMax                                   0x2000015c   Data           4  pid.o(.data)
    y                                        0x20000174   Data           4  stm32f4xx_it.o(.data)
    yf                                       0x20000178   Data           4  stm32f4xx_it.o(.data)
    yff                                      0x2000017c   Data           4  stm32f4xx_it.o(.data)
    p                                        0x20000180   Data           4  stm32f4xx_it.o(.data)
    SpeedTransmit                            0x20000184   Data           1  stm32f4xx_it.o(.data)
    SystemCoreClock                          0x20000190   Data           4  system_stm32f4xx.o(.data)
    ReadSpeed                                0x20000198   Data          12  sys.o(.bss)
    humi                                     0x200001a4   Data          16  sys.o(.bss)
    temp                                     0x200001b4   Data          16  sys.o(.bss)
    CmdBuf                                   0x200001c4   Data          10  sys.o(.bss)
    Uart1_Trans_buffer                       0x200001ce   Data          20  sys.o(.bss)
    Uart3_Trans_buffer                       0x200001e2   Data          20  sys.o(.bss)
    speedtestbuffer                          0x200001f8   Data        8000  sys.o(.bss)
    outtestbuffer                            0x20002138   Data        8000  sys.o(.bss)
    outxbuffer                               0x20004078   Data        8000  sys.o(.bss)
    outybuffer                               0x20005fb8   Data        8000  sys.o(.bss)
    hadc3                                    0x20007ef8   Data          72  main.o(.bss)
    hi2c1                                    0x20007f40   Data          84  main.o(.bss)
    hdma_i2c1_rx                             0x20007f94   Data          96  main.o(.bss)
    hdma_i2c1_tx                             0x20007ff4   Data          96  main.o(.bss)
    hspi1                                    0x20008054   Data          88  main.o(.bss)
    htim3                                    0x200080ac   Data          60  main.o(.bss)
    htim4                                    0x200080e8   Data          60  main.o(.bss)
    huart1                                   0x20008124   Data          64  main.o(.bss)
    hsram1                                   0x20008164   Data          80  main.o(.bss)
    __initial_sp                             0x200085b8   Data           0  startup_stm32f407xx.o(STACK)



==============================================================================

Memory Map of the image

  Image Entry point : 0x08000189

  Load Region LR_IROM1 (Base: 0x08000000, Size: 0x00006bc8, Max: 0x00100000, ABSOLUTE, COMPRESSED[0x00006a64])

    Execution Region ER_IROM1 (Exec base: 0x08000000, Load base: 0x08000000, Size: 0x00006a30, Max: 0x00100000, ABSOLUTE)

    Exec Addr    Load Addr    Size         Type   Attr      Idx    E Section Name        Object

    0x08000000   0x08000000   0x00000188   Data   RO            3    RESET               startup_stm32f407xx.o
    0x08000188   0x08000188   0x00000000   Code   RO         4372  * .ARM.Collect$$$$00000000  mc_w.l(entry.o)
    0x08000188   0x08000188   0x00000004   Code   RO         4654    .ARM.Collect$$$$00000001  mc_w.l(entry2.o)
    0x0800018c   0x0800018c   0x00000004   Code   RO         4657    .ARM.Collect$$$$00000004  mc_w.l(entry5.o)
    0x08000190   0x08000190   0x00000000   Code   RO         4659    .ARM.Collect$$$$00000008  mc_w.l(entry7b.o)
    0x08000190   0x08000190   0x00000000   Code   RO         4661    .ARM.Collect$$$$0000000A  mc_w.l(entry8b.o)
    0x08000190   0x08000190   0x00000008   Code   RO         4662    .ARM.Collect$$$$0000000B  mc_w.l(entry9a.o)
    0x08000198   0x08000198   0x00000000   Code   RO         4664    .ARM.Collect$$$$0000000D  mc_w.l(entry10a.o)
    0x08000198   0x08000198   0x00000000   Code   RO         4666    .ARM.Collect$$$$0000000F  mc_w.l(entry11a.o)
    0x08000198   0x08000198   0x00000004   Code   RO         4655    .ARM.Collect$$$$00002712  mc_w.l(entry2.o)
    0x0800019c   0x0800019c   0x00000024   Code   RO            4    .text               startup_stm32f407xx.o
    0x080001c0   0x080001c0   0x00000062   Code   RO         4375    .text               mc_w.l(uldiv.o)
    0x08000222   0x08000222   0x0000000e   Code   RO         4377    .text               mc_w.l(strlen.o)
    0x08000230   0x08000230   0x0000014e   Code   RO         4640    .text               mf_w.l(dadd.o)
    0x0800037e   0x0800037e   0x000000e4   Code   RO         4642    .text               mf_w.l(dmul.o)
    0x08000462   0x08000462   0x000000de   Code   RO         4644    .text               mf_w.l(ddiv.o)
    0x08000540   0x08000540   0x00000022   Code   RO         4646    .text               mf_w.l(dflti.o)
    0x08000562   0x08000562   0x00000026   Code   RO         4648    .text               mf_w.l(f2d.o)
    0x08000588   0x08000588   0x00000030   Code   RO         4650    .text               mf_w.l(cdcmple.o)
    0x080005b8   0x080005b8   0x00000038   Code   RO         4652    .text               mf_w.l(d2f.o)
    0x080005f0   0x080005f0   0x0000002c   Code   RO         4671    .text               mc_w.l(uidiv.o)
    0x0800061c   0x0800061c   0x0000001e   Code   RO         4673    .text               mc_w.l(llshl.o)
    0x0800063a   0x0800063a   0x00000020   Code   RO         4675    .text               mc_w.l(llushr.o)
    0x0800065a   0x0800065a   0x00000024   Code   RO         4677    .text               mc_w.l(llsshr.o)
    0x0800067e   0x0800067e   0x00000000   Code   RO         4686    .text               mc_w.l(iusefp.o)
    0x0800067e   0x0800067e   0x0000006e   Code   RO         4687    .text               mf_w.l(fepilogue.o)
    0x080006ec   0x080006ec   0x000000ba   Code   RO         4689    .text               mf_w.l(depilogue.o)
    0x080007a6   0x080007a6   0x00000030   Code   RO         4691    .text               mf_w.l(dfixul.o)
    0x080007d6   0x080007d6   0x00000002   PAD
    0x080007d8   0x080007d8   0x00000030   Code   RO         4693    .text               mf_w.l(cdrcmple.o)
    0x08000808   0x08000808   0x00000024   Code   RO         4695    .text               mc_w.l(init.o)
    0x0800082c   0x0800082c   0x0000003a   Code   RO         4707    .text               mc_w.l(__dczerorl.o)
    0x08000866   0x08000866   0x00000002   PAD
    0x08000868   0x08000868   0x00000024   Code   RO         3723    i.AD5245_Write      sys.o
    0x0800088c   0x0800088c   0x0000015c   Code   RO           16    i.ADC_Init          stm32f4xx_hal_adc.o
    0x080009e8   0x080009e8   0x000000d4   Code   RO         3825    i.CalcOutputK       pid.o
    0x08000abc   0x08000abc   0x00000084   Code   RO         3993    i.DAC_init          da.o
    0x08000b40   0x08000b40   0x00000048   Code   RO         3994    i.DAC_preInit       da.o
    0x08000b88   0x08000b88   0x00000010   Code   RO         4135    i.DMA1_Stream0_IRQHandler  stm32f4xx_it.o
    0x08000b98   0x08000b98   0x00000010   Code   RO         4136    i.DMA1_Stream6_IRQHandler  stm32f4xx_it.o
    0x08000ba8   0x08000ba8   0x00000034   Code   RO         3132    i.DMA_CalcBaseAndBitshift  stm32f4xx_hal_dma.o
    0x08000bdc   0x08000bdc   0x000000aa   Code   RO         3133    i.DMA_CheckFifoParam  stm32f4xx_hal_dma.o
    0x08000c86   0x08000c86   0x00000002   PAD
    0x08000c88   0x08000c88   0x00000050   Code   RO         4137    i.EXTI3_IRQHandler  stm32f4xx_it.o
    0x08000cd8   0x08000cd8   0x00000158   Code   RO         4138    i.EXTI9_5_IRQHandler  stm32f4xx_it.o
    0x08000e30   0x08000e30   0x00000048   Code   RO          411    i.FSMC_NORSRAM_Extended_Timing_Init  stm32f4xx_ll_fsmc.o
    0x08000e78   0x08000e78   0x0000005c   Code   RO          412    i.FSMC_NORSRAM_Init  stm32f4xx_ll_fsmc.o
    0x08000ed4   0x08000ed4   0x00000044   Code   RO          413    i.FSMC_NORSRAM_Timing_Init  stm32f4xx_ll_fsmc.o
    0x08000f18   0x08000f18   0x000000e0   Code   RO         3725    i.GetLightStatus    sys.o
    0x08000ff8   0x08000ff8   0x0000005c   Code   RO         3726    i.Get_Adc           sys.o
    0x08001054   0x08001054   0x0000018c   Code   RO           18    i.HAL_ADC_ConfigChannel  stm32f4xx_hal_adc.o
    0x080011e0   0x080011e0   0x00000008   Code   RO           25    i.HAL_ADC_GetValue  stm32f4xx_hal_adc.o
    0x080011e8   0x080011e8   0x00000068   Code   RO           27    i.HAL_ADC_Init      stm32f4xx_hal_adc.o
    0x08001250   0x08001250   0x00000054   Code   RO         4218    i.HAL_ADC_MspInit   stm32f4xx_hal_msp.o
    0x080012a4   0x080012a4   0x000000ba   Code   RO           31    i.HAL_ADC_PollForConversion  stm32f4xx_hal_adc.o
    0x0800135e   0x0800135e   0x00000002   PAD
    0x08001360   0x08001360   0x00000100   Code   RO           33    i.HAL_ADC_Start     stm32f4xx_hal_adc.o
    0x08001460   0x08001460   0x00000028   Code   RO         3136    i.HAL_DMA_Abort_IT  stm32f4xx_hal_dma.o
    0x08001488   0x08001488   0x00000240   Code   RO         3140    i.HAL_DMA_IRQHandler  stm32f4xx_hal_dma.o
    0x080016c8   0x080016c8   0x000000ec   Code   RO         3141    i.HAL_DMA_Init      stm32f4xx_hal_dma.o
    0x080017b4   0x080017b4   0x00000016   Code   RO         3727    i.HAL_Delay_ms      sys.o
    0x080017ca   0x080017ca   0x0000004e   Code   RO         3728    i.HAL_Delay_us      sys.o
    0x08001818   0x08001818   0x000000a8   Code   RO         4220    i.HAL_FSMC_MspInit  stm32f4xx_hal_msp.o
    0x080018c0   0x080018c0   0x00000002   Code   RO         3026    i.HAL_GPIO_EXTI_Callback  stm32f4xx_hal_gpio.o
    0x080018c2   0x080018c2   0x00000002   PAD
    0x080018c4   0x080018c4   0x0000001c   Code   RO         3027    i.HAL_GPIO_EXTI_IRQHandler  stm32f4xx_hal_gpio.o
    0x080018e0   0x080018e0   0x00000200   Code   RO         3028    i.HAL_GPIO_Init     stm32f4xx_hal_gpio.o
    0x08001ae0   0x08001ae0   0x00000010   Code   RO         3030    i.HAL_GPIO_ReadPin  stm32f4xx_hal_gpio.o
    0x08001af0   0x08001af0   0x0000000c   Code   RO         3032    i.HAL_GPIO_WritePin  stm32f4xx_hal_gpio.o
    0x08001afc   0x08001afc   0x0000000c   Code   RO         3565    i.HAL_GetTick       stm32f4xx_hal.o
    0x08001b08   0x08001b08   0x00000128   Code   RO          660    i.HAL_I2C_Init      stm32f4xx_hal_i2c.o
    0x08001c30   0x08001c30   0x00000188   Code   RO          679    i.HAL_I2C_Mem_Write  stm32f4xx_hal_i2c.o
    0x08001db8   0x08001db8   0x00000100   Code   RO         4222    i.HAL_I2C_MspInit   stm32f4xx_hal_msp.o
    0x08001eb8   0x08001eb8   0x00000018   Code   RO         3569    i.HAL_IncTick       stm32f4xx_hal.o
    0x08001ed0   0x08001ed0   0x0000003c   Code   RO         3570    i.HAL_Init          stm32f4xx_hal.o
    0x08001f0c   0x08001f0c   0x0000004c   Code   RO         3571    i.HAL_InitTick      stm32f4xx_hal.o
    0x08001f58   0x08001f58   0x0000009c   Code   RO         4223    i.HAL_MspInit       stm32f4xx_hal_msp.o
    0x08001ff4   0x08001ff4   0x0000001a   Code   RO         3417    i.HAL_NVIC_EnableIRQ  stm32f4xx_hal_cortex.o
    0x0800200e   0x0800200e   0x0000007c   Code   RO         3423    i.HAL_NVIC_SetPriority  stm32f4xx_hal_cortex.o
    0x0800208a   0x0800208a   0x00000002   PAD
    0x0800208c   0x0800208c   0x00000028   Code   RO         3424    i.HAL_NVIC_SetPriorityGrouping  stm32f4xx_hal_cortex.o
    0x080020b4   0x080020b4   0x00000180   Code   RO         2629    i.HAL_RCC_ClockConfig  stm32f4xx_hal_rcc.o
    0x08002234   0x08002234   0x0000000c   Code   RO         2634    i.HAL_RCC_GetHCLKFreq  stm32f4xx_hal_rcc.o
    0x08002240   0x08002240   0x00000020   Code   RO         2636    i.HAL_RCC_GetPCLK1Freq  stm32f4xx_hal_rcc.o
    0x08002260   0x08002260   0x00000020   Code   RO         2637    i.HAL_RCC_GetPCLK2Freq  stm32f4xx_hal_rcc.o
    0x08002280   0x08002280   0x000000b0   Code   RO         2638    i.HAL_RCC_GetSysClockFreq  stm32f4xx_hal_rcc.o
    0x08002330   0x08002330   0x00000448   Code   RO         2641    i.HAL_RCC_OscConfig  stm32f4xx_hal_rcc.o
    0x08002778   0x08002778   0x0000008c   Code   RO         1111    i.HAL_SPI_Init      stm32f4xx_hal_spi.o
    0x08002804   0x08002804   0x0000005c   Code   RO         4225    i.HAL_SPI_MspInit   stm32f4xx_hal_msp.o
    0x08002860   0x08002860   0x000001a6   Code   RO         1119    i.HAL_SPI_Transmit  stm32f4xx_hal_spi.o
    0x08002a06   0x08002a06   0x00000058   Code   RO          533    i.HAL_SRAM_Init     stm32f4xx_hal_sram.o
    0x08002a5e   0x08002a5e   0x0000000a   Code   RO         4227    i.HAL_SRAM_MspInit  stm32f4xx_hal_msp.o
    0x08002a68   0x08002a68   0x00000028   Code   RO         3426    i.HAL_SYSTICK_CLKSourceConfig  stm32f4xx_hal_cortex.o
    0x08002a90   0x08002a90   0x00000002   Code   RO         3427    i.HAL_SYSTICK_Callback  stm32f4xx_hal_cortex.o
    0x08002a92   0x08002a92   0x00000034   Code   RO         3428    i.HAL_SYSTICK_Config  stm32f4xx_hal_cortex.o
    0x08002ac6   0x08002ac6   0x00000008   Code   RO         3429    i.HAL_SYSTICK_IRQHandler  stm32f4xx_hal_cortex.o
    0x08002ace   0x08002ace   0x00000002   Code   RO         2058    i.HAL_TIMEx_BreakCallback  stm32f4xx_hal_tim_ex.o
    0x08002ad0   0x08002ad0   0x00000002   Code   RO         2059    i.HAL_TIMEx_CommutationCallback  stm32f4xx_hal_tim_ex.o
    0x08002ad2   0x08002ad2   0x00000062   Code   RO         2075    i.HAL_TIMEx_MasterConfigSynchronization  stm32f4xx_hal_tim_ex.o
    0x08002b34   0x08002b34   0x00000034   Code   RO         1419    i.HAL_TIM_Base_Init  stm32f4xx_hal_tim.o
    0x08002b68   0x08002b68   0x00000084   Code   RO         4229    i.HAL_TIM_Base_MspInit  stm32f4xx_hal_msp.o
    0x08002bec   0x08002bec   0x0000001e   Code   RO         1424    i.HAL_TIM_Base_Start_IT  stm32f4xx_hal_tim.o
    0x08002c0a   0x08002c0a   0x00000132   Code   RO         1428    i.HAL_TIM_ConfigClockSource  stm32f4xx_hal_tim.o
    0x08002d3c   0x08002d3c   0x00000002   Code   RO         1448    i.HAL_TIM_IC_CaptureCallback  stm32f4xx_hal_tim.o
    0x08002d3e   0x08002d3e   0x00000196   Code   RO         1461    i.HAL_TIM_IRQHandler  stm32f4xx_hal_tim.o
    0x08002ed4   0x08002ed4   0x00000002   Code   RO         1464    i.HAL_TIM_OC_DelayElapsedCallback  stm32f4xx_hal_tim.o
    0x08002ed6   0x08002ed6   0x00000002   Code   RO         1491    i.HAL_TIM_PWM_PulseFinishedCallback  stm32f4xx_hal_tim.o
    0x08002ed8   0x08002ed8   0x00000002   Code   RO         1498    i.HAL_TIM_PeriodElapsedCallback  stm32f4xx_hal_tim.o
    0x08002eda   0x08002eda   0x00000002   Code   RO         1502    i.HAL_TIM_TriggerCallback  stm32f4xx_hal_tim.o
    0x08002edc   0x08002edc   0x00000002   Code   RO         2318    i.HAL_UART_ErrorCallback  stm32f4xx_hal_uart.o
    0x08002ede   0x08002ede   0x00000002   PAD
    0x08002ee0   0x08002ee0   0x0000014c   Code   RO         2321    i.HAL_UART_IRQHandler  stm32f4xx_hal_uart.o
    0x0800302c   0x0800302c   0x00000072   Code   RO         2322    i.HAL_UART_Init     stm32f4xx_hal_uart.o
    0x0800309e   0x0800309e   0x00000002   PAD
    0x080030a0   0x080030a0   0x0000006c   Code   RO         4231    i.HAL_UART_MspInit  stm32f4xx_hal_msp.o
    0x0800310c   0x0800310c   0x00000064   Code   RO         2327    i.HAL_UART_Receive_IT  stm32f4xx_hal_uart.o
    0x08003170   0x08003170   0x000002a8   Code   RO         4139    i.HAL_UART_RxCpltCallback  stm32f4xx_it.o
    0x08003418   0x08003418   0x000000d6   Code   RO         2330    i.HAL_UART_Transmit  stm32f4xx_hal_uart.o
    0x080034ee   0x080034ee   0x00000002   Code   RO         2333    i.HAL_UART_TxCpltCallback  stm32f4xx_hal_uart.o
    0x080034f0   0x080034f0   0x00000034   Code   RO          698    i.I2C_IsAcknowledgeFailed  stm32f4xx_hal_i2c.o
    0x08003524   0x08003524   0x000000e0   Code   RO          709    i.I2C_RequestMemoryWrite  stm32f4xx_hal_i2c.o
    0x08003604   0x08003604   0x00000056   Code   RO          717    i.I2C_WaitOnBTFFlagUntilTimeout  stm32f4xx_hal_i2c.o
    0x0800365a   0x0800365a   0x0000007c   Code   RO          718    i.I2C_WaitOnFlagUntilTimeout  stm32f4xx_hal_i2c.o
    0x080036d6   0x080036d6   0x000000ac   Code   RO          719    i.I2C_WaitOnMasterAddressFlagUntilTimeout  stm32f4xx_hal_i2c.o
    0x08003782   0x08003782   0x00000056   Code   RO          722    i.I2C_WaitOnTXEFlagUntilTimeout  stm32f4xx_hal_i2c.o
    0x080037d8   0x080037d8   0x00000084   Code   RO         4047    i.MX_ADC3_Init      main.o
    0x0800385c   0x0800385c   0x00000048   Code   RO         4048    i.MX_DMA_Init       main.o
    0x080038a4   0x080038a4   0x00000080   Code   RO         4049    i.MX_FSMC_Init      main.o
    0x08003924   0x08003924   0x000001f4   Code   RO         4050    i.MX_GPIO_Init      main.o
    0x08003b18   0x08003b18   0x00000054   Code   RO         4051    i.MX_I2C1_Init      main.o
    0x08003b6c   0x08003b6c   0x00000060   Code   RO         4052    i.MX_SPI1_Init      main.o
    0x08003bcc   0x08003bcc   0x0000007c   Code   RO         4053    i.MX_TIM3_Init      main.o
    0x08003c48   0x08003c48   0x0000007c   Code   RO         4054    i.MX_TIM4_Init      main.o
    0x08003cc4   0x08003cc4   0x00000050   Code   RO         4055    i.MX_USART1_UART_Init  main.o
    0x08003d14   0x08003d14   0x0000019c   Code   RO         3729    i.MakeMessage       sys.o
    0x08003eb0   0x08003eb0   0x00000070   Code   RO         3826    i.MovingMirrorSpeedUp  pid.o
    0x08003f20   0x08003f20   0x00000010   Code   RO         3430    i.NVIC_GetPriorityGrouping  stm32f4xx_hal_cortex.o
    0x08003f30   0x08003f30   0x00000028   Code   RO         3431    i.NVIC_SetPriority  stm32f4xx_hal_cortex.o
    0x08003f58   0x08003f58   0x000000dc   Code   RO         3827    i.OutputDrive       pid.o
    0x08004034   0x08004034   0x000000ec   Code   RO         3828    i.PIDCalc           pid.o
    0x08004120   0x08004120   0x000003e4   Code   RO         3829    i.PIDInit           pid.o
    0x08004504   0x08004504   0x00000074   Code   RO         3830    i.PIDReset          pid.o
    0x08004578   0x08004578   0x00000090   Code   RO         3831    i.PIDSpeedCtrl      pid.o
    0x08004608   0x08004608   0x000000cc   Code   RO         3832    i.ResolutionInit    pid.o
    0x080046d4   0x080046d4   0x00000110   Code   RO         3910    i.SHT_Cal_TH        shtxx.o
    0x080047e4   0x080047e4   0x000000a0   Code   RO         3911    i.SHT_Mea_TH        shtxx.o
    0x08004884   0x08004884   0x000000b8   Code   RO         3912    i.SHT_Rea_Byte      shtxx.o
    0x0800493c   0x0800493c   0x0000008c   Code   RO         3915    i.SHT_Tra_Sta       shtxx.o
    0x080049c8   0x080049c8   0x000000a4   Code   RO         3916    i.SHT_Wri_Byte      shtxx.o
    0x08004a6c   0x08004a6c   0x00000028   Code   RO         1135    i.SPI_CheckFlag_BSY  stm32f4xx_hal_spi.o
    0x08004a94   0x08004a94   0x000000aa   Code   RO         1153    i.SPI_WaitFlagStateUntilTimeout  stm32f4xx_hal_spi.o
    0x08004b3e   0x08004b3e   0x00000002   PAD
    0x08004b40   0x08004b40   0x0000001c   Code   RO         3917    i.SetDataIn         shtxx.o
    0x08004b5c   0x08004b5c   0x0000001c   Code   RO         3918    i.SetDataOut        shtxx.o
    0x08004b78   0x08004b78   0x00000014   Code   RO         3730    i.SetOutput         sys.o
    0x08004b8c   0x08004b8c   0x0000007a   Code   RO         3919    i.ShtMeasure        shtxx.o
    0x08004c06   0x08004c06   0x0000000c   Code   RO         4140    i.SysTick_Handler   stm32f4xx_it.o
    0x08004c12   0x08004c12   0x00000002   PAD
    0x08004c14   0x08004c14   0x000000e0   Code   RO         4056    i.SystemClock_Config  main.o
    0x08004cf4   0x08004cf4   0x00000064   Code   RO         4327    i.SystemInit        system_stm32f4xx.o
    0x08004d58   0x08004d58   0x0000009c   Code   RO         3731    i.SystemReset       sys.o
    0x08004df4   0x08004df4   0x00000448   Code   RO         4141    i.TIM3_IRQHandler   stm32f4xx_it.o
    0x0800523c   0x0800523c   0x000006e4   Code   RO         4142    i.TIM4_IRQHandler   stm32f4xx_it.o
    0x08005920   0x08005920   0x000000e4   Code   RO         1503    i.TIM_Base_SetConfig  stm32f4xx_hal_tim.o
    0x08005a04   0x08005a04   0x00000018   Code   RO         1510    i.TIM_ETR_SetConfig  stm32f4xx_hal_tim.o
    0x08005a1c   0x08005a1c   0x00000014   Code   RO         1511    i.TIM_ITRx_SetConfig  stm32f4xx_hal_tim.o
    0x08005a30   0x08005a30   0x0000002a   Code   RO         1517    i.TIM_TI1_ConfigInputStage  stm32f4xx_hal_tim.o
    0x08005a5a   0x08005a5a   0x0000002c   Code   RO         1519    i.TIM_TI2_ConfigInputStage  stm32f4xx_hal_tim.o
    0x08005a86   0x08005a86   0x00000014   Code   RO         2335    i.UART_DMAAbortOnError  stm32f4xx_hal_uart.o
    0x08005a9a   0x08005a9a   0x00000020   Code   RO         2345    i.UART_EndRxTransfer  stm32f4xx_hal_uart.o
    0x08005aba   0x08005aba   0x00000020   Code   RO         2346    i.UART_EndTransmit_IT  stm32f4xx_hal_uart.o
    0x08005ada   0x08005ada   0x0000009a   Code   RO         2348    i.UART_Receive_IT   stm32f4xx_hal_uart.o
    0x08005b74   0x08005b74   0x00000368   Code   RO         2349    i.UART_SetConfig    stm32f4xx_hal_uart.o
    0x08005edc   0x08005edc   0x00000068   Code   RO         2350    i.UART_Transmit_IT  stm32f4xx_hal_uart.o
    0x08005f44   0x08005f44   0x0000006c   Code   RO         2351    i.UART_WaitOnFlagUntilTimeout  stm32f4xx_hal_uart.o
    0x08005fb0   0x08005fb0   0x00000010   Code   RO         4143    i.USART1_IRQHandler  stm32f4xx_it.o
    0x08005fc0   0x08005fc0   0x00000050   Code   RO         3997    i.Write_AD_5791     da.o
    0x08006010   0x08006010   0x00000004   Code   RO         4057    i._Error_Handler    main.o
    0x08006014   0x08006014   0x00000028   Code   RO         4614    i.__0sprintf        mc_w.l(printfa.o)
    0x0800603c   0x0800603c   0x0000003a   Code   RO         4360    i.__hardfp_sqrtf    m_wm.l(sqrtf.o)
    0x08006076   0x08006076   0x0000000e   Code   RO         4701    i.__scatterload_copy  mc_w.l(handlers.o)
    0x08006084   0x08006084   0x00000002   Code   RO         4702    i.__scatterload_null  mc_w.l(handlers.o)
    0x08006086   0x08006086   0x0000000e   Code   RO         4703    i.__scatterload_zeroinit  mc_w.l(handlers.o)
    0x08006094   0x08006094   0x0000000c   Code   RO         4681    i.__set_errno       mc_w.l(errno.o)
    0x080060a0   0x080060a0   0x00000184   Code   RO         4619    i._fp_digits        mc_w.l(printfa.o)
    0x08006224   0x08006224   0x000006dc   Code   RO         4620    i._printf_core      mc_w.l(printfa.o)
    0x08006900   0x08006900   0x00000024   Code   RO         4621    i._printf_post_padding  mc_w.l(printfa.o)
    0x08006924   0x08006924   0x0000002e   Code   RO         4622    i._printf_pre_padding  mc_w.l(printfa.o)
    0x08006952   0x08006952   0x0000000a   Code   RO         4624    i._sputc            mc_w.l(printfa.o)
    0x0800695c   0x0800695c   0x0000007c   Code   RO         4058    i.main              main.o
    0x080069d8   0x080069d8   0x00000018   Code   RO         3834    i.preStartMove      pid.o
    0x080069f0   0x080069f0   0x00000008   Data   RO         3147    .constdata          stm32f4xx_hal_dma.o
    0x080069f8   0x080069f8   0x00000018   Data   RO         4328    .constdata          system_stm32f4xx.o
    0x08006a10   0x08006a10   0x00000020   Data   RO         4699    Region$$Table       anon$$obj.o


    Execution Region RW_IRAM1 (Exec base: 0x20000000, Load base: 0x08006a30, Size: 0x000085b8, Max: 0x00020000, ABSOLUTE, COMPRESSED[0x00000034])

    Exec Addr    Load Addr    Size         Type   Attr      Idx    E Section Name        Object

    0x20000000   COMPRESSED   0x00000009   Data   RW         3577    .data               stm32f4xx_hal.o
    0x20000009   COMPRESSED   0x00000003   PAD
    0x2000000c   COMPRESSED   0x00000104   Data   RW         3733    .data               sys.o
    0x20000110   COMPRESSED   0x00000050   Data   RW         3835    .data               pid.o
    0x20000160   COMPRESSED   0x00000014   Data   RW         3920    .data               shtxx.o
    0x20000174   COMPRESSED   0x00000011   Data   RW         4145    .data               stm32f4xx_it.o
    0x20000185   COMPRESSED   0x00000003   PAD
    0x20000188   COMPRESSED   0x00000008   Data   RW         4232    .data               stm32f4xx_hal_msp.o
    0x20000190   COMPRESSED   0x00000004   Data   RW         4329    .data               system_stm32f4xx.o
    0x20000194   COMPRESSED   0x00000004   Data   RW         4682    .data               mc_w.l(errno.o)
    0x20000198        -       0x00007d60   Zero   RW         3732    .bss                sys.o
    0x20007ef8        -       0x000002bc   Zero   RW         4059    .bss                main.o
    0x200081b4   COMPRESSED   0x00000004   PAD
    0x200081b8        -       0x00000400   Zero   RW            1    STACK               startup_stm32f407xx.o


==============================================================================

Image component sizes


      Code (inc. data)   RO Data    RW Data    ZI Data      Debug   Object Name

       284         32          0          0          0       1809   da.o
      1692        268          0          0        700       8085   main.o
      2264        306          0         80          0       6505   pid.o
      1098         84          0         20          0       6024   shtxx.o
        36          8        392          0       1024        876   startup_stm32f407xx.o
       172         32          0          9          0       4169   stm32f4xx_hal.o
      1298         46          0          0          0     725658   stm32f4xx_hal_adc.o
       348         22          0          0          0      33021   stm32f4xx_hal_cortex.o
      1074         16          8          0          0       4787   stm32f4xx_hal_dma.o
       570         50          0          0          0       4439   stm32f4xx_hal_gpio.o
      1432         24          0          0          0       8407   stm32f4xx_hal_i2c.o
      1006        132          0          8          0       6305   stm32f4xx_hal_msp.o
      1732         84          0          0          0       5820   stm32f4xx_hal_rcc.o
       772          0          0          0          0       4238   stm32f4xx_hal_spi.o
        88          0          0          0          0       1284   stm32f4xx_hal_sram.o
      1162         44          0          0          0      10655   stm32f4xx_hal_tim.o
       102          0          0          0          0       2498   stm32f4xx_hal_tim_ex.o
      2086         14          0          0          0      10483   stm32f4xx_hal_uart.o
      4024        690          0         17          0       8410   stm32f4xx_it.o
       232         10          0          0          0       2891   stm32f4xx_ll_fsmc.o
      1040        186          0        260      32096      10497   sys.o
       100         18         24          4          0       1275   system_stm32f4xx.o

    ----------------------------------------------------------------------
     22628       2066        456        404      33824     868136   Object Totals
         0          0         32          0          0          0   (incl. Generated)
        16          0          0          6          4          0   (incl. Padding)

    ----------------------------------------------------------------------

      Code (inc. data)   RO Data    RW Data    ZI Data      Debug   Library Member Name

        58          0          0          0          0        136   sqrtf.o
        58          0          0          0          0          0   __dczerorl.o
         0          0          0          0          0          0   entry.o
         0          0          0          0          0          0   entry10a.o
         0          0          0          0          0          0   entry11a.o
         8          4          0          0          0          0   entry2.o
         4          0          0          0          0          0   entry5.o
         0          0          0          0          0          0   entry7b.o
         0          0          0          0          0          0   entry8b.o
         8          4          0          0          0          0   entry9a.o
        12          6          0          4          0         68   errno.o
        30          0          0          0          0          0   handlers.o
        36          8          0          0          0         68   init.o
         0          0          0          0          0          0   iusefp.o
        30          0          0          0          0         68   llshl.o
        36          0          0          0          0         68   llsshr.o
        32          0          0          0          0         68   llushr.o
      2276         86          0          0          0        520   printfa.o
        14          0          0          0          0         68   strlen.o
        44          0          0          0          0         80   uidiv.o
        98          0          0          0          0         92   uldiv.o
        48          0          0          0          0         68   cdcmple.o
        48          0          0          0          0         68   cdrcmple.o
        56          0          0          0          0         88   d2f.o
       334          0          0          0          0        148   dadd.o
       222          0          0          0          0        100   ddiv.o
       186          0          0          0          0        176   depilogue.o
        48          0          0          0          0         68   dfixul.o
        34          0          0          0          0         76   dflti.o
       228          0          0          0          0         96   dmul.o
        38          0          0          0          0         68   f2d.o
       110          0          0          0          0        168   fepilogue.o

    ----------------------------------------------------------------------
      4100        108          0          4          0       2360   Library Totals
         4          0          0          0          0          0   (incl. Padding)

    ----------------------------------------------------------------------

      Code (inc. data)   RO Data    RW Data    ZI Data      Debug   Library Name

        58          0          0          0          0        136   m_wm.l
      2686        108          0          4          0       1100   mc_w.l
      1352          0          0          0          0       1124   mf_w.l

    ----------------------------------------------------------------------
      4100        108          0          4          0       2360   Library Totals

    ----------------------------------------------------------------------

==============================================================================


      Code (inc. data)   RO Data    RW Data    ZI Data      Debug   

     26728       2174        456        408      33824     856236   Grand Totals
     26728       2174        456         52      33824     856236   ELF Image Totals (compressed)
     26728       2174        456         52          0          0   ROM Totals

==============================================================================

    Total RO  Size (Code + RO Data)                27184 (  26.55kB)
    Total RW  Size (RW Data + ZI Data)             34232 (  33.43kB)
    Total ROM Size (Code + RO Data + RW Data)      27236 (  26.60kB)

==============================================================================

